id: cannot find name for user ID 111119
id: cannot find name for group ID 110021
id: cannot find name for user ID 111119
./main: error while loading shared libraries: libc.so.6: failed to map segment from shared object: Cannot allocate memory
--- SharcNET Job Epilogue ---
              job id: 9044197
         exit status: 127
            cpu time: 0 / 1.0h (0 %)
        elapsed time: 2s / 1.0h (0 %)

WARNING: Execution of command failed
WARNING: Job only used 0 % of its requested walltime.
WARNING: Job only used 0 % of its requested cpu time.
WARNING: Job only used 0 % of allocated cpu time.
id: cannot find name for user ID 111119
id: cannot find name for group ID 110021
id: cannot find name for user ID 111119
./main: error while loading shared libraries: libc.so.6: failed to map segment from shared object: Cannot allocate memory
--- SharcNET Job Epilogue ---
              job id: 9044282
         exit status: 127
            cpu time: 0 / 1.0h (0 %)
        elapsed time: 1s / 1.0h (0 %)

WARNING: Execution of command failed
WARNING: Job only used 0 % of its requested walltime.
WARNING: Job only used 0 % of its requested cpu time.
WARNING: Job only used 0 % of allocated cpu time.
0.152589
0.152589
Q_ABC: 0.00273969 Q_D:1.08703
Free deltaE: -0.344564 Phi-star: 0.0013956 phi-D: 0.00190362 0
Q_ABC: 0.00274401 Q_D:1.08704
Free deltaE: -0.344579 Phi-star: 0.00139798 phi-D: 0.00190503 0
Q_ABC: 0.00275057 Q_D:1.08706
Free deltaE: -0.344603 Phi-star: 0.00140159 phi-D: 0.00190715 0
Q_ABC: 0.00275938 Q_D:1.08709
Free deltaE: -0.344635 Phi-star: 0.00140643 phi-D: 0.00190997 0
Q_ABC: 0.00277047 Q_D:1.08713
Free deltaE: -0.344674 Phi-star: 0.00141252 phi-D: 0.00191351 0
Q_ABC: 0.00278385 Q_D:1.08717
Free deltaE: -0.344722 Phi-star: 0.00141988 phi-D: 0.00191777 0
Q_ABC: 0.00279956 Q_D:1.08722
Free deltaE: -0.344777 Phi-star: 0.00142851 phi-D: 0.00192275 0
Q_ABC: 0.00281763 Q_D:1.08727
Free deltaE: -0.344841 Phi-star: 0.00143845 phi-D: 0.00192848 0
Q_ABC: 0.00283811 Q_D:1.08734
Free deltaE: -0.344912 Phi-star: 0.00144972 phi-D: 0.00193495 0
Q_ABC: 0.00286104 Q_D:1.08741
Free deltaE: -0.344992 Phi-star: 0.00146234 phi-D: 0.00194217 0
Q_ABC: 0.00288648 Q_D:1.08749
Free deltaE: -0.345079 Phi-star: 0.00147635 phi-D: 0.00195017 0
Q_ABC: 0.00291448 Q_D:1.08757
Free deltaE: -0.345175 Phi-star: 0.00149178 phi-D: 0.00195896 0
Q_ABC: 0.00294512 Q_D:1.08766
Free deltaE: -0.345278 Phi-star: 0.00150868 phi-D: 0.00196855 0
Q_ABC: 0.00297847 Q_D:1.08776
Free deltaE: -0.345389 Phi-star: 0.00152709 phi-D: 0.00197896 0
Q_ABC: 0.00301461 Q_D:1.08787
Free deltaE: -0.345509 Phi-star: 0.00154706 phi-D: 0.00199022 0
Q_ABC: 0.00305363 Q_D:1.08798
Free deltaE: -0.345636 Phi-star: 0.00156864 phi-D: 0.00200234 0
Q_ABC: 0.00309563 Q_D:1.0881
Free deltaE: -0.345772 Phi-star: 0.00159188 phi-D: 0.00201534 0
Q_ABC: 0.00314071 Q_D:1.08822
Free deltaE: -0.345915 Phi-star: 0.00161687 phi-D: 0.00202926 0
Q_ABC: 0.00318899 Q_D:1.08836
Free deltaE: -0.346067 Phi-star: 0.00164365 phi-D: 0.00204412 0
Q_ABC: 0.00324058 Q_D:1.0885
Free deltaE: -0.346226 Phi-star: 0.00167232 phi-D: 0.00205996 0
Q_ABC: 0.00329564 Q_D:1.08864
Free deltaE: -0.346394 Phi-star: 0.00170294 phi-D: 0.00207679 0
Q_ABC: 0.00335428 Q_D:1.0888
Free deltaE: -0.346569 Phi-star: 0.0017356 phi-D: 0.00209467 0
Q_ABC: 0.00341668 Q_D:1.08896
Free deltaE: -0.346753 Phi-star: 0.00177041 phi-D: 0.00211361 0
Q_ABC: 0.003483 Q_D:1.08913
Free deltaE: -0.346944 Phi-star: 0.00180745 phi-D: 0.00213367 0
Q_ABC: 0.00355341 Q_D:1.0893
Free deltaE: -0.347144 Phi-star: 0.00184685 phi-D: 0.00215489 0
Q_ABC: 0.00362811 Q_D:1.08948
Free deltaE: -0.347351 Phi-star: 0.00188871 phi-D: 0.00217731 0
Q_ABC: 0.00370731 Q_D:1.08967
Free deltaE: -0.347566 Phi-star: 0.00193316 phi-D: 0.00220097 0
Q_ABC: 0.00379121 Q_D:1.08987
Free deltaE: -0.347789 Phi-star: 0.00198034 phi-D: 0.00222593 0
Q_ABC: 0.00388007 Q_D:1.09007
Free deltaE: -0.34802 Phi-star: 0.00203039 phi-D: 0.00225225 0
Q_ABC: 0.00397413 Q_D:1.09028
Free deltaE: -0.348258 Phi-star: 0.00208348 phi-D: 0.00227998 0
Q_ABC: 0.00407366 Q_D:1.09049
Free deltaE: -0.348503 Phi-star: 0.00213976 phi-D: 0.00230919 0
Q_ABC: 0.00417895 Q_D:1.09072
Free deltaE: -0.348756 Phi-star: 0.00219941 phi-D: 0.00233993 0
Q_ABC: 0.00429031 Q_D:1.09095
Free deltaE: -0.349017 Phi-star: 0.00226264 phi-D: 0.00237228 0
Q_ABC: 0.00440809 Q_D:1.09118
Free deltaE: -0.349284 Phi-star: 0.00232966 phi-D: 0.00240631 0
Q_ABC: 0.00453262 Q_D:1.09143
Free deltaE: -0.349558 Phi-star: 0.00240067 phi-D: 0.00244211 0
Q_ABC: 0.00466431 Q_D:1.09168
Free deltaE: -0.349838 Phi-star: 0.00247593 phi-D: 0.00247975 0
Q_ABC: 0.00480355 Q_D:1.09193
Free deltaE: -0.350124 Phi-star: 0.0025557 phi-D: 0.00251933 0
Q_ABC: 0.00495078 Q_D:1.0922
Free deltaE: -0.350416 Phi-star: 0.00264024 phi-D: 0.00256094 0
Q_ABC: 0.00510648 Q_D:1.09247
Free deltaE: -0.350714 Phi-star: 0.00272987 phi-D: 0.00260468 0
Q_ABC: 0.00527114 Q_D:1.09275
Free deltaE: -0.351016 Phi-star: 0.0028249 phi-D: 0.00265066 0
Q_ABC: 0.00544532 Q_D:1.09303
Free deltaE: -0.351323 Phi-star: 0.00292567 phi-D: 0.00269899 0
Q_ABC: 0.00562958 Q_D:1.09332
Free deltaE: -0.351633 Phi-star: 0.00303257 phi-D: 0.0027498 0
Q_ABC: 0.00582455 Q_D:1.09362
Free deltaE: -0.351946 Phi-star: 0.00314598 phi-D: 0.00280322 0
Q_ABC: 0.00603091 Q_D:1.09393
Free deltaE: -0.352261 Phi-star: 0.00326635 phi-D: 0.00285938 0
Q_ABC: 0.00624935 Q_D:1.09424
Free deltaE: -0.352577 Phi-star: 0.00339414 phi-D: 0.00291843 0
Q_ABC: 0.00648066 Q_D:1.09456
Free deltaE: -0.352893 Phi-star: 0.00352985 phi-D: 0.00298053 0
Q_ABC: 0.00672565 Q_D:1.09488
Free deltaE: -0.353208 Phi-star: 0.00367401 phi-D: 0.00304583 0
Q_ABC: 0.00698522 Q_D:1.09521
Free deltaE: -0.35352 Phi-star: 0.00382721 phi-D: 0.00311453 0
Q_ABC: 0.00726031 Q_D:1.09555
Free deltaE: -0.353827 Phi-star: 0.00399009 phi-D: 0.00318681 0
Q_ABC: 0.00755196 Q_D:1.0959
Free deltaE: -0.354129 Phi-star: 0.00416331 phi-D: 0.00326287 0
Q_ABC: 0.00786126 Q_D:1.09625
Free deltaE: -0.354421 Phi-star: 0.00434762 phi-D: 0.00334292 0
Q_ABC: 0.0081894 Q_D:1.09661
Free deltaE: -0.354703 Phi-star: 0.00454379 phi-D: 0.00342719 0
Q_ABC: 0.00853765 Q_D:1.09698
Free deltaE: -0.354972 Phi-star: 0.0047527 phi-D: 0.00351592 0
Q_ABC: 0.00890739 Q_D:1.09735
Free deltaE: -0.355223 Phi-star: 0.00497525 phi-D: 0.00360938 0
Q_ABC: 0.0093001 Q_D:1.09773
Free deltaE: -0.355455 Phi-star: 0.00521246 phi-D: 0.00370784 0
Q_ABC: 0.00971736 Q_D:1.09812
Free deltaE: -0.355662 Phi-star: 0.0054654 phi-D: 0.0038116 0
Q_ABC: 0.0101609 Q_D:1.09851
Free deltaE: -0.355841 Phi-star: 0.00573524 phi-D: 0.00392096 0
Q_ABC: 0.0106325 Q_D:1.09891
Free deltaE: -0.355986 Phi-star: 0.00602326 phi-D: 0.00403627 0
Q_ABC: 0.0111343 Q_D:1.09932
Free deltaE: -0.356091 Phi-star: 0.00633082 phi-D: 0.00415789 0
Q_ABC: 0.0116684 Q_D:1.09973
Free deltaE: -0.35615 Phi-star: 0.00665942 phi-D: 0.00428619 0
Q_ABC: 0.012237 Q_D:1.10015
Free deltaE: -0.356155 Phi-star: 0.00701066 phi-D: 0.00442158 0
Q_ABC: 0.0128427 Q_D:1.10058
Free deltaE: -0.356099 Phi-star: 0.0073863 phi-D: 0.00456451 0
Q_ABC: 0.0134883 Q_D:1.10101
Free deltaE: -0.35597 Phi-star: 0.00778823 phi-D: 0.00471543 0
Q_ABC: 0.0141765 Q_D:1.10146
Free deltaE: -0.355758 Phi-star: 0.00821852 phi-D: 0.00487485 0
Q_ABC: 0.0149107 Q_D:1.1019
Free deltaE: -0.355452 Phi-star: 0.00867941 phi-D: 0.00504329 0
Q_ABC: 0.0156941 Q_D:1.10236
Free deltaE: -0.355036 Phi-star: 0.00917332 phi-D: 0.00522132 0
Q_ABC: 0.0165305 Q_D:1.10282
Free deltaE: -0.354494 Phi-star: 0.00970289 phi-D: 0.00540956 0
Q_ABC: 0.0174239 Q_D:1.10329
Free deltaE: -0.353809 Phi-star: 0.010271 phi-D: 0.00560865 0
Q_ABC: 0.0183786 Q_D:1.10376
Free deltaE: -0.35296 Phi-star: 0.0108808 phi-D: 0.00581928 0
Q_ABC: 0.0193992 Q_D:1.10424
Free deltaE: -0.351923 Phi-star: 0.0115356 phi-D: 0.00604219 0
Q_ABC: 0.0204909 Q_D:1.10473
Free deltaE: -0.350671 Phi-star: 0.0122391 phi-D: 0.00627819 0
Q_ABC: 0.021659 Q_D:1.10522
Free deltaE: -0.349175 Phi-star: 0.0129954 phi-D: 0.00652811 0
Q_ABC: 0.0229096 Q_D:1.10572
Free deltaE: -0.347398 Phi-star: 0.0138089 phi-D: 0.00679287 0
Q_ABC: 0.0242489 Q_D:1.10623
Free deltaE: -0.345301 Phi-star: 0.0146842 phi-D: 0.00707343 0
Q_ABC: 0.0256841 Q_D:1.10675
Free deltaE: -0.34284 Phi-star: 0.0156267 phi-D: 0.00737083 0
Q_ABC: 0.0272225 Q_D:1.10727
Free deltaE: -0.339962 Phi-star: 0.0166418 phi-D: 0.00768618 0
Q_ABC: 0.0288724 Q_D:1.10779
Free deltaE: -0.336608 Phi-star: 0.0177359 phi-D: 0.00802067 0
Q_ABC: 0.0306425 Q_D:1.10833
Free deltaE: -0.332712 Phi-star: 0.0189155 phi-D: 0.00837556 0
Q_ABC: 0.0325425 Q_D:1.10887
Free deltaE: -0.328195 Phi-star: 0.020188 phi-D: 0.00875221 0
Q_ABC: 0.0345828 Q_D:1.10941
Free deltaE: -0.322971 Phi-star: 0.0215614 phi-D: 0.00915206 0
Q_ABC: 0.0367744 Q_D:1.10997
Free deltaE: -0.316938 Phi-star: 0.0230443 phi-D: 0.00957667 0
Q_ABC: 0.0391297 Q_D:1.11053
Free deltaE: -0.309981 Phi-star: 0.0246462 phi-D: 0.0100277 0
Q_ABC: 0.0416618 Q_D:1.11109
Free deltaE: -0.301968 Phi-star: 0.0263775 phi-D: 0.0105068 0
Q_ABC: 0.044385 Q_D:1.11166
Free deltaE: -0.292748 Phi-star: 0.0282492 phi-D: 0.0110161 0
Q_ABC: 0.0473148 Q_D:1.11224
Free deltaE: -0.282146 Phi-star: 0.0302737 phi-D: 0.0115573 0
Q_ABC: 0.050468 Q_D:1.11283
Free deltaE: -0.269964 Phi-star: 0.0324643 phi-D: 0.0121328 0
Q_ABC: 0.0538626 Q_D:1.11342
Free deltaE: -0.255974 Phi-star: 0.0348355 phi-D: 0.0127447 0
Q_ABC: 0.0575183 Q_D:1.11401
Free deltaE: -0.239912 Phi-star: 0.0374031 phi-D: 0.0133956 0
Q_ABC: 0.0614563 Q_D:1.11462
Free deltaE: -0.221479 Phi-star: 0.0401843 phi-D: 0.0140879 0
Q_ABC: 0.0656997 Q_D:1.11523
Free deltaE: -0.200329 Phi-star: 0.0431978 phi-D: 0.0148244 0
Q_ABC: 0.0702731 Q_D:1.11584
Free deltaE: -0.176064 Phi-star: 0.046464 phi-D: 0.015608 0
Q_ABC: 0.0752034 Q_D:1.11646
Free deltaE: -0.14823 Phi-star: 0.0500049 phi-D: 0.0164419 0
Q_ABC: 0.0805195 Q_D:1.11709
Free deltaE: -0.116303 Phi-star: 0.0538444 phi-D: 0.0173292 0
Q_ABC: 0.0862524 Q_D:1.11772
Free deltaE: -0.0796824 Phi-star: 0.0580088 phi-D: 0.0182734 0
Q_ABC: 0.0924359 Q_D:1.11836
Free deltaE: -0.0376787 Phi-star: 0.062526 phi-D: 0.0192782 0
Q_ABC: 0.0991058 Q_D:1.119
Free deltaE: 0.0104991 Phi-star: 0.0674267 phi-D: 0.0203473 0
Q_ABC: 0.106301 Q_D:1.11965
Free deltaE: 0.0657581 Phi-star: 0.0727437 phi-D: 0.0214849 0
Q_ABC: 0.114063 Q_D:1.1203
Free deltaE: 0.129138 Phi-star: 0.0785128 phi-D: 0.0226951 0
Q_ABC: 0.122437 Q_D:1.12096
Free deltaE: 0.201829 Phi-star: 0.0847724 phi-D: 0.0239824 0
Q_ABC: 0.13147 Q_D:1.12162
Free deltaE: 0.285194 Phi-star: 0.0915636 phi-D: 0.0253512 0
Q_ABC: 0.141212 Q_D:1.12229
Free deltaE: 0.380788 Phi-star: 0.098931 phi-D: 0.0268065 0
Q_ABC: 0.151719 Q_D:1.12296
Free deltaE: 0.490388 Phi-star: 0.106922 phi-D: 0.0283532 0
Q_ABC: 0.163048 Q_D:1.12363
Free deltaE: 0.616017 Phi-star: 0.115588 phi-D: 0.0299963 0
Q_ABC: 0.175259 Q_D:1.12431
Free deltaE: 0.75998 Phi-star: 0.124982 phi-D: 0.031741 0
Q_ABC: 0.188418 Q_D:1.125
Free deltaE: 0.92489 Phi-star: 0.135162 phi-D: 0.0335928 0
Q_ABC: 0.202591 Q_D:1.12568
Free deltaE: 1.11371 Phi-star: 0.14619 phi-D: 0.0355568 0
Q_ABC: 0.217851 Q_D:1.12637
Free deltaE: 1.32979 Phi-star: 0.15813 phi-D: 0.0376387 0
Q_ABC: 0.234271 Q_D:1.12707
Free deltaE: 1.5769 Phi-star: 0.17105 phi-D: 0.0398437 0
Q_ABC: 0.25193 Q_D:1.12776
Free deltaE: 1.85928 Phi-star: 0.18502 phi-D: 0.0421772 0
Q_ABC: 0.270906 Q_D:1.12846
Free deltaE: 2.1817 Phi-star: 0.200115 phi-D: 0.0446443 0
Q_ABC: 0.291283 Q_D:1.12915
Free deltaE: 2.54945 Phi-star: 0.216411 phi-D: 0.04725 0
Q_ABC: 0.313144 Q_D:1.12985
Free deltaE: 2.96844 Phi-star: 0.233986 phi-D: 0.049999 0
Q_ABC: 0.336575 Q_D:1.13055
Free deltaE: 3.4452 Phi-star: 0.252922 phi-D: 0.0528955 0
Q_ABC: 0.361662 Q_D:1.13125
Free deltaE: 3.98695 Phi-star: 0.273299 phi-D: 0.0559433 0
Q_ABC: 0.388489 Q_D:1.13195
Free deltaE: 4.60158 Phi-star: 0.295198 phi-D: 0.0591456 0
Q_ABC: 0.417141 Q_D:1.13265
Free deltaE: 5.29771 Phi-star: 0.318701 phi-D: 0.0625048 0
Q_ABC: 0.447697 Q_D:1.13334
Free deltaE: 6.0847 Phi-star: 0.343886 phi-D: 0.0660225 0
Q_ABC: 0.480235 Q_D:1.13403
Free deltaE: 6.97258 Phi-star: 0.370827 phi-D: 0.0696992 0
Q_ABC: 0.514825 Q_D:1.13472
Free deltaE: 7.97212 Phi-star: 0.399596 phi-D: 0.0735344 0
Q_ABC: 0.55153 Q_D:1.1354
Free deltaE: 9.09467 Phi-star: 0.430256 phi-D: 0.0775262 0
Q_ABC: 0.590403 Q_D:1.13608
Free deltaE: 10.3521 Phi-star: 0.462861 phi-D: 0.0816713 0
Q_ABC: 0.631486 Q_D:1.13675
Free deltaE: 11.7569 Phi-star: 0.497458 phi-D: 0.0859646 0
Q_ABC: 0.674806 Q_D:1.13742
Free deltaE: 13.3215 Phi-star: 0.534076 phi-D: 0.0903995 0
Q_ABC: 0.720375 Q_D:1.13807
Free deltaE: 15.0587 Phi-star: 0.572734 phi-D: 0.0949673 0
Q_ABC: 0.768185 Q_D:1.13872
Free deltaE: 16.9807 Phi-star: 0.613429 phi-D: 0.0996574 0
Q_ABC: 0.818205 Q_D:1.13936
Free deltaE: 19.0995 Phi-star: 0.656139 phi-D: 0.104457 0
Q_ABC: 0.870383 Q_D:1.13998
Free deltaE: 21.4261 Phi-star: 0.70082 phi-D: 0.109351 0
Q_ABC: 0.924639 Q_D:1.14059
Free deltaE: 23.9698 Phi-star: 0.747401 phi-D: 0.114323 0
Q_ABC: 0.980865 Q_D:1.14119
Free deltaE: 26.7383 Phi-star: 0.795785 phi-D: 0.119352 0
Q_ABC: 1.03892 Q_D:1.14177
Free deltaE: 29.7367 Phi-star: 0.845845 phi-D: 0.124417 0
Q_ABC: 1.09864 Q_D:1.14234
Free deltaE: 32.9669 Phi-star: 0.897422 phi-D: 0.129494 0
Q_ABC: 1.15982 Q_D:1.14289
Free deltaE: 36.4274 Phi-star: 0.950326 phi-D: 0.134557 0
Q_ABC: 1.22223 Q_D:1.14341
Free deltaE: 40.1121 Phi-star: 1.00433 phi-D: 0.139579 0
Q_ABC: 1.28559 Q_D:1.14392
Free deltaE: 44.0103 Phi-star: 1.05919 phi-D: 0.144529 0
Q_ABC: 1.34963 Q_D:1.14441
Free deltaE: 48.106 Phi-star: 1.11462 phi-D: 0.149379 0
Q_ABC: 1.414 Q_D:1.14487
Free deltaE: 52.3775 Phi-star: 1.1703 phi-D: 0.154097 0
Q_ABC: 1.47838 Q_D:1.14532
Free deltaE: 56.7976 Phi-star: 1.2259 phi-D: 0.158652 0
Q_ABC: 1.54238 Q_D:1.14573
Free deltaE: 61.3335 Phi-star: 1.28107 phi-D: 0.163012 0
Q_ABC: 1.60564 Q_D:1.14613
Free deltaE: 65.9472 Phi-star: 1.33544 phi-D: 0.167149 0
Q_ABC: 1.66777 Q_D:1.14649
Free deltaE: 70.5957 Phi-star: 1.38863 phi-D: 0.171034 0
Q_ABC: 1.72837 Q_D:1.14683
Free deltaE: 75.2326 Phi-star: 1.44026 phi-D: 0.17464 0
Q_ABC: 1.78707 Q_D:1.14714
Free deltaE: 79.8083 Phi-star: 1.48997 phi-D: 0.177944 0
Q_ABC: 1.8435 Q_D:1.14743
Free deltaE: 84.2718 Phi-star: 1.5374 phi-D: 0.180923 0
Q_ABC: 1.8973 Q_D:1.14769
Free deltaE: 88.5718 Phi-star: 1.5822 phi-D: 0.183562 0
Q_ABC: 1.94815 Q_D:1.14792
Free deltaE: 92.6579 Phi-star: 1.62407 phi-D: 0.185845 0
Q_ABC: 1.99575 Q_D:1.14812
Free deltaE: 96.4826 Phi-star: 1.66273 phi-D: 0.187763 0
Q_ABC: 2.03985 Q_D:1.1483
Free deltaE: 100.002 Phi-star: 1.69794 phi-D: 0.18931 0
Q_ABC: 2.08022 Q_D:1.14845
Free deltaE: 103.176 Phi-star: 1.72949 phi-D: 0.190483 0
Q_ABC: 2.11669 Q_D:1.14857
Free deltaE: 105.974 Phi-star: 1.75723 phi-D: 0.191285 0
Q_ABC: 2.14911 Q_D:1.14866
Free deltaE: 108.367 Phi-star: 1.78105 phi-D: 0.191721 0
Q_ABC: 2.1774 Q_D:1.14873
Free deltaE: 110.336 Phi-star: 1.80087 phi-D: 0.191799 0
Q_ABC: 2.20151 Q_D:1.14878
Free deltaE: 111.871 Phi-star: 1.81668 phi-D: 0.191533 0
Q_ABC: 2.22144 Q_D:1.1488
Free deltaE: 112.964 Phi-star: 1.82848 phi-D: 0.190936 0
Q_ABC: 2.23721 Q_D:1.1488
Free deltaE: 113.619 Phi-star: 1.83634 phi-D: 0.190026 0
Q_ABC: 2.24889 Q_D:1.14878
Free deltaE: 113.843 Phi-star: 1.84035 phi-D: 0.188822 0
Q_ABC: 2.25659 Q_D:1.14873
Free deltaE: 113.651 Phi-star: 1.84064 phi-D: 0.187343 0
Q_ABC: 2.26044 Q_D:1.14867
Free deltaE: 113.062 Phi-star: 1.83735 phi-D: 0.185611 0
Q_ABC: 2.26059 Q_D:1.14858
Free deltaE: 112.1 Phi-star: 1.83066 phi-D: 0.183648 0
Q_ABC: 2.25723 Q_D:1.14848
Free deltaE: 110.79 Phi-star: 1.82077 phi-D: 0.181477 0
Q_ABC: 2.25054 Q_D:1.14836
Free deltaE: 109.164 Phi-star: 1.80789 phi-D: 0.179119 0
Q_ABC: 2.24074 Q_D:1.14823
Free deltaE: 107.251 Phi-star: 1.79223 phi-D: 0.176596 0
Q_ABC: 2.22805 Q_D:1.14808
Free deltaE: 105.084 Phi-star: 1.77403 phi-D: 0.17393 0
Q_ABC: 2.21267 Q_D:1.14792
Free deltaE: 102.696 Phi-star: 1.75352 phi-D: 0.171141 0
Q_ABC: 2.19485 Q_D:1.14774
Free deltaE: 100.119 Phi-star: 1.73092 phi-D: 0.168248 0
Q_ABC: 2.1748 Q_D:1.14755
Free deltaE: 97.384 Phi-star: 1.70646 phi-D: 0.165271 0
Q_ABC: 2.15275 Q_D:1.14735
Free deltaE: 94.5217 Phi-star: 1.68036 phi-D: 0.162227 0
Q_ABC: 2.12892 Q_D:1.14714
Free deltaE: 91.5608 Phi-star: 1.65285 phi-D: 0.159131 0
Q_ABC: 2.10351 Q_D:1.14692
Free deltaE: 88.5281 Phi-star: 1.62412 phi-D: 0.155999 0
Q_ABC: 2.07673 Q_D:1.14669
Free deltaE: 85.4485 Phi-star: 1.59437 phi-D: 0.152844 0
Q_ABC: 2.04877 Q_D:1.14645
Free deltaE: 82.3448 Phi-star: 1.56379 phi-D: 0.149678 0
Q_ABC: 2.01981 Q_D:1.14621
Free deltaE: 79.2374 Phi-star: 1.53255 phi-D: 0.146513 0
Q_ABC: 1.99002 Q_D:1.14596
Free deltaE: 76.1448 Phi-star: 1.50081 phi-D: 0.143359 0
Q_ABC: 1.95956 Q_D:1.1457
Free deltaE: 73.0829 Phi-star: 1.46872 phi-D: 0.140224 0
Q_ABC: 1.92857 Q_D:1.14544
Free deltaE: 70.0659 Phi-star: 1.43642 phi-D: 0.137117 0
Q_ABC: 1.8972 Q_D:1.14517
Free deltaE: 67.1057 Phi-star: 1.40402 phi-D: 0.134043 0
Q_ABC: 1.86556 Q_D:1.14489
Free deltaE: 64.2123 Phi-star: 1.37165 phi-D: 0.131009 0
Q_ABC: 1.83376 Q_D:1.14461
Free deltaE: 61.3941 Phi-star: 1.3394 phi-D: 0.12802 0
Q_ABC: 1.80192 Q_D:1.14433
Free deltaE: 58.6575 Phi-star: 1.30736 phi-D: 0.12508 0
Q_ABC: 1.7701 Q_D:1.14404
Free deltaE: 56.0078 Phi-star: 1.27561 phi-D: 0.122193 0
Q_ABC: 1.7384 Q_D:1.14375
Free deltaE: 53.4487 Phi-star: 1.24422 phi-D: 0.11936 0
Q_ABC: 1.70689 Q_D:1.14346
Free deltaE: 50.9828 Phi-star: 1.21325 phi-D: 0.116585 0
Q_ABC: 1.67562 Q_D:1.14316
Free deltaE: 48.6116 Phi-star: 1.18275 phi-D: 0.11387 0
Q_ABC: 1.64464 Q_D:1.14286
Free deltaE: 46.3357 Phi-star: 1.15277 phi-D: 0.111214 0
Q_ABC: 1.61401 Q_D:1.14256
Free deltaE: 44.1548 Phi-star: 1.12335 phi-D: 0.10862 0
Q_ABC: 1.58376 Q_D:1.14226
Free deltaE: 42.0681 Phi-star: 1.0945 phi-D: 0.106088 0
Q_ABC: 1.55393 Q_D:1.14196
Free deltaE: 40.0742 Phi-star: 1.06627 phi-D: 0.103618 0
Q_ABC: 1.52453 Q_D:1.14165
Free deltaE: 38.171 Phi-star: 1.03866 phi-D: 0.10121 0
Q_ABC: 1.49559 Q_D:1.14134
Free deltaE: 36.3562 Phi-star: 1.01169 phi-D: 0.0988637 0
Q_ABC: 1.46713 Q_D:1.14103
Free deltaE: 34.6274 Phi-star: 0.985378 phi-D: 0.0965787 0
Q_ABC: 1.43916 Q_D:1.14072
Free deltaE: 32.9815 Phi-star: 0.959724 phi-D: 0.0943545 0
Q_ABC: 1.41169 Q_D:1.14041
Free deltaE: 31.4158 Phi-star: 0.934733 phi-D: 0.0921903 0
Q_ABC: 1.38473 Q_D:1.1401
Free deltaE: 29.9269 Phi-star: 0.910406 phi-D: 0.0900852 0
Q_ABC: 1.35828 Q_D:1.13979
Free deltaE: 28.5119 Phi-star: 0.886741 phi-D: 0.0880384 0
Q_ABC: 1.33234 Q_D:1.13948
Free deltaE: 27.1675 Phi-star: 0.863734 phi-D: 0.0860488 0
Q_ABC: 1.30691 Q_D:1.13917
Free deltaE: 25.8906 Phi-star: 0.841379 phi-D: 0.0841155 0
Q_ABC: 1.28199 Q_D:1.13886
Free deltaE: 24.678 Phi-star: 0.81967 phi-D: 0.0822372 0
Q_ABC: 1.25759 Q_D:1.13855
Free deltaE: 23.5267 Phi-star: 0.798598 phi-D: 0.080413 0
Q_ABC: 1.23369 Q_D:1.13824
Free deltaE: 22.4338 Phi-star: 0.778152 phi-D: 0.0786416 0
Q_ABC: 1.21029 Q_D:1.13793
Free deltaE: 21.3962 Phi-star: 0.758324 phi-D: 0.076922 0
Q_ABC: 1.18739 Q_D:1.13762
Free deltaE: 20.4113 Phi-star: 0.739101 phi-D: 0.075253 0
Q_ABC: 1.16498 Q_D:1.13732
Free deltaE: 19.4764 Phi-star: 0.720471 phi-D: 0.0736334 0
Q_ABC: 1.14306 Q_D:1.13701
Free deltaE: 18.5889 Phi-star: 0.702423 phi-D: 0.0720622 0
Q_ABC: 1.12162 Q_D:1.13671
Free deltaE: 17.7464 Phi-star: 0.684944 phi-D: 0.0705381 0
Q_ABC: 1.10065 Q_D:1.13641
Free deltaE: 16.9466 Phi-star: 0.668022 phi-D: 0.0690601 0
Q_ABC: 1.08016 Q_D:1.13611
Free deltaE: 16.1872 Phi-star: 0.651642 phi-D: 0.0676271 0
Q_ABC: 1.06013 Q_D:1.13582
Free deltaE: 15.4662 Phi-star: 0.635792 phi-D: 0.0662379 0
Q_ABC: 1.04056 Q_D:1.13552
Free deltaE: 14.7816 Phi-star: 0.62046 phi-D: 0.0648915 0
Q_ABC: 1.02144 Q_D:1.13523
Free deltaE: 14.1314 Phi-star: 0.605631 phi-D: 0.0635868 0
Q_ABC: 1.00277 Q_D:1.13495
Free deltaE: 13.514 Phi-star: 0.591294 phi-D: 0.0623228 0
Q_ABC: 0.984538 Q_D:1.13466
Free deltaE: 12.9276 Phi-star: 0.577436 phi-D: 0.0610985 0
Q_ABC: 0.966744 Q_D:1.13438
Free deltaE: 12.3706 Phi-star: 0.564043 phi-D: 0.0599128 0
Q_ABC: 0.949381 Q_D:1.1341
Free deltaE: 11.8415 Phi-star: 0.551103 phi-D: 0.0587648 0
Q_ABC: 0.932443 Q_D:1.13383
Free deltaE: 11.339 Phi-star: 0.538604 phi-D: 0.0576534 0
Q_ABC: 0.915924 Q_D:1.13356
Free deltaE: 10.8616 Phi-star: 0.526534 phi-D: 0.0565779 0
Q_ABC: 0.899819 Q_D:1.13329
Free deltaE: 10.4082 Phi-star: 0.514881 phi-D: 0.0555371 0
Q_ABC: 0.884122 Q_D:1.13303
Free deltaE: 9.97741 Phi-star: 0.503633 phi-D: 0.0545303 0
Q_ABC: 0.868829 Q_D:1.13277
Free deltaE: 9.56821 Phi-star: 0.492779 phi-D: 0.0535565 0
Q_ABC: 0.853934 Q_D:1.13251
Free deltaE: 9.1795 Phi-star: 0.482308 phi-D: 0.0526149 0
Q_ABC: 0.839432 Q_D:1.13226
Free deltaE: 8.81025 Phi-star: 0.472209 phi-D: 0.0517046 0
Q_ABC: 0.825316 Q_D:1.13201
Free deltaE: 8.45951 Phi-star: 0.462471 phi-D: 0.0508248 0
Q_ABC: 0.811584 Q_D:1.13177
Free deltaE: 8.12637 Phi-star: 0.453084 phi-D: 0.0499748 0
Q_ABC: 0.798227 Q_D:1.13153
Free deltaE: 7.80996 Phi-star: 0.444037 phi-D: 0.0491536 0
Q_ABC: 0.785243 Q_D:1.13129
Free deltaE: 7.50945 Phi-star: 0.435322 phi-D: 0.0483605 0
Q_ABC: 0.772624 Q_D:1.13106
Free deltaE: 7.22408 Phi-star: 0.426928 phi-D: 0.0475949 0
Q_ABC: 0.760367 Q_D:1.13084
Free deltaE: 6.95311 Phi-star: 0.418846 phi-D: 0.0468559 0
Q_ABC: 0.748465 Q_D:1.13061
Free deltaE: 6.69583 Phi-star: 0.411068 phi-D: 0.0461429 0
Q_ABC: 0.736914 Q_D:1.1304
Free deltaE: 6.4516 Phi-star: 0.403584 phi-D: 0.0454552 0
Q_ABC: 0.725708 Q_D:1.13018
Free deltaE: 6.21977 Phi-star: 0.396386 phi-D: 0.0447921 0
Q_ABC: 0.714841 Q_D:1.12998
Free deltaE: 5.99975 Phi-star: 0.389465 phi-D: 0.044153 0
Q_ABC: 0.70431 Q_D:1.12977
Free deltaE: 5.79098 Phi-star: 0.382815 phi-D: 0.0435372 0
Q_ABC: 0.694108 Q_D:1.12958
Free deltaE: 5.59293 Phi-star: 0.376426 phi-D: 0.0429441 0
Q_ABC: 0.684231 Q_D:1.12938
Free deltaE: 5.40508 Phi-star: 0.370292 phi-D: 0.0423731 0
Q_ABC: 0.674673 Q_D:1.12919
Free deltaE: 5.22694 Phi-star: 0.364406 phi-D: 0.0418238 0
Q_ABC: 0.665429 Q_D:1.12901
Free deltaE: 5.05808 Phi-star: 0.35876 phi-D: 0.0412954 0
Q_ABC: 0.656494 Q_D:1.12883
Free deltaE: 4.89804 Phi-star: 0.353347 phi-D: 0.0407875 0
Q_ABC: 0.647864 Q_D:1.12866
Free deltaE: 4.74643 Phi-star: 0.348163 phi-D: 0.0402995 0
Q_ABC: 0.639533 Q_D:1.12849
Free deltaE: 4.60284 Phi-star: 0.343199 phi-D: 0.039831 0
Q_ABC: 0.631496 Q_D:1.12832
Free deltaE: 4.46692 Phi-star: 0.338451 phi-D: 0.0393815 0
Q_ABC: 0.623749 Q_D:1.12816
Free deltaE: 4.33832 Phi-star: 0.333912 phi-D: 0.0389505 0
Q_ABC: 0.616287 Q_D:1.12801
Free deltaE: 4.21669 Phi-star: 0.329576 phi-D: 0.0385375 0
Q_ABC: 0.609106 Q_D:1.12786
Free deltaE: 4.10174 Phi-star: 0.32544 phi-D: 0.0381421 0
Q_ABC: 0.6022 Q_D:1.12771
Free deltaE: 3.99317 Phi-star: 0.321496 phi-D: 0.0377639 0
Q_ABC: 0.595565 Q_D:1.12757
Free deltaE: 3.8907 Phi-star: 0.317741 phi-D: 0.0374024 0
Q_ABC: 0.589198 Q_D:1.12743
Free deltaE: 3.79406 Phi-star: 0.31417 phi-D: 0.0370574 0
Q_ABC: 0.583093 Q_D:1.1273
Free deltaE: 3.703 Phi-star: 0.310779 phi-D: 0.0367284 0
Q_ABC: 0.577247 Q_D:1.12718
Free deltaE: 3.6173 Phi-star: 0.307562 phi-D: 0.036415 0
Q_ABC: 0.571655 Q_D:1.12706
Free deltaE: 3.53673 Phi-star: 0.304516 phi-D: 0.036117 0
Q_ABC: 0.566314 Q_D:1.12694
Free deltaE: 3.46108 Phi-star: 0.301638 phi-D: 0.0358339 0
Q_ABC: 0.56122 Q_D:1.12683
Free deltaE: 3.39016 Phi-star: 0.298922 phi-D: 0.0355654 0
Q_ABC: 0.556369 Q_D:1.12672
Free deltaE: 3.32378 Phi-star: 0.296366 phi-D: 0.0353114 0
Q_ABC: 0.551757 Q_D:1.12662
Free deltaE: 3.26178 Phi-star: 0.293967 phi-D: 0.0350713 0
Q_ABC: 0.547381 Q_D:1.12652
Free deltaE: 3.20398 Phi-star: 0.29172 phi-D: 0.0348451 0
Q_ABC: 0.543238 Q_D:1.12643
Free deltaE: 3.15025 Phi-star: 0.289624 phi-D: 0.0346323 0
Q_ABC: 0.539324 Q_D:1.12634
Free deltaE: 3.10042 Phi-star: 0.287674 phi-D: 0.0344328 0
Q_ABC: 0.535636 Q_D:1.12626
Free deltaE: 3.05439 Phi-star: 0.285869 phi-D: 0.0342462 0
Q_ABC: 0.532172 Q_D:1.12618
Free deltaE: 3.01201 Phi-star: 0.284206 phi-D: 0.0340725 0
Q_ABC: 0.528928 Q_D:1.1261
Free deltaE: 2.97318 Phi-star: 0.282682 phi-D: 0.0339112 0
Q_ABC: 0.525902 Q_D:1.12603
Free deltaE: 2.93779 Phi-star: 0.281295 phi-D: 0.0337622 0
Q_ABC: 0.523091 Q_D:1.12597
Free deltaE: 2.90575 Phi-star: 0.280043 phi-D: 0.0336254 0
Q_ABC: 0.520492 Q_D:1.12591
Free deltaE: 2.87695 Phi-star: 0.278924 phi-D: 0.0335004 0
Q_ABC: 0.518103 Q_D:1.12585
Free deltaE: 2.85133 Phi-star: 0.277936 phi-D: 0.0333872 0
Q_ABC: 0.515923 Q_D:1.1258
Free deltaE: 2.82879 Phi-star: 0.277077 phi-D: 0.0332855 0
Q_ABC: 0.513948 Q_D:1.12575
Free deltaE: 2.80929 Phi-star: 0.276346 phi-D: 0.0331952 0
Q_ABC: 0.512177 Q_D:1.12571
Free deltaE: 2.79274 Phi-star: 0.275741 phi-D: 0.033116 0
Q_ABC: 0.510608 Q_D:1.12567
Free deltaE: 2.7791 Phi-star: 0.27526 phi-D: 0.0330479 0
Q_ABC: 0.509238 Q_D:1.12564
Free deltaE: 2.76831 Phi-star: 0.274903 phi-D: 0.0329907 0
Q_ABC: 0.508068 Q_D:1.12561
Free deltaE: 2.76034 Phi-star: 0.274668 phi-D: 0.0329443 0
Q_ABC: 0.507094 Q_D:1.12558
Free deltaE: 2.75513 Phi-star: 0.274554 phi-D: 0.0329084 0
Q_ABC: 0.506315 Q_D:1.12556
Free deltaE: 2.75267 Phi-star: 0.27456 phi-D: 0.0328831 0
Q_ABC: 0.505731 Q_D:1.12554
Free deltaE: 2.75291 Phi-star: 0.274686 phi-D: 0.0328681 0
Q_ABC: 0.50534 Q_D:1.12553
Free deltaE: 2.75585 Phi-star: 0.27493 phi-D: 0.0328634 0
Q_ABC: 0.50514 Q_D:1.12552
Free deltaE: 2.76146 Phi-star: 0.275292 phi-D: 0.0328688 0
Q_ABC: 0.505131 Q_D:1.12551
Free deltaE: 2.76972 Phi-star: 0.275772 phi-D: 0.0328842 0
Q_ABC: 0.505312 Q_D:1.12551
Free deltaE: 2.78064 Phi-star: 0.276368 phi-D: 0.0329095 0
Q_ABC: 0.505682 Q_D:1.12552
Free deltaE: 2.79421 Phi-star: 0.27708 phi-D: 0.0329447 0
Q_ABC: 0.506241 Q_D:1.12552
Free deltaE: 2.81043 Phi-star: 0.277909 phi-D: 0.0329896 0
Q_ABC: 0.506987 Q_D:1.12553
Free deltaE: 2.8293 Phi-star: 0.278853 phi-D: 0.0330441 0
Q_ABC: 0.50792 Q_D:1.12555
Free deltaE: 2.85084 Phi-star: 0.279913 phi-D: 0.0331082 0
Q_ABC: 0.50904 Q_D:1.12556
Free deltaE: 2.87506 Phi-star: 0.281088 phi-D: 0.0331818 0
Q_ABC: 0.510345 Q_D:1.12558
Free deltaE: 2.90197 Phi-star: 0.282379 phi-D: 0.0332647 0
Q_ABC: 0.511837 Q_D:1.12561
Free deltaE: 2.93161 Phi-star: 0.283785 phi-D: 0.033357 0
Q_ABC: 0.513514 Q_D:1.12564
Free deltaE: 2.964 Phi-star: 0.285306 phi-D: 0.0334585 0
Q_ABC: 0.515376 Q_D:1.12567
Free deltaE: 2.99916 Phi-star: 0.286943 phi-D: 0.0335691 0
Q_ABC: 0.517424 Q_D:1.12571
Free deltaE: 3.03713 Phi-star: 0.288695 phi-D: 0.0336888 0
Q_ABC: 0.519657 Q_D:1.12574
Free deltaE: 3.07796 Phi-star: 0.290563 phi-D: 0.0338174 0
Q_ABC: 0.522074 Q_D:1.12579
Free deltaE: 3.12167 Phi-star: 0.292546 phi-D: 0.033955 0
Q_ABC: 0.524676 Q_D:1.12583
Free deltaE: 3.16831 Phi-star: 0.294646 phi-D: 0.0341014 0
Q_ABC: 0.527463 Q_D:1.12588
Free deltaE: 3.21793 Phi-star: 0.296862 phi-D: 0.0342566 0
Q_ABC: 0.530435 Q_D:1.12593
Free deltaE: 3.27058 Phi-star: 0.299194 phi-D: 0.0344204 0
Q_ABC: 0.533592 Q_D:1.12599
Free deltaE: 3.32632 Phi-star: 0.301644 phi-D: 0.0345928 0
Q_ABC: 0.536933 Q_D:1.12604
Free deltaE: 3.38519 Phi-star: 0.30421 phi-D: 0.0347737 0
Q_ABC: 0.540459 Q_D:1.1261
Free deltaE: 3.44727 Phi-star: 0.306894 phi-D: 0.0349631 0
Q_ABC: 0.54417 Q_D:1.12617
Free deltaE: 3.5126 Phi-star: 0.309695 phi-D: 0.0351607 0
Q_ABC: 0.548065 Q_D:1.12623
Free deltaE: 3.58125 Phi-star: 0.312614 phi-D: 0.0353666 0
Q_ABC: 0.552145 Q_D:1.1263
Free deltaE: 3.65328 Phi-star: 0.315651 phi-D: 0.0355806 0
Q_ABC: 0.55641 Q_D:1.12637
Free deltaE: 3.72878 Phi-star: 0.318806 phi-D: 0.0358026 0
Q_ABC: 0.560859 Q_D:1.12645
Free deltaE: 3.80779 Phi-star: 0.322079 phi-D: 0.0360326 0
Q_ABC: 0.565492 Q_D:1.12652
Free deltaE: 3.8904 Phi-star: 0.325471 phi-D: 0.0362703 0
Q_ABC: 0.570308 Q_D:1.1266
Free deltaE: 3.97667 Phi-star: 0.328981 phi-D: 0.0365157 0
Q_ABC: 0.575308 Q_D:1.12668
Free deltaE: 4.06668 Phi-star: 0.332609 phi-D: 0.0367686 0
Q_ABC: 0.580491 Q_D:1.12677
Free deltaE: 4.16049 Phi-star: 0.336356 phi-D: 0.037029 0
Q_ABC: 0.585856 Q_D:1.12685
Free deltaE: 4.25819 Phi-star: 0.34022 phi-D: 0.0372966 0
Q_ABC: 0.591403 Q_D:1.12694
Free deltaE: 4.35983 Phi-star: 0.344203 phi-D: 0.0375713 0
Q_ABC: 0.597131 Q_D:1.12703
Free deltaE: 4.46551 Phi-star: 0.348302 phi-D: 0.037853 0
Q_ABC: 0.603038 Q_D:1.12712
Free deltaE: 4.57527 Phi-star: 0.352519 phi-D: 0.0381415 0
Q_ABC: 0.609124 Q_D:1.12721
Free deltaE: 4.6892 Phi-star: 0.356852 phi-D: 0.0384365 0
Q_ABC: 0.615387 Q_D:1.1273
Free deltaE: 4.80736 Phi-star: 0.3613 phi-D: 0.0387379 0
Q_ABC: 0.621826 Q_D:1.1274
Free deltaE: 4.92982 Phi-star: 0.365863 phi-D: 0.0390456 0
Q_ABC: 0.628439 Q_D:1.1275
Free deltaE: 5.05663 Phi-star: 0.37054 phi-D: 0.0393592 0
Q_ABC: 0.635224 Q_D:1.12759
Free deltaE: 5.18785 Phi-star: 0.375328 phi-D: 0.0396787 0
Q_ABC: 0.642179 Q_D:1.12769
Free deltaE: 5.32354 Phi-star: 0.380228 phi-D: 0.0400036 0
Q_ABC: 0.649302 Q_D:1.1278
Free deltaE: 5.46375 Phi-star: 0.385238 phi-D: 0.0403339 0
Q_ABC: 0.65659 Q_D:1.1279
Free deltaE: 5.60851 Phi-star: 0.390355 phi-D: 0.0406691 0
Q_ABC: 0.664041 Q_D:1.128
Free deltaE: 5.75786 Phi-star: 0.395578 phi-D: 0.0410092 0
Q_ABC: 0.671651 Q_D:1.1281
Free deltaE: 5.91184 Phi-star: 0.400905 phi-D: 0.0413537 0
Q_ABC: 0.679416 Q_D:1.12821
Free deltaE: 6.07046 Phi-star: 0.406333 phi-D: 0.0417024 0
Q_ABC: 0.687334 Q_D:1.12831
Free deltaE: 6.23373 Phi-star: 0.41186 phi-D: 0.042055 0
Q_ABC: 0.6954 Q_D:1.12842
Free deltaE: 6.40167 Phi-star: 0.417483 phi-D: 0.0424111 0
Q_ABC: 0.70361 Q_D:1.12852
Free deltaE: 6.57425 Phi-star: 0.423198 phi-D: 0.0427704 0
Q_ABC: 0.71196 Q_D:1.12863
Free deltaE: 6.75148 Phi-star: 0.429004 phi-D: 0.0431326 0
Q_ABC: 0.720443 Q_D:1.12874
Free deltaE: 6.93331 Phi-star: 0.434896 phi-D: 0.0434973 0
Q_ABC: 0.729056 Q_D:1.12884
Free deltaE: 7.11971 Phi-star: 0.44087 phi-D: 0.0438642 0
Q_ABC: 0.737793 Q_D:1.12895
Free deltaE: 7.31062 Phi-star: 0.446922 phi-D: 0.0442328 0
Q_ABC: 0.746648 Q_D:1.12906
Free deltaE: 7.50598 Phi-star: 0.453049 phi-D: 0.0446028 0
Q_ABC: 0.755613 Q_D:1.12916
Free deltaE: 7.7057 Phi-star: 0.459245 phi-D: 0.0449738 0
Q_ABC: 0.764684 Q_D:1.12927
Free deltaE: 7.90968 Phi-star: 0.465506 phi-D: 0.0453453 0
Q_ABC: 0.773853 Q_D:1.12938
Free deltaE: 8.11781 Phi-star: 0.471826 phi-D: 0.0457169 0
Q_ABC: 0.783113 Q_D:1.12948
Free deltaE: 8.32995 Phi-star: 0.4782 phi-D: 0.0460882 0
Q_ABC: 0.792455 Q_D:1.12958
Free deltaE: 8.54597 Phi-star: 0.484624 phi-D: 0.0464588 0
Q_ABC: 0.801873 Q_D:1.12969
Free deltaE: 8.7657 Phi-star: 0.49109 phi-D: 0.0468281 0
Q_ABC: 0.811358 Q_D:1.12979
Free deltaE: 8.98895 Phi-star: 0.497592 phi-D: 0.0471958 0
Q_ABC: 0.820902 Q_D:1.12989
Free deltaE: 9.21553 Phi-star: 0.504125 phi-D: 0.0475613 0
Q_ABC: 0.830494 Q_D:1.12999
Free deltaE: 9.44521 Phi-star: 0.510682 phi-D: 0.0479243 0
Q_ABC: 0.840128 Q_D:1.13009
Free deltaE: 9.67776 Phi-star: 0.517256 phi-D: 0.0482842 0
Q_ABC: 0.849792 Q_D:1.13019
Free deltaE: 9.91292 Phi-star: 0.52384 phi-D: 0.0486405 0
Q_ABC: 0.859477 Q_D:1.13029
Free deltaE: 10.1504 Phi-star: 0.530427 phi-D: 0.0489928 0
Q_ABC: 0.869174 Q_D:1.13038
Free deltaE: 10.39 Phi-star: 0.537009 phi-D: 0.0493407 0
Q_ABC: 0.878872 Q_D:1.13048
Free deltaE: 10.6313 Phi-star: 0.54358 phi-D: 0.0496836 0
Q_ABC: 0.888562 Q_D:1.13057
Free deltaE: 10.874 Phi-star: 0.55013 phi-D: 0.050021 0
Q_ABC: 0.898231 Q_D:1.13066
Free deltaE: 11.1178 Phi-star: 0.556654 phi-D: 0.0503525 0
Q_ABC: 0.907871 Q_D:1.13075
Free deltaE: 11.3623 Phi-star: 0.563142 phi-D: 0.0506777 0
Q_ABC: 0.917469 Q_D:1.13084
Free deltaE: 11.6071 Phi-star: 0.569587 phi-D: 0.0509961 0
Q_ABC: 0.927016 Q_D:1.13092
Free deltaE: 11.852 Phi-star: 0.57598 phi-D: 0.0513072 0
Q_ABC: 0.9365 Q_D:1.131
Free deltaE: 12.0964 Phi-star: 0.582315 phi-D: 0.0516105 0
Q_ABC: 0.94591 Q_D:1.13108
Free deltaE: 12.34 Phi-star: 0.588582 phi-D: 0.0519058 0
Q_ABC: 0.955236 Q_D:1.13116
Free deltaE: 12.5823 Phi-star: 0.594774 phi-D: 0.0521925 0
Q_ABC: 0.964467 Q_D:1.13124
Free deltaE: 12.823 Phi-star: 0.600883 phi-D: 0.0524703 0
Q_ABC: 0.973591 Q_D:1.13131
Free deltaE: 13.0616 Phi-star: 0.6069 phi-D: 0.0527387 0
Q_ABC: 0.982599 Q_D:1.13138
Free deltaE: 13.2977 Phi-star: 0.612819 phi-D: 0.0529974 0
Q_ABC: 0.991479 Q_D:1.13145
Free deltaE: 13.5309 Phi-star: 0.618632 phi-D: 0.0532461 0
Q_ABC: 1.00022 Q_D:1.13152
Free deltaE: 13.7607 Phi-star: 0.62433 phi-D: 0.0534844 0
Q_ABC: 1.00881 Q_D:1.13158
Free deltaE: 13.9867 Phi-star: 0.629907 phi-D: 0.053712 0
Q_ABC: 1.01725 Q_D:1.13164
Free deltaE: 14.2085 Phi-star: 0.635356 phi-D: 0.0539286 0
Q_ABC: 1.02552 Q_D:1.1317
Free deltaE: 14.4257 Phi-star: 0.640669 phi-D: 0.054134 0
Q_ABC: 1.03361 Q_D:1.13175
Free deltaE: 14.6378 Phi-star: 0.64584 phi-D: 0.0543278 0
Q_ABC: 1.04151 Q_D:1.1318
Free deltaE: 14.8446 Phi-star: 0.650863 phi-D: 0.0545098 0
Q_ABC: 1.04922 Q_D:1.13185
Free deltaE: 15.0455 Phi-star: 0.655731 phi-D: 0.0546799 0
Q_ABC: 1.05672 Q_D:1.1319
Free deltaE: 15.2403 Phi-star: 0.66044 phi-D: 0.0548378 0
Q_ABC: 1.06402 Q_D:1.13194
Free deltaE: 15.4286 Phi-star: 0.664982 phi-D: 0.0549835 0
Q_ABC: 1.07109 Q_D:1.13198
Free deltaE: 15.61 Phi-star: 0.669354 phi-D: 0.0551167 0
Q_ABC: 1.07794 Q_D:1.13202
Free deltaE: 15.7843 Phi-star: 0.67355 phi-D: 0.0552373 0
Q_ABC: 1.08455 Q_D:1.13205
Free deltaE: 15.9511 Phi-star: 0.677566 phi-D: 0.0553453 0
Q_ABC: 1.09092 Q_D:1.13208
Free deltaE: 16.1103 Phi-star: 0.681399 phi-D: 0.0554405 0
Q_ABC: 1.09705 Q_D:1.13211
Free deltaE: 16.2615 Phi-star: 0.685043 phi-D: 0.055523 0
Q_ABC: 1.10293 Q_D:1.13213
Free deltaE: 16.4045 Phi-star: 0.688497 phi-D: 0.0555927 0
Q_ABC: 1.10855 Q_D:1.13216
Free deltaE: 16.5391 Phi-star: 0.691757 phi-D: 0.0556496 0
Q_ABC: 1.1139 Q_D:1.13217
Free deltaE: 16.6652 Phi-star: 0.694821 phi-D: 0.0556938 0
Q_ABC: 1.119 Q_D:1.13219
Free deltaE: 16.7826 Phi-star: 0.697687 phi-D: 0.0557253 0
Q_ABC: 1.12383 Q_D:1.1322
Free deltaE: 16.8912 Phi-star: 0.700353 phi-D: 0.0557441 0
Q_ABC: 1.12838 Q_D:1.13221
Free deltaE: 16.9908 Phi-star: 0.702817 phi-D: 0.0557503 0
Q_ABC: 1.13267 Q_D:1.13222
Free deltaE: 17.0815 Phi-star: 0.70508 phi-D: 0.0557442 0
Q_ABC: 1.13667 Q_D:1.13222
Free deltaE: 17.1632 Phi-star: 0.707139 phi-D: 0.0557256 0
Q_ABC: 1.1404 Q_D:1.13222
Free deltaE: 17.2357 Phi-star: 0.708996 phi-D: 0.0556949 0
Q_ABC: 1.14386 Q_D:1.13221
Free deltaE: 17.2992 Phi-star: 0.710651 phi-D: 0.0556522 0
Q_ABC: 1.14703 Q_D:1.13221
Free deltaE: 17.3537 Phi-star: 0.712103 phi-D: 0.0555977 0
Q_ABC: 1.14993 Q_D:1.1322
Free deltaE: 17.3991 Phi-star: 0.713353 phi-D: 0.0555315 0
Q_ABC: 1.15255 Q_D:1.13219
Free deltaE: 17.4356 Phi-star: 0.714404 phi-D: 0.0554538 0
Q_ABC: 1.15489 Q_D:1.13217
Free deltaE: 17.4632 Phi-star: 0.715257 phi-D: 0.055365 0
Q_ABC: 1.15695 Q_D:1.13215
Free deltaE: 17.482 Phi-star: 0.715912 phi-D: 0.0552652 0
Q_ABC: 1.15874 Q_D:1.13213
Free deltaE: 17.4922 Phi-star: 0.716374 phi-D: 0.0551546 0
Q_ABC: 1.16026 Q_D:1.13211
Free deltaE: 17.4938 Phi-star: 0.716643 phi-D: 0.0550336 0
Q_ABC: 1.1615 Q_D:1.13208
Free deltaE: 17.487 Phi-star: 0.716722 phi-D: 0.0549024 0
Q_ABC: 1.16248 Q_D:1.13205
Free deltaE: 17.472 Phi-star: 0.716615 phi-D: 0.0547612 0
Q_ABC: 1.16319 Q_D:1.13202
Free deltaE: 17.4489 Phi-star: 0.716325 phi-D: 0.0546105 0
Q_ABC: 1.16365 Q_D:1.13198
Free deltaE: 17.4178 Phi-star: 0.715855 phi-D: 0.0544504 0
Q_ABC: 1.16384 Q_D:1.13195
Free deltaE: 17.3791 Phi-star: 0.715209 phi-D: 0.0542813 0
Q_ABC: 1.16378 Q_D:1.13191
Free deltaE: 17.3329 Phi-star: 0.71439 phi-D: 0.0541035 0
Q_ABC: 1.16348 Q_D:1.13186
Free deltaE: 17.2793 Phi-star: 0.713403 phi-D: 0.0539174 0
Q_ABC: 1.16292 Q_D:1.13182
Free deltaE: 17.2186 Phi-star: 0.712252 phi-D: 0.0537231 0
Q_ABC: 1.16213 Q_D:1.13177
Free deltaE: 17.1511 Phi-star: 0.710941 phi-D: 0.0535212 0
Q_ABC: 1.16111 Q_D:1.13172
Free deltaE: 17.0769 Phi-star: 0.709475 phi-D: 0.0533119 0
Q_ABC: 1.15985 Q_D:1.13167
Free deltaE: 16.9963 Phi-star: 0.707859 phi-D: 0.0530955 0
Q_ABC: 1.15838 Q_D:1.13162
Free deltaE: 16.9095 Phi-star: 0.706096 phi-D: 0.0528724 0
Q_ABC: 1.15668 Q_D:1.13156
Free deltaE: 16.8168 Phi-star: 0.704193 phi-D: 0.0526429 0
Q_ABC: 1.15478 Q_D:1.1315
Free deltaE: 16.7183 Phi-star: 0.702155 phi-D: 0.0524075 0
Q_ABC: 1.15267 Q_D:1.13144
Free deltaE: 16.6145 Phi-star: 0.699985 phi-D: 0.0521663 0
Q_ABC: 1.15036 Q_D:1.13138
Free deltaE: 16.5054 Phi-star: 0.697691 phi-D: 0.0519199 0
Q_ABC: 1.14786 Q_D:1.13132
Free deltaE: 16.3914 Phi-star: 0.695277 phi-D: 0.0516684 0
Q_ABC: 1.14518 Q_D:1.13125
Free deltaE: 16.2727 Phi-star: 0.692748 phi-D: 0.0514123 0
Q_ABC: 1.14232 Q_D:1.13119
Free deltaE: 16.1497 Phi-star: 0.69011 phi-D: 0.051152 0
Q_ABC: 1.13928 Q_D:1.13112
Free deltaE: 16.0224 Phi-star: 0.687369 phi-D: 0.0508877 0
Q_ABC: 1.13609 Q_D:1.13105
Free deltaE: 15.8913 Phi-star: 0.684529 phi-D: 0.0506197 0
Q_ABC: 1.13273 Q_D:1.13098
Free deltaE: 15.7566 Phi-star: 0.681598 phi-D: 0.0503485 0
Q_ABC: 1.12923 Q_D:1.13091
Free deltaE: 15.6185 Phi-star: 0.678579 phi-D: 0.0500743 0
Q_ABC: 1.12559 Q_D:1.13083
Free deltaE: 15.4773 Phi-star: 0.675479 phi-D: 0.0497975 0
Q_ABC: 1.12181 Q_D:1.13076
Free deltaE: 15.3332 Phi-star: 0.672303 phi-D: 0.0495185 0
Q_ABC: 1.11791 Q_D:1.13068
Free deltaE: 15.1866 Phi-star: 0.669057 phi-D: 0.0492374 0
Q_ABC: 1.11389 Q_D:1.13061
Free deltaE: 15.0377 Phi-star: 0.665747 phi-D: 0.0489546 0
Q_ABC: 1.10975 Q_D:1.13053
Free deltaE: 14.8868 Phi-star: 0.662377 phi-D: 0.0486705 0
Q_ABC: 1.10551 Q_D:1.13045
Free deltaE: 14.734 Phi-star: 0.658953 phi-D: 0.0483853 0
Q_ABC: 1.10118 Q_D:1.13037
Free deltaE: 14.5798 Phi-star: 0.655481 phi-D: 0.0480993 0
Q_ABC: 1.09676 Q_D:1.13029
Free deltaE: 14.4242 Phi-star: 0.651965 phi-D: 0.0478128 0
Q_ABC: 1.09225 Q_D:1.13021
Free deltaE: 14.2675 Phi-star: 0.648412 phi-D: 0.0475261 0
Q_ABC: 1.08767 Q_D:1.13013
Free deltaE: 14.1101 Phi-star: 0.644826 phi-D: 0.0472395 0
Q_ABC: 1.08302 Q_D:1.13005
Free deltaE: 13.952 Phi-star: 0.641211 phi-D: 0.0469531 0
Q_ABC: 1.07831 Q_D:1.12997
Free deltaE: 13.7936 Phi-star: 0.637574 phi-D: 0.0466673 0
Q_ABC: 1.07355 Q_D:1.12989
Free deltaE: 13.635 Phi-star: 0.633919 phi-D: 0.0463822 0
Q_ABC: 1.06874 Q_D:1.12981
Free deltaE: 13.4766 Phi-star: 0.63025 phi-D: 0.0460982 0
Q_ABC: 1.06389 Q_D:1.12972
Free deltaE: 13.3184 Phi-star: 0.626572 phi-D: 0.0458155 0
Q_ABC: 1.05901 Q_D:1.12964
Free deltaE: 13.1606 Phi-star: 0.622889 phi-D: 0.0455342 0
Q_ABC: 1.0541 Q_D:1.12956
Free deltaE: 13.0036 Phi-star: 0.619207 phi-D: 0.0452545 0
Q_ABC: 1.04917 Q_D:1.12948
Free deltaE: 12.8474 Phi-star: 0.615528 phi-D: 0.0449768 0
Q_ABC: 1.04423 Q_D:1.12939
Free deltaE: 12.6922 Phi-star: 0.611857 phi-D: 0.0447011 0
Q_ABC: 1.03928 Q_D:1.12931
Free deltaE: 12.5381 Phi-star: 0.608199 phi-D: 0.0444276 0
Q_ABC: 1.03433 Q_D:1.12923
Free deltaE: 12.3855 Phi-star: 0.604556 phi-D: 0.0441566 0
Q_ABC: 1.02938 Q_D:1.12915
Free deltaE: 12.2343 Phi-star: 0.600933 phi-D: 0.0438881 0
Q_ABC: 1.02444 Q_D:1.12907
Free deltaE: 12.0847 Phi-star: 0.597332 phi-D: 0.0436224 0
Q_ABC: 1.01952 Q_D:1.12899
Free deltaE: 11.9369 Phi-star: 0.593757 phi-D: 0.0433595 0
Q_ABC: 1.01461 Q_D:1.12891
Free deltaE: 11.791 Phi-star: 0.590212 phi-D: 0.0430996 0
Q_ABC: 1.00973 Q_D:1.12883
Free deltaE: 11.6471 Phi-star: 0.5867 phi-D: 0.0428429 0
Q_ABC: 1.00488 Q_D:1.12875
Free deltaE: 11.5053 Phi-star: 0.583222 phi-D: 0.0425894 0
Q_ABC: 1.00006 Q_D:1.12867
Free deltaE: 11.3656 Phi-star: 0.579783 phi-D: 0.0423393 0
Q_ABC: 0.995284 Q_D:1.12859
Free deltaE: 11.2283 Phi-star: 0.576385 phi-D: 0.0420927 0
Q_ABC: 0.990547 Q_D:1.12851
Free deltaE: 11.0934 Phi-star: 0.57303 phi-D: 0.0418497 0
Q_ABC: 0.985858 Q_D:1.12844
Free deltaE: 10.9609 Phi-star: 0.569721 phi-D: 0.0416104 0
Q_ABC: 0.981219 Q_D:1.12836
Free deltaE: 10.8309 Phi-star: 0.566459 phi-D: 0.0413748 0
Q_ABC: 0.976635 Q_D:1.12829
Free deltaE: 10.7035 Phi-star: 0.563248 phi-D: 0.041143 0
Q_ABC: 0.972109 Q_D:1.12821
Free deltaE: 10.5787 Phi-star: 0.560088 phi-D: 0.0409151 0
Q_ABC: 0.967644 Q_D:1.12814
Free deltaE: 10.4566 Phi-star: 0.556983 phi-D: 0.0406912 0
Q_ABC: 0.963244 Q_D:1.12807
Free deltaE: 10.3373 Phi-star: 0.553933 phi-D: 0.0404714 0
Q_ABC: 0.958911 Q_D:1.12799
Free deltaE: 10.2207 Phi-star: 0.55094 phi-D: 0.0402556 0
Q_ABC: 0.954649 Q_D:1.12792
Free deltaE: 10.1069 Phi-star: 0.548006 phi-D: 0.0400439 0
Q_ABC: 0.95046 Q_D:1.12785
Free deltaE: 9.99587 Phi-star: 0.545133 phi-D: 0.0398364 0
Q_ABC: 0.946347 Q_D:1.12778
Free deltaE: 9.88773 Phi-star: 0.54232 phi-D: 0.0396331 0
Q_ABC: 0.942311 Q_D:1.12772
Free deltaE: 9.78244 Phi-star: 0.539571 phi-D: 0.0394341 0
Q_ABC: 0.938357 Q_D:1.12765
Free deltaE: 9.68002 Phi-star: 0.536885 phi-D: 0.0392393 0
Q_ABC: 0.934485 Q_D:1.12759
Free deltaE: 9.58048 Phi-star: 0.534264 phi-D: 0.0390488 0
Q_ABC: 0.930697 Q_D:1.12752
Free deltaE: 9.48382 Phi-star: 0.531709 phi-D: 0.0388625 0
Q_ABC: 0.926997 Q_D:1.12746
Free deltaE: 9.39005 Phi-star: 0.52922 phi-D: 0.0386806 0
Q_ABC: 0.923384 Q_D:1.1274
Free deltaE: 9.29916 Phi-star: 0.526799 phi-D: 0.0385031 0
Q_ABC: 0.919861 Q_D:1.12733
Free deltaE: 9.21115 Phi-star: 0.524446 phi-D: 0.0383298 0
Q_ABC: 0.916429 Q_D:1.12728
Free deltaE: 9.12601 Phi-star: 0.522162 phi-D: 0.0381609 0
Q_ABC: 0.913089 Q_D:1.12722
Free deltaE: 9.04374 Phi-star: 0.519946 phi-D: 0.0379963 0
Q_ABC: 0.909844 Q_D:1.12716
Free deltaE: 8.96432 Phi-star: 0.5178 phi-D: 0.037836 0
Q_ABC: 0.906693 Q_D:1.1271
Free deltaE: 8.88773 Phi-star: 0.515724 phi-D: 0.03768 0
Q_ABC: 0.903638 Q_D:1.12705
Free deltaE: 8.81397 Phi-star: 0.513719 phi-D: 0.0375284 0
Q_ABC: 0.900681 Q_D:1.127
Free deltaE: 8.74301 Phi-star: 0.511784 phi-D: 0.037381 0
Q_ABC: 0.89782 Q_D:1.12694
Free deltaE: 8.67483 Phi-star: 0.50992 phi-D: 0.0372379 0
Q_ABC: 0.895059 Q_D:1.12689
Free deltaE: 8.60942 Phi-star: 0.508127 phi-D: 0.037099 0
Q_ABC: 0.892396 Q_D:1.12684
Free deltaE: 8.54676 Phi-star: 0.506404 phi-D: 0.0369643 0
Q_ABC: 0.889832 Q_D:1.12679
Free deltaE: 8.48682 Phi-star: 0.504753 phi-D: 0.0368339 0
Q_ABC: 0.887369 Q_D:1.12675
Free deltaE: 8.42957 Phi-star: 0.503173 phi-D: 0.0367076 0
Q_ABC: 0.885006 Q_D:1.1267
Free deltaE: 8.375 Phi-star: 0.501664 phi-D: 0.0365854 0
Q_ABC: 0.882744 Q_D:1.12666
Free deltaE: 8.32309 Phi-star: 0.500226 phi-D: 0.0364674 0
Q_ABC: 0.880582 Q_D:1.12661
Free deltaE: 8.27379 Phi-star: 0.498859 phi-D: 0.0363534 0
Q_ABC: 0.878521 Q_D:1.12657
Free deltaE: 8.2271 Phi-star: 0.497562 phi-D: 0.0362434 0
Q_ABC: 0.876562 Q_D:1.12653
Free deltaE: 8.18299 Phi-star: 0.496336 phi-D: 0.0361375 0
Q_ABC: 0.874703 Q_D:1.12649
Free deltaE: 8.14142 Phi-star: 0.49518 phi-D: 0.0360355 0
Q_ABC: 0.872945 Q_D:1.12645
Free deltaE: 8.10237 Phi-star: 0.494093 phi-D: 0.0359373 0
Q_ABC: 0.871288 Q_D:1.12642
Free deltaE: 8.06582 Phi-star: 0.493076 phi-D: 0.0358431 0
Q_ABC: 0.869731 Q_D:1.12638
Free deltaE: 8.03173 Phi-star: 0.492129 phi-D: 0.0357527 0
Q_ABC: 0.868274 Q_D:1.12634
Free deltaE: 8.00009 Phi-star: 0.491249 phi-D: 0.035666 0
Q_ABC: 0.866918 Q_D:1.12631
Free deltaE: 7.97086 Phi-star: 0.490439 phi-D: 0.0355831 0
Q_ABC: 0.86566 Q_D:1.12628
Free deltaE: 7.94402 Phi-star: 0.489696 phi-D: 0.0355038 0
Q_ABC: 0.864502 Q_D:1.12625
Free deltaE: 7.91953 Phi-star: 0.48902 phi-D: 0.0354281 0
Q_ABC: 0.863442 Q_D:1.12622
Free deltaE: 7.89737 Phi-star: 0.488412 phi-D: 0.035356 0
Q_ABC: 0.86248 Q_D:1.12619
Free deltaE: 7.87752 Phi-star: 0.487869 phi-D: 0.0352874 0
Q_ABC: 0.861615 Q_D:1.12616
Free deltaE: 7.85995 Phi-star: 0.487393 phi-D: 0.0352223 0
Q_ABC: 0.860846 Q_D:1.12614
Free deltaE: 7.84462 Phi-star: 0.486981 phi-D: 0.0351605 0
Q_ABC: 0.860173 Q_D:1.12611
Free deltaE: 7.83151 Phi-star: 0.486634 phi-D: 0.0351021 0
Q_ABC: 0.859595 Q_D:1.12609
Free deltaE: 7.82059 Phi-star: 0.48635 phi-D: 0.0350469 0
Q_ABC: 0.859111 Q_D:1.12607
Free deltaE: 7.81184 Phi-star: 0.48613 phi-D: 0.0349949 0
Q_ABC: 0.85872 Q_D:1.12604
Free deltaE: 7.80522 Phi-star: 0.485972 phi-D: 0.0349461 0
Q_ABC: 0.858422 Q_D:1.12602
Free deltaE: 7.8007 Phi-star: 0.485875 phi-D: 0.0349004 0
Q_ABC: 0.858214 Q_D:1.126
Free deltaE: 7.79827 Phi-star: 0.48584 phi-D: 0.0348576 0
Q_ABC: 0.858096 Q_D:1.12599
Free deltaE: 7.79788 Phi-star: 0.485864 phi-D: 0.0348178 0
Q_ABC: 0.858068 Q_D:1.12597
Free deltaE: 7.79951 Phi-star: 0.485948 phi-D: 0.0347809 0
Q_ABC: 0.858127 Q_D:1.12595
Free deltaE: 7.80313 Phi-star: 0.48609 phi-D: 0.0347468 0
Q_ABC: 0.858273 Q_D:1.12594
Free deltaE: 7.80871 Phi-star: 0.486289 phi-D: 0.0347154 0
Q_ABC: 0.858504 Q_D:1.12592
Free deltaE: 7.81621 Phi-star: 0.486545 phi-D: 0.0346867 0
Q_ABC: 0.858819 Q_D:1.12591
Free deltaE: 7.82561 Phi-star: 0.486857 phi-D: 0.0346606 0
Q_ABC: 0.859216 Q_D:1.1259
Free deltaE: 7.83688 Phi-star: 0.487223 phi-D: 0.0346369 0
Q_ABC: 0.859695 Q_D:1.12588
Free deltaE: 7.84997 Phi-star: 0.487643 phi-D: 0.0346158 0
Q_ABC: 0.860254 Q_D:1.12587
Free deltaE: 7.86487 Phi-star: 0.488116 phi-D: 0.0345969 0
Q_ABC: 0.860891 Q_D:1.12586
Free deltaE: 7.88153 Phi-star: 0.48864 phi-D: 0.0345804 0
Q_ABC: 0.861604 Q_D:1.12585
Free deltaE: 7.89992 Phi-star: 0.489214 phi-D: 0.0345661 0
Q_ABC: 0.862393 Q_D:1.12585
Free deltaE: 7.92 Phi-star: 0.489838 phi-D: 0.034554 0
Q_ABC: 0.863255 Q_D:1.12584
Free deltaE: 7.94175 Phi-star: 0.490511 phi-D: 0.0345438 0
Q_ABC: 0.86419 Q_D:1.12583
Free deltaE: 7.96512 Phi-star: 0.49123 phi-D: 0.0345357 0
Q_ABC: 0.865194 Q_D:1.12583
Free deltaE: 7.99007 Phi-star: 0.491996 phi-D: 0.0345295 0
Q_ABC: 0.866267 Q_D:1.12582
Free deltaE: 8.01657 Phi-star: 0.492806 phi-D: 0.0345251 0
Q_ABC: 0.867406 Q_D:1.12582
Free deltaE: 8.04458 Phi-star: 0.49366 phi-D: 0.0345224 0
Q_ABC: 0.868611 Q_D:1.12581
Free deltaE: 8.07406 Phi-star: 0.494556 phi-D: 0.0345214 0
Q_ABC: 0.869878 Q_D:1.12581
Free deltaE: 8.10496 Phi-star: 0.495493 phi-D: 0.034522 0
Q_ABC: 0.871206 Q_D:1.12581
Free deltaE: 8.13724 Phi-star: 0.49647 phi-D: 0.034524 0
Q_ABC: 0.872594 Q_D:1.1258
Free deltaE: 8.17086 Phi-star: 0.497486 phi-D: 0.0345275 0
Q_ABC: 0.874038 Q_D:1.1258
Free deltaE: 8.20579 Phi-star: 0.498538 phi-D: 0.0345324 0
Q_ABC: 0.875538 Q_D:1.1258
Free deltaE: 8.24196 Phi-star: 0.499627 phi-D: 0.0345385 0
Q_ABC: 0.877091 Q_D:1.1258
Free deltaE: 8.27934 Phi-star: 0.50075 phi-D: 0.0345457 0
Q_ABC: 0.878696 Q_D:1.1258
Free deltaE: 8.31787 Phi-star: 0.501906 phi-D: 0.0345541 0
Q_ABC: 0.880349 Q_D:1.1258
Free deltaE: 8.35752 Phi-star: 0.503094 phi-D: 0.0345634 0
Q_ABC: 0.88205 Q_D:1.1258
Free deltaE: 8.39823 Phi-star: 0.504312 phi-D: 0.0345738 0
Q_ABC: 0.883795 Q_D:1.1258
Free deltaE: 8.43995 Phi-star: 0.505558 phi-D: 0.0345849 0
Q_ABC: 0.885583 Q_D:1.1258
Free deltaE: 8.48264 Phi-star: 0.506832 phi-D: 0.0345969 0
Q_ABC: 0.887412 Q_D:1.12581
Free deltaE: 8.52624 Phi-star: 0.508132 phi-D: 0.0346095 0
Q_ABC: 0.88928 Q_D:1.12581
Free deltaE: 8.5707 Phi-star: 0.509457 phi-D: 0.0346228 0
Q_ABC: 0.891183 Q_D:1.12581
Free deltaE: 8.61596 Phi-star: 0.510804 phi-D: 0.0346366 0
Q_ABC: 0.893121 Q_D:1.12581
Free deltaE: 8.66199 Phi-star: 0.512173 phi-D: 0.0346508 0
Q_ABC: 0.895091 Q_D:1.12582
Free deltaE: 8.70871 Phi-star: 0.513563 phi-D: 0.0346655 0
Q_ABC: 0.897091 Q_D:1.12582
Free deltaE: 8.75609 Phi-star: 0.51497 phi-D: 0.0346805 0
Q_ABC: 0.899119 Q_D:1.12582
Free deltaE: 8.80406 Phi-star: 0.516395 phi-D: 0.0346957 0
Q_ABC: 0.901172 Q_D:1.12583
Free deltaE: 8.85257 Phi-star: 0.517835 phi-D: 0.0347111 0
Q_ABC: 0.903249 Q_D:1.12583
Free deltaE: 8.90157 Phi-star: 0.51929 phi-D: 0.0347266 0
Q_ABC: 0.905346 Q_D:1.12583
Free deltaE: 8.95101 Phi-star: 0.520757 phi-D: 0.0347421 0
Q_ABC: 0.907463 Q_D:1.12584
Free deltaE: 9.00082 Phi-star: 0.522235 phi-D: 0.0347576 0
Q_ABC: 0.909597 Q_D:1.12584
Free deltaE: 9.05096 Phi-star: 0.523723 phi-D: 0.034773 0
Q_ABC: 0.911746 Q_D:1.12585
Free deltaE: 9.10137 Phi-star: 0.525219 phi-D: 0.0347883 0
Q_ABC: 0.913907 Q_D:1.12585
Free deltaE: 9.15199 Phi-star: 0.526721 phi-D: 0.0348032 0
Q_ABC: 0.916079 Q_D:1.12585
Free deltaE: 9.20278 Phi-star: 0.52823 phi-D: 0.034818 0
Q_ABC: 0.91826 Q_D:1.12586
Free deltaE: 9.25369 Phi-star: 0.529742 phi-D: 0.0348323 0
Q_ABC: 0.920447 Q_D:1.12586
Free deltaE: 9.30465 Phi-star: 0.531256 phi-D: 0.0348462 0
Q_ABC: 0.922639 Q_D:1.12587
Free deltaE: 9.35563 Phi-star: 0.532772 phi-D: 0.0348597 0
Q_ABC: 0.924834 Q_D:1.12587
Free deltaE: 9.40656 Phi-star: 0.534287 phi-D: 0.0348727 0
Q_ABC: 0.927029 Q_D:1.12587
Free deltaE: 9.45739 Phi-star: 0.5358 phi-D: 0.034885 0
Q_ABC: 0.929223 Q_D:1.12588
Free deltaE: 9.50809 Phi-star: 0.537311 phi-D: 0.0348968 0
Q_ABC: 0.931413 Q_D:1.12588
Free deltaE: 9.5586 Phi-star: 0.538817 phi-D: 0.0349078 0
Q_ABC: 0.933599 Q_D:1.12588
Free deltaE: 9.60887 Phi-star: 0.540318 phi-D: 0.0349181 0
Q_ABC: 0.935778 Q_D:1.12589
Free deltaE: 9.65886 Phi-star: 0.541811 phi-D: 0.0349277 0
Q_ABC: 0.937949 Q_D:1.12589
Free deltaE: 9.70851 Phi-star: 0.543297 phi-D: 0.0349364 0
Q_ABC: 0.940109 Q_D:1.12589
Free deltaE: 9.7578 Phi-star: 0.544773 phi-D: 0.0349443 0
Q_ABC: 0.942257 Q_D:1.1259
Free deltaE: 9.80667 Phi-star: 0.546239 phi-D: 0.0349512 0
Q_ABC: 0.944391 Q_D:1.1259
Free deltaE: 9.85509 Phi-star: 0.547692 phi-D: 0.0349573 0
Q_ABC: 0.946511 Q_D:1.1259
Free deltaE: 9.903 Phi-star: 0.549133 phi-D: 0.0349623 0
Q_ABC: 0.948614 Q_D:1.1259
Free deltaE: 9.95038 Phi-star: 0.55056 phi-D: 0.0349663 0
Q_ABC: 0.950698 Q_D:1.12591
Free deltaE: 9.99718 Phi-star: 0.551971 phi-D: 0.0349693 0
Q_ABC: 0.952762 Q_D:1.12591
Free deltaE: 10.0434 Phi-star: 0.553366 phi-D: 0.0349712 0
Q_ABC: 0.954806 Q_D:1.12591
Free deltaE: 10.0889 Phi-star: 0.554745 phi-D: 0.034972 0
Q_ABC: 0.956827 Q_D:1.12591
Free deltaE: 10.1338 Phi-star: 0.556104 phi-D: 0.0349716 0
Q_ABC: 0.958824 Q_D:1.12591
Free deltaE: 10.1779 Phi-star: 0.557445 phi-D: 0.0349701 0
Q_ABC: 0.960796 Q_D:1.12591
Free deltaE: 10.2213 Phi-star: 0.558765 phi-D: 0.0349674 0
Q_ABC: 0.962741 Q_D:1.12591
Free deltaE: 10.2639 Phi-star: 0.560065 phi-D: 0.0349634 0
Q_ABC: 0.964659 Q_D:1.12591
Free deltaE: 10.3057 Phi-star: 0.561342 phi-D: 0.0349583 0
Q_ABC: 0.966548 Q_D:1.12591
Free deltaE: 10.3466 Phi-star: 0.562597 phi-D: 0.0349519 0
Q_ABC: 0.968407 Q_D:1.12591
Free deltaE: 10.3867 Phi-star: 0.563828 phi-D: 0.0349442 0
Q_ABC: 0.970236 Q_D:1.12591
Free deltaE: 10.4259 Phi-star: 0.565034 phi-D: 0.0349352 0
Q_ABC: 0.972033 Q_D:1.12591
Free deltaE: 10.4642 Phi-star: 0.566216 phi-D: 0.0349249 0
Q_ABC: 0.973796 Q_D:1.1259
Free deltaE: 10.5015 Phi-star: 0.567371 phi-D: 0.0349133 0
Q_ABC: 0.975527 Q_D:1.1259
Free deltaE: 10.5378 Phi-star: 0.5685 phi-D: 0.0349004 0
Q_ABC: 0.977222 Q_D:1.1259
Free deltaE: 10.5732 Phi-star: 0.569602 phi-D: 0.0348862 0
Q_ABC: 0.978882 Q_D:1.12589
Free deltaE: 10.6075 Phi-star: 0.570676 phi-D: 0.0348706 0
Q_ABC: 0.980506 Q_D:1.12589
Free deltaE: 10.6409 Phi-star: 0.571722 phi-D: 0.0348536 0
Q_ABC: 0.982094 Q_D:1.12589
Free deltaE: 10.6731 Phi-star: 0.572739 phi-D: 0.0348353 0
Q_ABC: 0.983644 Q_D:1.12588
Free deltaE: 10.7043 Phi-star: 0.573727 phi-D: 0.0348157 0
Q_ABC: 0.985156 Q_D:1.12588
Free deltaE: 10.7344 Phi-star: 0.574684 phi-D: 0.0347947 0
Q_ABC: 0.986629 Q_D:1.12587
Free deltaE: 10.7634 Phi-star: 0.575612 phi-D: 0.0347723 0
Q_ABC: 0.988063 Q_D:1.12586
Free deltaE: 10.7912 Phi-star: 0.576508 phi-D: 0.0347486 0
Q_ABC: 0.989458 Q_D:1.12586
Free deltaE: 10.818 Phi-star: 0.577374 phi-D: 0.0347235 0
Q_ABC: 0.990813 Q_D:1.12585
Free deltaE: 10.8436 Phi-star: 0.578208 phi-D: 0.0346971 0
Q_ABC: 0.992127 Q_D:1.12584
Free deltaE: 10.868 Phi-star: 0.579011 phi-D: 0.0346693 0
Q_ABC: 0.993401 Q_D:1.12583
Free deltaE: 10.8912 Phi-star: 0.579782 phi-D: 0.0346402 0
Q_ABC: 0.994635 Q_D:1.12583
Free deltaE: 10.9133 Phi-star: 0.580521 phi-D: 0.0346097 0
Q_ABC: 0.995827 Q_D:1.12582
Free deltaE: 10.9342 Phi-star: 0.581227 phi-D: 0.034578 0
Q_ABC: 0.996978 Q_D:1.12581
Free deltaE: 10.9539 Phi-star: 0.581901 phi-D: 0.0345449 0
Q_ABC: 0.998088 Q_D:1.1258
Free deltaE: 10.9724 Phi-star: 0.582543 phi-D: 0.0345105 0
Q_ABC: 0.999156 Q_D:1.12579
Free deltaE: 10.9897 Phi-star: 0.583152 phi-D: 0.0344749 0
Q_ABC: 1.00018 Q_D:1.12578
Free deltaE: 11.0058 Phi-star: 0.583729 phi-D: 0.0344379 0
Q_ABC: 1.00117 Q_D:1.12577
Free deltaE: 11.0207 Phi-star: 0.584273 phi-D: 0.0343998 0
Q_ABC: 1.00212 Q_D:1.12576
Free deltaE: 11.0344 Phi-star: 0.584784 phi-D: 0.0343604 0
Q_ABC: 1.00302 Q_D:1.12574
Free deltaE: 11.0469 Phi-star: 0.585263 phi-D: 0.0343197 0
Q_ABC: 1.00388 Q_D:1.12573
Free deltaE: 11.0581 Phi-star: 0.585709 phi-D: 0.0342779 0
Q_ABC: 1.00471 Q_D:1.12572
Free deltaE: 11.0682 Phi-star: 0.586124 phi-D: 0.0342349 0
Q_ABC: 1.00549 Q_D:1.12571
Free deltaE: 11.0771 Phi-star: 0.586506 phi-D: 0.0341907 0
Q_ABC: 1.00623 Q_D:1.12569
Free deltaE: 11.0848 Phi-star: 0.586857 phi-D: 0.0341455 0
Q_ABC: 1.00694 Q_D:1.12568
Free deltaE: 11.0914 Phi-star: 0.587176 phi-D: 0.034099 0
Q_ABC: 1.0076 Q_D:1.12566
Free deltaE: 11.0968 Phi-star: 0.587464 phi-D: 0.0340516 0
Q_ABC: 1.00823 Q_D:1.12565
Free deltaE: 11.101 Phi-star: 0.587721 phi-D: 0.034003 0
Q_ABC: 1.00881 Q_D:1.12563
Free deltaE: 11.1041 Phi-star: 0.587948 phi-D: 0.0339534 0
Q_ABC: 1.00937 Q_D:1.12562
Free deltaE: 11.1061 Phi-star: 0.588144 phi-D: 0.0339028 0
Q_ABC: 1.00988 Q_D:1.1256
Free deltaE: 11.1069 Phi-star: 0.588311 phi-D: 0.0338512 0
Q_ABC: 1.01036 Q_D:1.12559
Free deltaE: 11.1067 Phi-star: 0.588448 phi-D: 0.0337987 0
Q_ABC: 1.0108 Q_D:1.12557
Free deltaE: 11.1054 Phi-star: 0.588556 phi-D: 0.0337452 0
Q_ABC: 1.01121 Q_D:1.12555
Free deltaE: 11.1031 Phi-star: 0.588636 phi-D: 0.0336908 0
Q_ABC: 1.01158 Q_D:1.12553
Free deltaE: 11.0997 Phi-star: 0.588688 phi-D: 0.0336355 0
Q_ABC: 1.01192 Q_D:1.12552
Free deltaE: 11.0954 Phi-star: 0.588712 phi-D: 0.0335794 0
Q_ABC: 1.01223 Q_D:1.1255
Free deltaE: 11.09 Phi-star: 0.58871 phi-D: 0.0335225 0
Q_ABC: 1.0125 Q_D:1.12548
Free deltaE: 11.0837 Phi-star: 0.588681 phi-D: 0.0334648 0
Q_ABC: 1.01275 Q_D:1.12546
Free deltaE: 11.0765 Phi-star: 0.588627 phi-D: 0.0334063 0
Q_ABC: 1.01296 Q_D:1.12544
Free deltaE: 11.0683 Phi-star: 0.588547 phi-D: 0.0333472 0
Q_ABC: 1.01315 Q_D:1.12542
Free deltaE: 11.0593 Phi-star: 0.588443 phi-D: 0.0332873 0
Q_ABC: 1.01331 Q_D:1.1254
Free deltaE: 11.0495 Phi-star: 0.588315 phi-D: 0.0332267 0
Q_ABC: 1.01344 Q_D:1.12538
Free deltaE: 11.0388 Phi-star: 0.588163 phi-D: 0.0331655 0
Q_ABC: 1.01354 Q_D:1.12536
Free deltaE: 11.0273 Phi-star: 0.587989 phi-D: 0.0331037 0
Q_ABC: 1.01362 Q_D:1.12534
Free deltaE: 11.015 Phi-star: 0.587793 phi-D: 0.0330414 0
Q_ABC: 1.01368 Q_D:1.12532
Free deltaE: 11.002 Phi-star: 0.587576 phi-D: 0.0329784 0
Q_ABC: 1.01371 Q_D:1.1253
Free deltaE: 10.9884 Phi-star: 0.587338 phi-D: 0.032915 0
Q_ABC: 1.01372 Q_D:1.12528
Free deltaE: 10.974 Phi-star: 0.58708 phi-D: 0.0328511 0
Q_ABC: 1.0137 Q_D:1.12526
Free deltaE: 10.959 Phi-star: 0.586802 phi-D: 0.0327867 0
Q_ABC: 1.01367 Q_D:1.12523
Free deltaE: 10.9433 Phi-star: 0.586506 phi-D: 0.0327218 0
Q_ABC: 1.01362 Q_D:1.12521
Free deltaE: 10.9271 Phi-star: 0.586191 phi-D: 0.0326566 0
Q_ABC: 1.01355 Q_D:1.12519
Free deltaE: 10.9103 Phi-star: 0.585859 phi-D: 0.032591 0
Q_ABC: 1.01346 Q_D:1.12517
Free deltaE: 10.893 Phi-star: 0.585511 phi-D: 0.032525 0
Q_ABC: 1.01335 Q_D:1.12514
Free deltaE: 10.8752 Phi-star: 0.585146 phi-D: 0.0324588 0
Q_ABC: 1.01323 Q_D:1.12512
Free deltaE: 10.8569 Phi-star: 0.584766 phi-D: 0.0323922 0
Q_ABC: 1.0131 Q_D:1.1251
Free deltaE: 10.8382 Phi-star: 0.584371 phi-D: 0.0323254 0
Q_ABC: 1.01295 Q_D:1.12508
Free deltaE: 10.819 Phi-star: 0.583961 phi-D: 0.0322583 0
Q_ABC: 1.01279 Q_D:1.12505
Free deltaE: 10.7994 Phi-star: 0.583539 phi-D: 0.032191 0
Q_ABC: 1.01262 Q_D:1.12503
Free deltaE: 10.7795 Phi-star: 0.583103 phi-D: 0.0321235 0
Q_ABC: 1.01243 Q_D:1.12501
Free deltaE: 10.7592 Phi-star: 0.582655 phi-D: 0.0320558 0
Q_ABC: 1.01224 Q_D:1.12498
Free deltaE: 10.7386 Phi-star: 0.582195 phi-D: 0.031988 0
Q_ABC: 1.01204 Q_D:1.12496
Free deltaE: 10.7177 Phi-star: 0.581724 phi-D: 0.0319201 0
Q_ABC: 1.01183 Q_D:1.12493
Free deltaE: 10.6965 Phi-star: 0.581242 phi-D: 0.031852 0
Q_ABC: 1.01161 Q_D:1.12491
Free deltaE: 10.6751 Phi-star: 0.58075 phi-D: 0.0317839 0
Q_ABC: 1.01139 Q_D:1.12489
Free deltaE: 10.6534 Phi-star: 0.580249 phi-D: 0.0317158 0
Q_ABC: 1.01116 Q_D:1.12486
Free deltaE: 10.6315 Phi-star: 0.579739 phi-D: 0.0316476 0
Q_ABC: 1.01093 Q_D:1.12484
Free deltaE: 10.6094 Phi-star: 0.57922 phi-D: 0.0315794 0
Q_ABC: 1.01069 Q_D:1.12481
Free deltaE: 10.5871 Phi-star: 0.578694 phi-D: 0.0315112 0
Q_ABC: 1.01045 Q_D:1.12479
Free deltaE: 10.5646 Phi-star: 0.57816 phi-D: 0.031443 0
Q_ABC: 1.01021 Q_D:1.12477
Free deltaE: 10.542 Phi-star: 0.57762 phi-D: 0.0313749 0
Q_ABC: 1.00997 Q_D:1.12474
Free deltaE: 10.5192 Phi-star: 0.577073 phi-D: 0.0313068 0
Q_ABC: 1.00973 Q_D:1.12472
Free deltaE: 10.4963 Phi-star: 0.576521 phi-D: 0.0312389 0
Q_ABC: 1.00949 Q_D:1.12469
Free deltaE: 10.4732 Phi-star: 0.575963 phi-D: 0.031171 0
Q_ABC: 1.00925 Q_D:1.12467
Free deltaE: 10.4501 Phi-star: 0.5754 phi-D: 0.0311033 0
Q_ABC: 1.00901 Q_D:1.12464
Free deltaE: 10.4269 Phi-star: 0.574832 phi-D: 0.0310357 0
Q_ABC: 1.00877 Q_D:1.12462
Free deltaE: 10.4036 Phi-star: 0.574261 phi-D: 0.0309682 0
Q_ABC: 1.00854 Q_D:1.1246
Free deltaE: 10.3802 Phi-star: 0.573686 phi-D: 0.030901 0
Q_ABC: 1.00831 Q_D:1.12457
Free deltaE: 10.3567 Phi-star: 0.573109 phi-D: 0.0308339 0
Q_ABC: 1.00809 Q_D:1.12455
Free deltaE: 10.3332 Phi-star: 0.572528 phi-D: 0.0307671 0
Q_ABC: 1.00787 Q_D:1.12452
Free deltaE: 10.3097 Phi-star: 0.571946 phi-D: 0.0307005 0
Q_ABC: 1.00766 Q_D:1.1245
Free deltaE: 10.2861 Phi-star: 0.571361 phi-D: 0.0306341 0
Q_ABC: 1.00745 Q_D:1.12448
Free deltaE: 10.2624 Phi-star: 0.570776 phi-D: 0.030568 0
Q_ABC: 1.00725 Q_D:1.12445
Free deltaE: 10.2388 Phi-star: 0.570189 phi-D: 0.0305021 0
Q_ABC: 1.00707 Q_D:1.12443
Free deltaE: 10.2151 Phi-star: 0.569602 phi-D: 0.0304366 0
Q_ABC: 1.00689 Q_D:1.12441
Free deltaE: 10.1914 Phi-star: 0.569016 phi-D: 0.0303713 0
Q_ABC: 1.00672 Q_D:1.12438
Free deltaE: 10.1677 Phi-star: 0.568429 phi-D: 0.0303064 0
Q_ABC: 1.00656 Q_D:1.12436
Free deltaE: 10.144 Phi-star: 0.567843 phi-D: 0.0302418 0
Q_ABC: 1.00641 Q_D:1.12434
Free deltaE: 10.1204 Phi-star: 0.567259 phi-D: 0.0301776 0
Q_ABC: 1.00627 Q_D:1.12432
Free deltaE: 10.0967 Phi-star: 0.566676 phi-D: 0.0301137 0
Q_ABC: 1.00615 Q_D:1.12429
Free deltaE: 10.0731 Phi-star: 0.566095 phi-D: 0.0300502 0
Q_ABC: 1.00604 Q_D:1.12427
Free deltaE: 10.0495 Phi-star: 0.565517 phi-D: 0.0299871 0
Q_ABC: 1.00594 Q_D:1.12425
Free deltaE: 10.0259 Phi-star: 0.564941 phi-D: 0.0299244 0
Q_ABC: 1.00585 Q_D:1.12423
Free deltaE: 10.0024 Phi-star: 0.564369 phi-D: 0.0298622 0
Q_ABC: 1.00578 Q_D:1.12421
Free deltaE: 9.97897 Phi-star: 0.563801 phi-D: 0.0298003 0
Q_ABC: 1.00573 Q_D:1.12418
Free deltaE: 9.95561 Phi-star: 0.563237 phi-D: 0.0297389 0
Q_ABC: 1.00569 Q_D:1.12416
Free deltaE: 9.93232 Phi-star: 0.562678 phi-D: 0.029678 0
Q_ABC: 1.00567 Q_D:1.12414
Free deltaE: 9.90913 Phi-star: 0.562123 phi-D: 0.0296176 0
Q_ABC: 1.00567 Q_D:1.12412
Free deltaE: 9.88604 Phi-star: 0.561574 phi-D: 0.0295576 0
Q_ABC: 1.00569 Q_D:1.1241
Free deltaE: 9.86306 Phi-star: 0.561031 phi-D: 0.0294981 0
Q_ABC: 1.00572 Q_D:1.12408
Free deltaE: 9.84022 Phi-star: 0.560495 phi-D: 0.0294391 0
Q_ABC: 1.00577 Q_D:1.12406
Free deltaE: 9.81751 Phi-star: 0.559965 phi-D: 0.0293807 0
Q_ABC: 1.00585 Q_D:1.12404
Free deltaE: 9.79496 Phi-star: 0.559442 phi-D: 0.0293227 0
Q_ABC: 1.00594 Q_D:1.12402
Free deltaE: 9.77258 Phi-star: 0.558927 phi-D: 0.0292654 0
Q_ABC: 1.00605 Q_D:1.124
Free deltaE: 9.75038 Phi-star: 0.558419 phi-D: 0.0292085 0
Q_ABC: 1.00619 Q_D:1.12398
Free deltaE: 9.72837 Phi-star: 0.557921 phi-D: 0.0291522 0
Q_ABC: 1.00634 Q_D:1.12396
Free deltaE: 9.70657 Phi-star: 0.557431 phi-D: 0.0290965 0
Q_ABC: 1.00652 Q_D:1.12394
Free deltaE: 9.685 Phi-star: 0.55695 phi-D: 0.0290414 0
Q_ABC: 1.00672 Q_D:1.12393
Free deltaE: 9.66368 Phi-star: 0.556479 phi-D: 0.0289868 0
Q_ABC: 1.00695 Q_D:1.12391
Free deltaE: 9.64261 Phi-star: 0.556018 phi-D: 0.0289329 0
Q_ABC: 1.0072 Q_D:1.12389
Free deltaE: 9.62181 Phi-star: 0.555567 phi-D: 0.0288795 0
Q_ABC: 1.00747 Q_D:1.12387
Free deltaE: 9.60131 Phi-star: 0.555128 phi-D: 0.0288267 0
Q_ABC: 1.00777 Q_D:1.12385
Free deltaE: 9.58111 Phi-star: 0.554699 phi-D: 0.0287746 0
Q_ABC: 1.00809 Q_D:1.12384
Free deltaE: 9.56123 Phi-star: 0.554282 phi-D: 0.028723 0
Q_ABC: 1.00844 Q_D:1.12382
Free deltaE: 9.54169 Phi-star: 0.553877 phi-D: 0.0286721 0
Q_ABC: 1.00881 Q_D:1.1238
Free deltaE: 9.52251 Phi-star: 0.553485 phi-D: 0.0286218 0
Q_ABC: 1.00921 Q_D:1.12379
Free deltaE: 9.50371 Phi-star: 0.553105 phi-D: 0.0285722 0
Q_ABC: 1.00964 Q_D:1.12377
Free deltaE: 9.48529 Phi-star: 0.552738 phi-D: 0.0285231 0
Q_ABC: 1.01009 Q_D:1.12376
Free deltaE: 9.46727 Phi-star: 0.552384 phi-D: 0.0284747 0
Q_ABC: 1.01057 Q_D:1.12374
Free deltaE: 9.44968 Phi-star: 0.552044 phi-D: 0.028427 0
Q_ABC: 1.01107 Q_D:1.12373
Free deltaE: 9.43253 Phi-star: 0.551717 phi-D: 0.0283798 0
Q_ABC: 1.0116 Q_D:1.12371
Free deltaE: 9.41582 Phi-star: 0.551405 phi-D: 0.0283333 0
Q_ABC: 1.01216 Q_D:1.1237
Free deltaE: 9.39958 Phi-star: 0.551107 phi-D: 0.0282875 0
Q_ABC: 1.01275 Q_D:1.12368
Free deltaE: 9.38383 Phi-star: 0.550824 phi-D: 0.0282422 0
Q_ABC: 1.01336 Q_D:1.12367
Free deltaE: 9.36857 Phi-star: 0.550556 phi-D: 0.0281976 0
Q_ABC: 1.014 Q_D:1.12366
Free deltaE: 9.35382 Phi-star: 0.550303 phi-D: 0.0281536 0
Q_ABC: 1.01466 Q_D:1.12364
Free deltaE: 9.33958 Phi-star: 0.550065 phi-D: 0.0281103 0
Q_ABC: 1.01535 Q_D:1.12363
Free deltaE: 9.32589 Phi-star: 0.549843 phi-D: 0.0280676 0
Q_ABC: 1.01607 Q_D:1.12362
Free deltaE: 9.31273 Phi-star: 0.549636 phi-D: 0.0280255 0
Q_ABC: 1.01682 Q_D:1.1236
Free deltaE: 9.30014 Phi-star: 0.549446 phi-D: 0.027984 0
Q_ABC: 1.01759 Q_D:1.12359
Free deltaE: 9.28811 Phi-star: 0.549271 phi-D: 0.0279431 0
Q_ABC: 1.01839 Q_D:1.12358
Free deltaE: 9.27665 Phi-star: 0.549112 phi-D: 0.0279028 0
Q_ABC: 1.01921 Q_D:1.12357
Free deltaE: 9.26578 Phi-star: 0.548969 phi-D: 0.0278631 0
Q_ABC: 1.02006 Q_D:1.12356
Free deltaE: 9.2555 Phi-star: 0.548842 phi-D: 0.027824 0
Q_ABC: 1.02093 Q_D:1.12354
Free deltaE: 9.24581 Phi-star: 0.548732 phi-D: 0.0277854 0
Q_ABC: 1.02183 Q_D:1.12353
Free deltaE: 9.23674 Phi-star: 0.548638 phi-D: 0.0277475 0
Q_ABC: 1.02275 Q_D:1.12352
Free deltaE: 9.22827 Phi-star: 0.54856 phi-D: 0.0277101 0
Q_ABC: 1.0237 Q_D:1.12351
Free deltaE: 9.22042 Phi-star: 0.548498 phi-D: 0.0276732 0
Q_ABC: 1.02467 Q_D:1.1235
Free deltaE: 9.21318 Phi-star: 0.548453 phi-D: 0.0276369 0
Q_ABC: 1.02566 Q_D:1.12349
Free deltaE: 9.20657 Phi-star: 0.548423 phi-D: 0.0276011 0
Q_ABC: 1.02667 Q_D:1.12348
Free deltaE: 9.20057 Phi-star: 0.54841 phi-D: 0.0275659 0
Q_ABC: 1.02771 Q_D:1.12347
Free deltaE: 9.19521 Phi-star: 0.548413 phi-D: 0.0275311 0
Q_ABC: 1.02876 Q_D:1.12346
Free deltaE: 9.19046 Phi-star: 0.548432 phi-D: 0.0274969 0
Q_ABC: 1.02983 Q_D:1.12345
Free deltaE: 9.18634 Phi-star: 0.548467 phi-D: 0.0274631 0
Q_ABC: 1.03093 Q_D:1.12344
Free deltaE: 9.18285 Phi-star: 0.548518 phi-D: 0.0274298 0
Q_ABC: 1.03204 Q_D:1.12343
Free deltaE: 9.17997 Phi-star: 0.548584 phi-D: 0.027397 0
Q_ABC: 1.03317 Q_D:1.12342
Free deltaE: 9.17771 Phi-star: 0.548665 phi-D: 0.0273646 0
Q_ABC: 1.03431 Q_D:1.12341
Free deltaE: 9.17607 Phi-star: 0.548762 phi-D: 0.0273326 0
Q_ABC: 1.03548 Q_D:1.1234
Free deltaE: 9.17504 Phi-star: 0.548874 phi-D: 0.0273011 0
Q_ABC: 1.03665 Q_D:1.1234
Free deltaE: 9.17461 Phi-star: 0.549 phi-D: 0.02727 0
Q_ABC: 1.03784 Q_D:1.12339
Free deltaE: 9.17478 Phi-star: 0.549142 phi-D: 0.0272393 0
Q_ABC: 1.03905 Q_D:1.12338
Free deltaE: 9.17554 Phi-star: 0.549297 phi-D: 0.0272089 0
Q_ABC: 1.04026 Q_D:1.12337
Free deltaE: 9.17689 Phi-star: 0.549467 phi-D: 0.027179 0
Q_ABC: 1.04149 Q_D:1.12336
Free deltaE: 9.17882 Phi-star: 0.549651 phi-D: 0.0271494 0
Q_ABC: 1.04273 Q_D:1.12335
Free deltaE: 9.18132 Phi-star: 0.549848 phi-D: 0.0271201 0
Q_ABC: 1.04398 Q_D:1.12335
Free deltaE: 9.18438 Phi-star: 0.550059 phi-D: 0.0270911 0
Q_ABC: 1.04524 Q_D:1.12334
Free deltaE: 9.188 Phi-star: 0.550282 phi-D: 0.0270625 0
Q_ABC: 1.0465 Q_D:1.12333
Free deltaE: 9.19216 Phi-star: 0.550519 phi-D: 0.0270342 0
Q_ABC: 1.04778 Q_D:1.12332
Free deltaE: 9.19685 Phi-star: 0.550767 phi-D: 0.0270061 0
Q_ABC: 1.04906 Q_D:1.12331
Free deltaE: 9.20207 Phi-star: 0.551028 phi-D: 0.0269784 0
Q_ABC: 1.05034 Q_D:1.1233
Free deltaE: 9.2078 Phi-star: 0.551301 phi-D: 0.0269509 0
Q_ABC: 1.05163 Q_D:1.1233
Free deltaE: 9.21404 Phi-star: 0.551585 phi-D: 0.0269236 0
Q_ABC: 1.05292 Q_D:1.12329
Free deltaE: 9.22076 Phi-star: 0.55188 phi-D: 0.0268966 0
Q_ABC: 1.05421 Q_D:1.12328
Free deltaE: 9.22797 Phi-star: 0.552186 phi-D: 0.0268698 0
Q_ABC: 1.05551 Q_D:1.12327
Free deltaE: 9.23564 Phi-star: 0.552503 phi-D: 0.0268432 0
Q_ABC: 1.0568 Q_D:1.12327
Free deltaE: 9.24376 Phi-star: 0.552829 phi-D: 0.0268168 0
Q_ABC: 1.0581 Q_D:1.12326
Free deltaE: 9.25233 Phi-star: 0.553165 phi-D: 0.0267906 0
Q_ABC: 1.05939 Q_D:1.12325
Free deltaE: 9.26133 Phi-star: 0.553511 phi-D: 0.0267646 0
Q_ABC: 1.06068 Q_D:1.12324
Free deltaE: 9.27074 Phi-star: 0.553865 phi-D: 0.0267387 0
Q_ABC: 1.06197 Q_D:1.12323
Free deltaE: 9.28056 Phi-star: 0.554228 phi-D: 0.0267129 0
Q_ABC: 1.06325 Q_D:1.12323
Free deltaE: 9.29077 Phi-star: 0.554599 phi-D: 0.0266873 0
Q_ABC: 1.06453 Q_D:1.12322
Free deltaE: 9.30135 Phi-star: 0.554977 phi-D: 0.0266619 0
Q_ABC: 1.06581 Q_D:1.12321
Free deltaE: 9.3123 Phi-star: 0.555363 phi-D: 0.0266365 0
Q_ABC: 1.06708 Q_D:1.1232
Free deltaE: 9.3236 Phi-star: 0.555756 phi-D: 0.0266112 0
Q_ABC: 1.06834 Q_D:1.12319
Free deltaE: 9.33523 Phi-star: 0.556156 phi-D: 0.026586 0
Q_ABC: 1.06959 Q_D:1.12319
Free deltaE: 9.34718 Phi-star: 0.556562 phi-D: 0.0265609 0
Q_ABC: 1.07084 Q_D:1.12318
Free deltaE: 9.35943 Phi-star: 0.556973 phi-D: 0.0265359 0
Q_ABC: 1.07208 Q_D:1.12317
Free deltaE: 9.37198 Phi-star: 0.55739 phi-D: 0.0265109 0
Q_ABC: 1.07331 Q_D:1.12316
Free deltaE: 9.38481 Phi-star: 0.557812 phi-D: 0.026486 0
Q_ABC: 1.07452 Q_D:1.12315
Free deltaE: 9.39789 Phi-star: 0.558239 phi-D: 0.0264611 0
Q_ABC: 1.07573 Q_D:1.12315
Free deltaE: 9.41123 Phi-star: 0.558669 phi-D: 0.0264363 0
Q_ABC: 1.07692 Q_D:1.12314
Free deltaE: 9.42479 Phi-star: 0.559104 phi-D: 0.0264114 0
Q_ABC: 1.07811 Q_D:1.12313
Free deltaE: 9.43857 Phi-star: 0.559541 phi-D: 0.0263866 0
Q_ABC: 1.07928 Q_D:1.12312
Free deltaE: 9.45255 Phi-star: 0.559982 phi-D: 0.0263618 0
Q_ABC: 1.08043 Q_D:1.12311
Free deltaE: 9.46672 Phi-star: 0.560425 phi-D: 0.0263369 0
Q_ABC: 1.08157 Q_D:1.1231
Free deltaE: 9.48105 Phi-star: 0.560871 phi-D: 0.0263121 0
Q_ABC: 1.0827 Q_D:1.12309
Free deltaE: 9.49554 Phi-star: 0.561318 phi-D: 0.0262872 0
Q_ABC: 1.08382 Q_D:1.12309
Free deltaE: 9.51017 Phi-star: 0.561766 phi-D: 0.0262623 0
Q_ABC: 1.08492 Q_D:1.12308
Free deltaE: 9.52492 Phi-star: 0.562216 phi-D: 0.0262374 0
Q_ABC: 1.086 Q_D:1.12307
Free deltaE: 9.53978 Phi-star: 0.562666 phi-D: 0.0262124 0
Q_ABC: 1.08707 Q_D:1.12306
Free deltaE: 9.55472 Phi-star: 0.563116 phi-D: 0.0261873 0
Q_ABC: 1.08812 Q_D:1.12305
Free deltaE: 9.56974 Phi-star: 0.563566 phi-D: 0.0261622 0
Q_ABC: 1.08915 Q_D:1.12304
Free deltaE: 9.58481 Phi-star: 0.564015 phi-D: 0.0261371 0
Q_ABC: 1.09017 Q_D:1.12303
Free deltaE: 9.59993 Phi-star: 0.564463 phi-D: 0.0261118 0
Q_ABC: 1.09117 Q_D:1.12302
Free deltaE: 9.61506 Phi-star: 0.56491 phi-D: 0.0260865 0
Q_ABC: 1.09215 Q_D:1.12301
Free deltaE: 9.63021 Phi-star: 0.565356 phi-D: 0.0260611 0
Q_ABC: 1.09312 Q_D:1.123
Free deltaE: 9.64535 Phi-star: 0.565799 phi-D: 0.0260356 0
Q_ABC: 1.09407 Q_D:1.12299
Free deltaE: 9.66046 Phi-star: 0.566239 phi-D: 0.0260101 0
Q_ABC: 1.09499 Q_D:1.12298
Free deltaE: 9.67553 Phi-star: 0.566677 phi-D: 0.0259844 0
Q_ABC: 1.09591 Q_D:1.12297
Free deltaE: 9.69054 Phi-star: 0.567112 phi-D: 0.0259586 0
Q_ABC: 1.0968 Q_D:1.12296
Free deltaE: 9.70548 Phi-star: 0.567543 phi-D: 0.0259327 0
Q_ABC: 1.09767 Q_D:1.12295
Free deltaE: 9.72033 Phi-star: 0.56797 phi-D: 0.0259067 0
Q_ABC: 1.09852 Q_D:1.12294
Free deltaE: 9.73507 Phi-star: 0.568393 phi-D: 0.0258805 0
Q_ABC: 1.09936 Q_D:1.12293
Free deltaE: 9.7497 Phi-star: 0.568812 phi-D: 0.0258543 0
Q_ABC: 1.10018 Q_D:1.12292
Free deltaE: 9.76418 Phi-star: 0.569226 phi-D: 0.0258279 0
Q_ABC: 1.10097 Q_D:1.12291
Free deltaE: 9.77852 Phi-star: 0.569634 phi-D: 0.0258014 0
Q_ABC: 1.10175 Q_D:1.1229
Free deltaE: 9.79269 Phi-star: 0.570038 phi-D: 0.0257748 0
Q_ABC: 1.10251 Q_D:1.12289
Free deltaE: 9.80668 Phi-star: 0.570435 phi-D: 0.025748 0
Q_ABC: 1.10325 Q_D:1.12288
Free deltaE: 9.82047 Phi-star: 0.570827 phi-D: 0.0257212 0
Q_ABC: 1.10397 Q_D:1.12287
Free deltaE: 9.83406 Phi-star: 0.571212 phi-D: 0.0256941 0
Q_ABC: 1.10467 Q_D:1.12286
Free deltaE: 9.84743 Phi-star: 0.571591 phi-D: 0.025667 0
Q_ABC: 1.10535 Q_D:1.12284
Free deltaE: 9.86056 Phi-star: 0.571963 phi-D: 0.0256396 0
Q_ABC: 1.10601 Q_D:1.12283
Free deltaE: 9.87345 Phi-star: 0.572328 phi-D: 0.0256122 0
Q_ABC: 1.10665 Q_D:1.12282
Free deltaE: 9.88608 Phi-star: 0.572686 phi-D: 0.0255846 0
Q_ABC: 1.10728 Q_D:1.12281
Free deltaE: 9.89844 Phi-star: 0.573037 phi-D: 0.0255569 0
Q_ABC: 1.10788 Q_D:1.1228
Free deltaE: 9.91052 Phi-star: 0.57338 phi-D: 0.025529 0
Q_ABC: 1.10847 Q_D:1.12279
Free deltaE: 9.92231 Phi-star: 0.573715 phi-D: 0.0255009 0
Q_ABC: 1.10903 Q_D:1.12277
Free deltaE: 9.93379 Phi-star: 0.574042 phi-D: 0.0254728 0
Q_ABC: 1.10958 Q_D:1.12276
Free deltaE: 9.94497 Phi-star: 0.57436 phi-D: 0.0254445 0
Q_ABC: 1.11011 Q_D:1.12275
Free deltaE: 9.95583 Phi-star: 0.574671 phi-D: 0.025416 0
Q_ABC: 1.11062 Q_D:1.12274
Free deltaE: 9.96636 Phi-star: 0.574973 phi-D: 0.0253874 0
Q_ABC: 1.11111 Q_D:1.12272
Free deltaE: 9.97656 Phi-star: 0.575266 phi-D: 0.0253587 0
Q_ABC: 1.11159 Q_D:1.12271
Free deltaE: 9.98641 Phi-star: 0.57555 phi-D: 0.0253298 0
Q_ABC: 1.11204 Q_D:1.1227
Free deltaE: 9.99592 Phi-star: 0.575826 phi-D: 0.0253007 0
Q_ABC: 1.11248 Q_D:1.12269
Free deltaE: 10.0051 Phi-star: 0.576092 phi-D: 0.0252716 0
Q_ABC: 1.1129 Q_D:1.12267
Free deltaE: 10.0138 Phi-star: 0.57635 phi-D: 0.0252423 0
Q_ABC: 1.1133 Q_D:1.12266
Free deltaE: 10.0223 Phi-star: 0.576598 phi-D: 0.0252128 0
Q_ABC: 1.11369 Q_D:1.12265
Free deltaE: 10.0303 Phi-star: 0.576837 phi-D: 0.0251833 0
Q_ABC: 1.11406 Q_D:1.12263
Free deltaE: 10.038 Phi-star: 0.577066 phi-D: 0.0251536 0
Q_ABC: 1.11441 Q_D:1.12262
Free deltaE: 10.0452 Phi-star: 0.577286 phi-D: 0.0251237 0
Q_ABC: 1.11475 Q_D:1.12261
Free deltaE: 10.0521 Phi-star: 0.577496 phi-D: 0.0250938 0
Q_ABC: 1.11507 Q_D:1.12259
Free deltaE: 10.0586 Phi-star: 0.577697 phi-D: 0.0250637 0
Q_ABC: 1.11537 Q_D:1.12258
Free deltaE: 10.0647 Phi-star: 0.577889 phi-D: 0.0250335 0
Q_ABC: 1.11566 Q_D:1.12257
Free deltaE: 10.0704 Phi-star: 0.578071 phi-D: 0.0250032 0
Q_ABC: 1.11593 Q_D:1.12255
Free deltaE: 10.0757 Phi-star: 0.578243 phi-D: 0.0249728 0
Q_ABC: 1.11619 Q_D:1.12254
Free deltaE: 10.0805 Phi-star: 0.578406 phi-D: 0.0249423 0
Q_ABC: 1.11644 Q_D:1.12252
Free deltaE: 10.085 Phi-star: 0.578559 phi-D: 0.0249117 0
Q_ABC: 1.11666 Q_D:1.12251
Free deltaE: 10.089 Phi-star: 0.578703 phi-D: 0.024881 0
Q_ABC: 1.11688 Q_D:1.12249
Free deltaE: 10.0927 Phi-star: 0.578837 phi-D: 0.0248501 0
Q_ABC: 1.11708 Q_D:1.12248
Free deltaE: 10.0959 Phi-star: 0.578962 phi-D: 0.0248192 0
Q_ABC: 1.11727 Q_D:1.12247
Free deltaE: 10.0987 Phi-star: 0.579077 phi-D: 0.0247882 0
Q_ABC: 1.11744 Q_D:1.12245
Free deltaE: 10.1011 Phi-star: 0.579183 phi-D: 0.0247572 0
Q_ABC: 1.11761 Q_D:1.12244
Free deltaE: 10.103 Phi-star: 0.57928 phi-D: 0.024726 0
Q_ABC: 1.11776 Q_D:1.12242
Free deltaE: 10.1045 Phi-star: 0.579368 phi-D: 0.0246948 0
Q_ABC: 1.1179 Q_D:1.12241
Free deltaE: 10.1057 Phi-star: 0.579448 phi-D: 0.0246636 0
Q_ABC: 1.11802 Q_D:1.12239
Free deltaE: 10.1064 Phi-star: 0.579518 phi-D: 0.0246322 0
Q_ABC: 1.11814 Q_D:1.12238
Free deltaE: 10.1066 Phi-star: 0.57958 phi-D: 0.0246009 0
Q_ABC: 1.11825 Q_D:1.12236
Free deltaE: 10.1065 Phi-star: 0.579633 phi-D: 0.0245694 0
Q_ABC: 1.11834 Q_D:1.12235
Free deltaE: 10.1059 Phi-star: 0.579678 phi-D: 0.024538 0
Q_ABC: 1.11843 Q_D:1.12233
Free deltaE: 10.105 Phi-star: 0.579714 phi-D: 0.0245065 0
Q_ABC: 1.11851 Q_D:1.12231
Free deltaE: 10.1036 Phi-star: 0.579743 phi-D: 0.024475 0
Q_ABC: 1.11857 Q_D:1.1223
Free deltaE: 10.1018 Phi-star: 0.579764 phi-D: 0.0244435 0
Q_ABC: 1.11863 Q_D:1.12228
Free deltaE: 10.0996 Phi-star: 0.579778 phi-D: 0.0244119 0
Q_ABC: 1.11869 Q_D:1.12227
Free deltaE: 10.0971 Phi-star: 0.579784 phi-D: 0.0243804 0
Q_ABC: 1.11873 Q_D:1.12225
Free deltaE: 10.0942 Phi-star: 0.579783 phi-D: 0.0243488 0
Q_ABC: 1.11877 Q_D:1.12224
Free deltaE: 10.0909 Phi-star: 0.579776 phi-D: 0.0243173 0
Q_ABC: 1.11881 Q_D:1.12222
Free deltaE: 10.0872 Phi-star: 0.579762 phi-D: 0.0242858 0
Q_ABC: 1.11884 Q_D:1.1222
Free deltaE: 10.0832 Phi-star: 0.579742 phi-D: 0.0242544 0
Q_ABC: 1.11886 Q_D:1.12219
Free deltaE: 10.0789 Phi-star: 0.579716 phi-D: 0.0242229 0
Q_ABC: 1.11888 Q_D:1.12217
Free deltaE: 10.0742 Phi-star: 0.579684 phi-D: 0.0241915 0
Q_ABC: 1.11889 Q_D:1.12215
Free deltaE: 10.0692 Phi-star: 0.579648 phi-D: 0.0241602 0
Q_ABC: 1.11891 Q_D:1.12214
Free deltaE: 10.064 Phi-star: 0.579606 phi-D: 0.0241289 0
Q_ABC: 1.11891 Q_D:1.12212
Free deltaE: 10.0584 Phi-star: 0.579559 phi-D: 0.0240976 0
Q_ABC: 1.11892 Q_D:1.12211
Free deltaE: 10.0526 Phi-star: 0.579508 phi-D: 0.0240665 0
Q_ABC: 1.11893 Q_D:1.12209
Free deltaE: 10.0466 Phi-star: 0.579454 phi-D: 0.0240354 0
Q_ABC: 1.11893 Q_D:1.12207
Free deltaE: 10.0403 Phi-star: 0.579395 phi-D: 0.0240044 0
Q_ABC: 1.11894 Q_D:1.12206
Free deltaE: 10.0338 Phi-star: 0.579333 phi-D: 0.0239735 0
Q_ABC: 1.11894 Q_D:1.12204
Free deltaE: 10.0271 Phi-star: 0.579268 phi-D: 0.0239427 0
Q_ABC: 1.11895 Q_D:1.12202
Free deltaE: 10.0203 Phi-star: 0.5792 phi-D: 0.0239119 0
Q_ABC: 1.11896 Q_D:1.12201
Free deltaE: 10.0133 Phi-star: 0.57913 phi-D: 0.0238813 0
Q_ABC: 1.11897 Q_D:1.12199
Free deltaE: 10.0062 Phi-star: 0.579058 phi-D: 0.0238508 0
Q_ABC: 1.11898 Q_D:1.12197
Free deltaE: 9.99896 Phi-star: 0.578984 phi-D: 0.0238205 0
Q_ABC: 1.11899 Q_D:1.12196
Free deltaE: 9.99163 Phi-star: 0.578909 phi-D: 0.0237902 0
Q_ABC: 1.11901 Q_D:1.12194
Free deltaE: 9.98424 Phi-star: 0.578832 phi-D: 0.0237601 0
Q_ABC: 1.11903 Q_D:1.12192
Free deltaE: 9.97679 Phi-star: 0.578755 phi-D: 0.0237301 0
Q_ABC: 1.11906 Q_D:1.1219
Free deltaE: 9.96931 Phi-star: 0.578677 phi-D: 0.0237002 0
Q_ABC: 1.11909 Q_D:1.12189
Free deltaE: 9.96182 Phi-star: 0.578599 phi-D: 0.0236705 0
Q_ABC: 1.11913 Q_D:1.12187
Free deltaE: 9.95433 Phi-star: 0.57852 phi-D: 0.0236409 0
Q_ABC: 1.11917 Q_D:1.12185
Free deltaE: 9.94687 Phi-star: 0.578442 phi-D: 0.0236115 0
Q_ABC: 1.11922 Q_D:1.12184
Free deltaE: 9.93945 Phi-star: 0.578364 phi-D: 0.0235822 0
Q_ABC: 1.11927 Q_D:1.12182
Free deltaE: 9.93209 Phi-star: 0.578287 phi-D: 0.0235531 0
Q_ABC: 1.11933 Q_D:1.1218
Free deltaE: 9.92479 Phi-star: 0.57821 phi-D: 0.0235241 0
Q_ABC: 1.1194 Q_D:1.12178
Free deltaE: 9.91759 Phi-star: 0.578135 phi-D: 0.0234952 0
Q_ABC: 1.11947 Q_D:1.12177
Free deltaE: 9.91048 Phi-star: 0.578061 phi-D: 0.0234666 0
Q_ABC: 1.11955 Q_D:1.12175
Free deltaE: 9.90349 Phi-star: 0.577988 phi-D: 0.023438 0
Q_ABC: 1.11964 Q_D:1.12173
Free deltaE: 9.89662 Phi-star: 0.577916 phi-D: 0.0234096 0
Q_ABC: 1.11974 Q_D:1.12172
Free deltaE: 9.88988 Phi-star: 0.577847 phi-D: 0.0233814 0
Q_ABC: 1.11984 Q_D:1.1217
Free deltaE: 9.88329 Phi-star: 0.577778 phi-D: 0.0233533 0
Q_ABC: 1.11995 Q_D:1.12168
Free deltaE: 9.87685 Phi-star: 0.577712 phi-D: 0.0233254 0
Q_ABC: 1.12007 Q_D:1.12166
Free deltaE: 9.87056 Phi-star: 0.577648 phi-D: 0.0232976 0
Q_ABC: 1.1202 Q_D:1.12165
Free deltaE: 9.86444 Phi-star: 0.577585 phi-D: 0.02327 0
Q_ABC: 1.12033 Q_D:1.12163
Free deltaE: 9.85848 Phi-star: 0.577524 phi-D: 0.0232425 0
Q_ABC: 1.12048 Q_D:1.12161
Free deltaE: 9.8527 Phi-star: 0.577465 phi-D: 0.0232152 0
Q_ABC: 1.12063 Q_D:1.12159
Free deltaE: 9.84708 Phi-star: 0.577409 phi-D: 0.023188 0
Q_ABC: 1.12079 Q_D:1.12158
Free deltaE: 9.84164 Phi-star: 0.577354 phi-D: 0.0231609 0
Q_ABC: 1.12095 Q_D:1.12156
Free deltaE: 9.83637 Phi-star: 0.577301 phi-D: 0.023134 0
Q_ABC: 1.12113 Q_D:1.12154
Free deltaE: 9.83127 Phi-star: 0.57725 phi-D: 0.0231072 0
Q_ABC: 1.12131 Q_D:1.12152
Free deltaE: 9.82633 Phi-star: 0.577201 phi-D: 0.0230805 0
Q_ABC: 1.1215 Q_D:1.1215
Free deltaE: 9.82156 Phi-star: 0.577153 phi-D: 0.0230539 0
Q_ABC: 1.12169 Q_D:1.12149
Free deltaE: 9.81695 Phi-star: 0.577107 phi-D: 0.0230275 0
Q_ABC: 1.12189 Q_D:1.12147
Free deltaE: 9.8125 Phi-star: 0.577063 phi-D: 0.0230012 0
Q_ABC: 1.1221 Q_D:1.12145
Free deltaE: 9.80819 Phi-star: 0.577021 phi-D: 0.022975 0
Q_ABC: 1.12232 Q_D:1.12143
Free deltaE: 9.80402 Phi-star: 0.57698 phi-D: 0.0229489 0
Q_ABC: 1.12254 Q_D:1.12141
Free deltaE: 9.79999 Phi-star: 0.57694 phi-D: 0.0229228 0
Q_ABC: 1.12277 Q_D:1.1214
Free deltaE: 9.79608 Phi-star: 0.576902 phi-D: 0.0228969 0
Q_ABC: 1.123 Q_D:1.12138
Free deltaE: 9.79229 Phi-star: 0.576864 phi-D: 0.0228711 0
Q_ABC: 1.12324 Q_D:1.12136
Free deltaE: 9.78861 Phi-star: 0.576828 phi-D: 0.0228454 0
Q_ABC: 1.12349 Q_D:1.12134
Free deltaE: 9.78502 Phi-star: 0.576792 phi-D: 0.0228198 0
Q_ABC: 1.12374 Q_D:1.12132
Free deltaE: 9.78153 Phi-star: 0.576757 phi-D: 0.0227942 0
Q_ABC: 1.12399 Q_D:1.12131
Free deltaE: 9.77812 Phi-star: 0.576722 phi-D: 0.0227687 0
Q_ABC: 1.12425 Q_D:1.12129
Free deltaE: 9.77478 Phi-star: 0.576688 phi-D: 0.0227433 0
Q_ABC: 1.12451 Q_D:1.12127
Free deltaE: 9.77149 Phi-star: 0.576654 phi-D: 0.0227179 0
Q_ABC: 1.12477 Q_D:1.12125
Free deltaE: 9.76826 Phi-star: 0.576621 phi-D: 0.0226926 0
Q_ABC: 1.12504 Q_D:1.12123
Free deltaE: 9.76508 Phi-star: 0.576587 phi-D: 0.0226673 0
Q_ABC: 1.12531 Q_D:1.12121
Free deltaE: 9.76192 Phi-star: 0.576553 phi-D: 0.0226421 0
Q_ABC: 1.12558 Q_D:1.12119
Free deltaE: 9.75879 Phi-star: 0.576518 phi-D: 0.022617 0
Q_ABC: 1.12586 Q_D:1.12118
Free deltaE: 9.75567 Phi-star: 0.576483 phi-D: 0.0225919 0
Q_ABC: 1.12614 Q_D:1.12116
Free deltaE: 9.75255 Phi-star: 0.576448 phi-D: 0.0225668 0
Q_ABC: 1.12641 Q_D:1.12114
Free deltaE: 9.74943 Phi-star: 0.576411 phi-D: 0.0225417 0
Q_ABC: 1.12669 Q_D:1.12112
Free deltaE: 9.74631 Phi-star: 0.576374 phi-D: 0.0225167 0
Q_ABC: 1.12697 Q_D:1.1211
Free deltaE: 9.74316 Phi-star: 0.576335 phi-D: 0.0224917 0
Q_ABC: 1.12725 Q_D:1.12108
Free deltaE: 9.73998 Phi-star: 0.576296 phi-D: 0.0224667 0
Q_ABC: 1.12753 Q_D:1.12106
Free deltaE: 9.73677 Phi-star: 0.576255 phi-D: 0.0224417 0
Q_ABC: 1.12781 Q_D:1.12105
Free deltaE: 9.73352 Phi-star: 0.576212 phi-D: 0.0224167 0
Q_ABC: 1.12809 Q_D:1.12103
Free deltaE: 9.73022 Phi-star: 0.576168 phi-D: 0.0223917 0
Q_ABC: 1.12837 Q_D:1.12101
Free deltaE: 9.72687 Phi-star: 0.576122 phi-D: 0.0223668 0
Q_ABC: 1.12865 Q_D:1.12099
Free deltaE: 9.72347 Phi-star: 0.576074 phi-D: 0.0223418 0
Q_ABC: 1.12892 Q_D:1.12097
Free deltaE: 9.71999 Phi-star: 0.576024 phi-D: 0.0223168 0
Q_ABC: 1.12919 Q_D:1.12095
Free deltaE: 9.71646 Phi-star: 0.575972 phi-D: 0.0222918 0
Q_ABC: 1.12946 Q_D:1.12093
Free deltaE: 9.71284 Phi-star: 0.575918 phi-D: 0.0222668 0
Q_ABC: 1.12973 Q_D:1.12091
Free deltaE: 9.70916 Phi-star: 0.575862 phi-D: 0.0222418 0
Q_ABC: 1.13 Q_D:1.12089
Free deltaE: 9.70539 Phi-star: 0.575803 phi-D: 0.0222167 0
Q_ABC: 1.13026 Q_D:1.12087
Free deltaE: 9.70154 Phi-star: 0.575741 phi-D: 0.0221916 0
Q_ABC: 1.13052 Q_D:1.12085
Free deltaE: 9.69761 Phi-star: 0.575677 phi-D: 0.0221665 0
Q_ABC: 1.13077 Q_D:1.12084
Free deltaE: 9.69358 Phi-star: 0.57561 phi-D: 0.0221414 0
Q_ABC: 1.13102 Q_D:1.12082
Free deltaE: 9.68947 Phi-star: 0.575541 phi-D: 0.0221162 0
Q_ABC: 1.13127 Q_D:1.1208
Free deltaE: 9.68526 Phi-star: 0.575468 phi-D: 0.022091 0
Q_ABC: 1.13151 Q_D:1.12078
Free deltaE: 9.68096 Phi-star: 0.575393 phi-D: 0.0220658 0
Q_ABC: 1.13174 Q_D:1.12076
Free deltaE: 9.67656 Phi-star: 0.575314 phi-D: 0.0220405 0
Q_ABC: 1.13197 Q_D:1.12074
Free deltaE: 9.67207 Phi-star: 0.575233 phi-D: 0.0220152 0
Q_ABC: 1.1322 Q_D:1.12072
Free deltaE: 9.66747 Phi-star: 0.575148 phi-D: 0.0219898 0
Q_ABC: 1.13242 Q_D:1.1207
Free deltaE: 9.66277 Phi-star: 0.57506 phi-D: 0.0219643 0
Q_ABC: 1.13263 Q_D:1.12068
Free deltaE: 9.65797 Phi-star: 0.574969 phi-D: 0.0219389 0
Q_ABC: 1.13284 Q_D:1.12066
Free deltaE: 9.65307 Phi-star: 0.574874 phi-D: 0.0219133 0
Q_ABC: 1.13304 Q_D:1.12064
Free deltaE: 9.64807 Phi-star: 0.574776 phi-D: 0.0218878 0
Q_ABC: 1.13323 Q_D:1.12062
Free deltaE: 9.64296 Phi-star: 0.574675 phi-D: 0.0218621 0
Q_ABC: 1.13342 Q_D:1.1206
Free deltaE: 9.63774 Phi-star: 0.57457 phi-D: 0.0218364 0
Q_ABC: 1.1336 Q_D:1.12058
Free deltaE: 9.63242 Phi-star: 0.574462 phi-D: 0.0218107 0
Q_ABC: 1.13377 Q_D:1.12056
Free deltaE: 9.627 Phi-star: 0.57435 phi-D: 0.0217848 0
Q_ABC: 1.13394 Q_D:1.12054
Free deltaE: 9.62147 Phi-star: 0.574234 phi-D: 0.021759 0
Q_ABC: 1.1341 Q_D:1.12052
Free deltaE: 9.61583 Phi-star: 0.574115 phi-D: 0.021733 0
Q_ABC: 1.13425 Q_D:1.1205
Free deltaE: 9.61008 Phi-star: 0.573992 phi-D: 0.021707 0
Q_ABC: 1.13439 Q_D:1.12048
Free deltaE: 9.60423 Phi-star: 0.573866 phi-D: 0.0216809 0
Q_ABC: 1.13452 Q_D:1.12047
Free deltaE: 9.59827 Phi-star: 0.573736 phi-D: 0.0216548 0
Q_ABC: 1.13465 Q_D:1.12045
Free deltaE: 9.5922 Phi-star: 0.573602 phi-D: 0.0216286 0
Q_ABC: 1.13477 Q_D:1.12043
Free deltaE: 9.58602 Phi-star: 0.573465 phi-D: 0.0216023 0
Q_ABC: 1.13487 Q_D:1.12041
Free deltaE: 9.57974 Phi-star: 0.573324 phi-D: 0.021576 0
Q_ABC: 1.13497 Q_D:1.12039
Free deltaE: 9.57335 Phi-star: 0.573179 phi-D: 0.0215496 0
Q_ABC: 1.13506 Q_D:1.12037
Free deltaE: 9.56685 Phi-star: 0.57303 phi-D: 0.0215231 0
Q_ABC: 1.13515 Q_D:1.12035
Free deltaE: 9.56024 Phi-star: 0.572878 phi-D: 0.0214966 0
Q_ABC: 1.13522 Q_D:1.12033
Free deltaE: 9.55353 Phi-star: 0.572722 phi-D: 0.02147 0
Q_ABC: 1.13528 Q_D:1.12031
Free deltaE: 9.5467 Phi-star: 0.572563 phi-D: 0.0214433 0
Q_ABC: 1.13534 Q_D:1.12029
Free deltaE: 9.53977 Phi-star: 0.5724 phi-D: 0.0214166 0
Q_ABC: 1.13538 Q_D:1.12027
Free deltaE: 9.53274 Phi-star: 0.572233 phi-D: 0.0213898 0
Q_ABC: 1.13542 Q_D:1.12025
Free deltaE: 9.5256 Phi-star: 0.572063 phi-D: 0.0213629 0
Q_ABC: 1.13545 Q_D:1.12023
Free deltaE: 9.51835 Phi-star: 0.571889 phi-D: 0.021336 0
Q_ABC: 1.13547 Q_D:1.12021
Free deltaE: 9.511 Phi-star: 0.571712 phi-D: 0.021309 0
Q_ABC: 1.13547 Q_D:1.12019
Free deltaE: 9.50355 Phi-star: 0.571531 phi-D: 0.021282 0
Q_ABC: 1.13547 Q_D:1.12017
Free deltaE: 9.49599 Phi-star: 0.571347 phi-D: 0.0212548 0
Q_ABC: 1.13546 Q_D:1.12015
Free deltaE: 9.48833 Phi-star: 0.57116 phi-D: 0.0212277 0
Q_ABC: 1.13545 Q_D:1.12014
Free deltaE: 9.48057 Phi-star: 0.570969 phi-D: 0.0212005 0
Q_ABC: 1.13542 Q_D:1.12012
Free deltaE: 9.47271 Phi-star: 0.570776 phi-D: 0.0211732 0
Q_ABC: 1.13538 Q_D:1.1201
Free deltaE: 9.46475 Phi-star: 0.570579 phi-D: 0.0211459 0
Q_ABC: 1.13533 Q_D:1.12008
Free deltaE: 9.4567 Phi-star: 0.570379 phi-D: 0.0211185 0
Q_ABC: 1.13528 Q_D:1.12006
Free deltaE: 9.44855 Phi-star: 0.570176 phi-D: 0.0210911 0
Q_ABC: 1.13522 Q_D:1.12004
Free deltaE: 9.44031 Phi-star: 0.56997 phi-D: 0.0210636 0
Q_ABC: 1.13514 Q_D:1.12002
Free deltaE: 9.43198 Phi-star: 0.569761 phi-D: 0.0210361 0
Q_ABC: 1.13506 Q_D:1.12
Free deltaE: 9.42356 Phi-star: 0.56955 phi-D: 0.0210085 0
Q_ABC: 1.13497 Q_D:1.11998
Free deltaE: 9.41506 Phi-star: 0.569336 phi-D: 0.0209809 0
Q_ABC: 1.13487 Q_D:1.11997
Free deltaE: 9.40647 Phi-star: 0.56912 phi-D: 0.0209533 0
Q_ABC: 1.13477 Q_D:1.11995
Free deltaE: 9.3978 Phi-star: 0.568901 phi-D: 0.0209257 0
Q_ABC: 1.13465 Q_D:1.11993
Free deltaE: 9.38905 Phi-star: 0.56868 phi-D: 0.020898 0
Q_ABC: 1.13453 Q_D:1.11991
Free deltaE: 9.38022 Phi-star: 0.568456 phi-D: 0.0208703 0
Q_ABC: 1.1344 Q_D:1.11989
Free deltaE: 9.37132 Phi-star: 0.568231 phi-D: 0.0208425 0
Q_ABC: 1.13426 Q_D:1.11987
Free deltaE: 9.36236 Phi-star: 0.568003 phi-D: 0.0208148 0
Q_ABC: 1.13412 Q_D:1.11986
Free deltaE: 9.35332 Phi-star: 0.567774 phi-D: 0.020787 0
Q_ABC: 1.13397 Q_D:1.11984
Free deltaE: 9.34423 Phi-star: 0.567543 phi-D: 0.0207592 0
Q_ABC: 1.13381 Q_D:1.11982
Free deltaE: 9.33507 Phi-star: 0.567311 phi-D: 0.0207314 0
Q_ABC: 1.13365 Q_D:1.1198
Free deltaE: 9.32586 Phi-star: 0.567077 phi-D: 0.0207037 0
Q_ABC: 1.13348 Q_D:1.11979
Free deltaE: 9.3166 Phi-star: 0.566842 phi-D: 0.0206759 0
Q_ABC: 1.1333 Q_D:1.11977
Free deltaE: 9.30729 Phi-star: 0.566606 phi-D: 0.0206481 0
Q_ABC: 1.13312 Q_D:1.11975
Free deltaE: 9.29794 Phi-star: 0.566369 phi-D: 0.0206203 0
Q_ABC: 1.13293 Q_D:1.11974
Free deltaE: 9.28855 Phi-star: 0.566131 phi-D: 0.0205925 0
Q_ABC: 1.13274 Q_D:1.11972
Free deltaE: 9.27912 Phi-star: 0.565893 phi-D: 0.0205648 0
Q_ABC: 1.13254 Q_D:1.1197
Free deltaE: 9.26967 Phi-star: 0.565654 phi-D: 0.020537 0
Q_ABC: 1.13234 Q_D:1.11968
Free deltaE: 9.26019 Phi-star: 0.565414 phi-D: 0.0205093 0
Q_ABC: 1.13214 Q_D:1.11967
Free deltaE: 9.25069 Phi-star: 0.565175 phi-D: 0.0204817 0
Q_ABC: 1.13193 Q_D:1.11965
Free deltaE: 9.24118 Phi-star: 0.564936 phi-D: 0.020454 0
Q_ABC: 1.13172 Q_D:1.11964
Free deltaE: 9.23165 Phi-star: 0.564696 phi-D: 0.0204264 0
Q_ABC: 1.1315 Q_D:1.11962
Free deltaE: 9.22213 Phi-star: 0.564458 phi-D: 0.0203989 0
Q_ABC: 1.13128 Q_D:1.1196
Free deltaE: 9.2126 Phi-star: 0.564219 phi-D: 0.0203714 0
Q_ABC: 1.13106 Q_D:1.11959
Free deltaE: 9.20308 Phi-star: 0.563982 phi-D: 0.0203439 0
Q_ABC: 1.13084 Q_D:1.11957
Free deltaE: 9.19358 Phi-star: 0.563746 phi-D: 0.0203165 0
Q_ABC: 1.13062 Q_D:1.11956
Free deltaE: 9.18409 Phi-star: 0.56351 phi-D: 0.0202892 0
Q_ABC: 1.1304 Q_D:1.11954
Free deltaE: 9.17462 Phi-star: 0.563276 phi-D: 0.0202619 0
Q_ABC: 1.13017 Q_D:1.11953
Free deltaE: 9.16519 Phi-star: 0.563044 phi-D: 0.0202347 0
Q_ABC: 1.12995 Q_D:1.11951
Free deltaE: 9.15579 Phi-star: 0.562813 phi-D: 0.0202076 0
Q_ABC: 1.12972 Q_D:1.1195
Free deltaE: 9.14644 Phi-star: 0.562584 phi-D: 0.0201806 0
Q_ABC: 1.1295 Q_D:1.11948
Free deltaE: 9.13713 Phi-star: 0.562358 phi-D: 0.0201536 0
Q_ABC: 1.12928 Q_D:1.11947
Free deltaE: 9.12788 Phi-star: 0.562133 phi-D: 0.0201268 0
Q_ABC: 1.12906 Q_D:1.11946
Free deltaE: 9.1187 Phi-star: 0.561911 phi-D: 0.0201 0
Q_ABC: 1.12884 Q_D:1.11944
Free deltaE: 9.10958 Phi-star: 0.561692 phi-D: 0.0200734 0
Q_ABC: 1.12863 Q_D:1.11943
Free deltaE: 9.10053 Phi-star: 0.561476 phi-D: 0.0200468 0
Q_ABC: 1.12841 Q_D:1.11942
Free deltaE: 9.09157 Phi-star: 0.561263 phi-D: 0.0200204 0
Q_ABC: 1.1282 Q_D:1.1194
Free deltaE: 9.08269 Phi-star: 0.561053 phi-D: 0.0199941 0
Q_ABC: 1.128 Q_D:1.11939
Free deltaE: 9.07391 Phi-star: 0.560847 phi-D: 0.0199679 0
Q_ABC: 1.1278 Q_D:1.11938
Free deltaE: 9.06524 Phi-star: 0.560644 phi-D: 0.0199418 0
Q_ABC: 1.1276 Q_D:1.11936
Free deltaE: 9.05667 Phi-star: 0.560446 phi-D: 0.0199159 0
Q_ABC: 1.12741 Q_D:1.11935
Free deltaE: 9.04821 Phi-star: 0.560251 phi-D: 0.0198901 0
Q_ABC: 1.12723 Q_D:1.11934
Free deltaE: 9.03988 Phi-star: 0.560061 phi-D: 0.0198644 0
Q_ABC: 1.12705 Q_D:1.11933
Free deltaE: 9.03168 Phi-star: 0.559875 phi-D: 0.0198389 0
Q_ABC: 1.12688 Q_D:1.11932
Free deltaE: 9.02362 Phi-star: 0.559694 phi-D: 0.0198135 0
Q_ABC: 1.12671 Q_D:1.11931
Free deltaE: 9.01569 Phi-star: 0.559518 phi-D: 0.0197883 0
Q_ABC: 1.12655 Q_D:1.11929
Free deltaE: 9.00792 Phi-star: 0.559348 phi-D: 0.0197632 0
Q_ABC: 1.1264 Q_D:1.11928
Free deltaE: 9.00031 Phi-star: 0.559182 phi-D: 0.0197383 0
Q_ABC: 1.12626 Q_D:1.11927
Free deltaE: 8.99286 Phi-star: 0.559022 phi-D: 0.0197136 0
Q_ABC: 1.12613 Q_D:1.11926
Free deltaE: 8.98558 Phi-star: 0.558868 phi-D: 0.0196891 0
Q_ABC: 1.12601 Q_D:1.11925
Free deltaE: 8.97847 Phi-star: 0.55872 phi-D: 0.0196647 0
Q_ABC: 1.1259 Q_D:1.11924
Free deltaE: 8.97156 Phi-star: 0.558578 phi-D: 0.0196405 0
Q_ABC: 1.12579 Q_D:1.11923
Free deltaE: 8.96483 Phi-star: 0.558442 phi-D: 0.0196165 0
Q_ABC: 1.1257 Q_D:1.11922
Free deltaE: 8.9583 Phi-star: 0.558312 phi-D: 0.0195926 0
Q_ABC: 1.12562 Q_D:1.11921
Free deltaE: 8.95198 Phi-star: 0.558189 phi-D: 0.019569 0
Q_ABC: 1.12555 Q_D:1.1192
Free deltaE: 8.94587 Phi-star: 0.558073 phi-D: 0.0195456 0
Q_ABC: 1.12549 Q_D:1.1192
Free deltaE: 8.93997 Phi-star: 0.557964 phi-D: 0.0195223 0
Q_ABC: 1.12545 Q_D:1.11919
Free deltaE: 8.9343 Phi-star: 0.557862 phi-D: 0.0194993 0
Q_ABC: 1.12542 Q_D:1.11918
Free deltaE: 8.92886 Phi-star: 0.557768 phi-D: 0.0194764 0
Q_ABC: 1.1254 Q_D:1.11917
Free deltaE: 8.92366 Phi-star: 0.55768 phi-D: 0.0194538 0
Q_ABC: 1.12539 Q_D:1.11916
Free deltaE: 8.9187 Phi-star: 0.557601 phi-D: 0.0194314 0
Q_ABC: 1.1254 Q_D:1.11916
Free deltaE: 8.91399 Phi-star: 0.557529 phi-D: 0.0194092 0
Q_ABC: 1.12542 Q_D:1.11915
Free deltaE: 8.90954 Phi-star: 0.557466 phi-D: 0.0193872 0
Q_ABC: 1.12546 Q_D:1.11914
Free deltaE: 8.90534 Phi-star: 0.55741 phi-D: 0.0193654 0
Q_ABC: 1.12551 Q_D:1.11913
Free deltaE: 8.90142 Phi-star: 0.557363 phi-D: 0.0193438 0
Q_ABC: 1.12558 Q_D:1.11913
Free deltaE: 8.89776 Phi-star: 0.557324 phi-D: 0.0193225 0
Q_ABC: 1.12566 Q_D:1.11912
Free deltaE: 8.89438 Phi-star: 0.557293 phi-D: 0.0193014 0
Q_ABC: 1.12576 Q_D:1.11911
Free deltaE: 8.89129 Phi-star: 0.557271 phi-D: 0.0192805 0
Q_ABC: 1.12587 Q_D:1.11911
Free deltaE: 8.88849 Phi-star: 0.557258 phi-D: 0.0192599 0
Q_ABC: 1.126 Q_D:1.1191
Free deltaE: 8.88597 Phi-star: 0.557254 phi-D: 0.0192394 0
Q_ABC: 1.12615 Q_D:1.1191
Free deltaE: 8.88376 Phi-star: 0.557258 phi-D: 0.0192192 0
Q_ABC: 1.12631 Q_D:1.11909
Free deltaE: 8.88185 Phi-star: 0.557272 phi-D: 0.0191993 0
Q_ABC: 1.1265 Q_D:1.11909
Free deltaE: 8.88025 Phi-star: 0.557295 phi-D: 0.0191796 0
Q_ABC: 1.1267 Q_D:1.11908
Free deltaE: 8.87896 Phi-star: 0.557327 phi-D: 0.0191601 0
Q_ABC: 1.12691 Q_D:1.11908
Free deltaE: 8.87799 Phi-star: 0.557369 phi-D: 0.0191409 0
Q_ABC: 1.12715 Q_D:1.11907
Free deltaE: 8.87734 Phi-star: 0.557419 phi-D: 0.0191218 0
Q_ABC: 1.1274 Q_D:1.11907
Free deltaE: 8.87701 Phi-star: 0.55748 phi-D: 0.0191031 0
Q_ABC: 1.12768 Q_D:1.11906
Free deltaE: 8.87702 Phi-star: 0.55755 phi-D: 0.0190846 0
Q_ABC: 1.12797 Q_D:1.11906
Free deltaE: 8.87735 Phi-star: 0.557629 phi-D: 0.0190663 0
Q_ABC: 1.12828 Q_D:1.11906
Free deltaE: 8.87802 Phi-star: 0.557719 phi-D: 0.0190482 0
Q_ABC: 1.12861 Q_D:1.11905
Free deltaE: 8.87903 Phi-star: 0.557818 phi-D: 0.0190304 0
Q_ABC: 1.12896 Q_D:1.11905
Free deltaE: 8.88038 Phi-star: 0.557927 phi-D: 0.0190129 0
Q_ABC: 1.12932 Q_D:1.11905
Free deltaE: 8.88208 Phi-star: 0.558045 phi-D: 0.0189955 0
Q_ABC: 1.12971 Q_D:1.11904
Free deltaE: 8.88412 Phi-star: 0.558174 phi-D: 0.0189785 0
Q_ABC: 1.13012 Q_D:1.11904
Free deltaE: 8.88651 Phi-star: 0.558312 phi-D: 0.0189616 0
Q_ABC: 1.13054 Q_D:1.11904
Free deltaE: 8.88926 Phi-star: 0.55846 phi-D: 0.018945 0
Q_ABC: 1.13099 Q_D:1.11904
Free deltaE: 8.89235 Phi-star: 0.558618 phi-D: 0.0189286 0
Q_ABC: 1.13146 Q_D:1.11903
Free deltaE: 8.89581 Phi-star: 0.558786 phi-D: 0.0189125 0
Q_ABC: 1.13194 Q_D:1.11903
Free deltaE: 8.89962 Phi-star: 0.558964 phi-D: 0.0188966 0
Q_ABC: 1.13245 Q_D:1.11903
Free deltaE: 8.90379 Phi-star: 0.559152 phi-D: 0.018881 0
Q_ABC: 1.13297 Q_D:1.11903
Free deltaE: 8.90831 Phi-star: 0.559349 phi-D: 0.0188655 0
Q_ABC: 1.13352 Q_D:1.11903
Free deltaE: 8.9132 Phi-star: 0.559556 phi-D: 0.0188503 0
Q_ABC: 1.13408 Q_D:1.11903
Free deltaE: 8.91845 Phi-star: 0.559773 phi-D: 0.0188354 0
Q_ABC: 1.13467 Q_D:1.11902
Free deltaE: 8.92406 Phi-star: 0.56 phi-D: 0.0188206 0
Q_ABC: 1.13527 Q_D:1.11902
Free deltaE: 8.93003 Phi-star: 0.560236 phi-D: 0.0188061 0
Q_ABC: 1.1359 Q_D:1.11902
Free deltaE: 8.93636 Phi-star: 0.560481 phi-D: 0.0187918 0
Q_ABC: 1.13654 Q_D:1.11902
Free deltaE: 8.94305 Phi-star: 0.560737 phi-D: 0.0187777 0
Q_ABC: 1.13721 Q_D:1.11902
Free deltaE: 8.9501 Phi-star: 0.561001 phi-D: 0.0187639 0
Q_ABC: 1.13789 Q_D:1.11902
Free deltaE: 8.9575 Phi-star: 0.561275 phi-D: 0.0187502 0
Q_ABC: 1.13859 Q_D:1.11902
Free deltaE: 8.96527 Phi-star: 0.561558 phi-D: 0.0187368 0
Q_ABC: 1.13931 Q_D:1.11902
Free deltaE: 8.97338 Phi-star: 0.56185 phi-D: 0.0187235 0
Q_ABC: 1.14005 Q_D:1.11902
Free deltaE: 8.98185 Phi-star: 0.562151 phi-D: 0.0187105 0
Q_ABC: 1.14081 Q_D:1.11902
Free deltaE: 8.99067 Phi-star: 0.562461 phi-D: 0.0186977 0
Q_ABC: 1.14159 Q_D:1.11902
Free deltaE: 8.99984 Phi-star: 0.562779 phi-D: 0.018685 0
Q_ABC: 1.14239 Q_D:1.11902
Free deltaE: 9.00935 Phi-star: 0.563106 phi-D: 0.0186726 0
Q_ABC: 1.1432 Q_D:1.11902
Free deltaE: 9.01921 Phi-star: 0.563442 phi-D: 0.0186603 0
Q_ABC: 1.14404 Q_D:1.11902
Free deltaE: 9.0294 Phi-star: 0.563785 phi-D: 0.0186483 0
Q_ABC: 1.14489 Q_D:1.11902
Free deltaE: 9.03993 Phi-star: 0.564136 phi-D: 0.0186364 0
Q_ABC: 1.14575 Q_D:1.11902
Free deltaE: 9.05078 Phi-star: 0.564496 phi-D: 0.0186247 0
Q_ABC: 1.14664 Q_D:1.11902
Free deltaE: 9.06196 Phi-star: 0.564863 phi-D: 0.0186131 0
Q_ABC: 1.14754 Q_D:1.11902
Free deltaE: 9.07346 Phi-star: 0.565237 phi-D: 0.0186017 0
Q_ABC: 1.14845 Q_D:1.11902
Free deltaE: 9.08528 Phi-star: 0.565618 phi-D: 0.0185905 0
Q_ABC: 1.14939 Q_D:1.11902
Free deltaE: 9.0974 Phi-star: 0.566006 phi-D: 0.0185794 0
Q_ABC: 1.15034 Q_D:1.11902
Free deltaE: 9.10982 Phi-star: 0.566401 phi-D: 0.0185685 0
Q_ABC: 1.1513 Q_D:1.11902
Free deltaE: 9.12254 Phi-star: 0.566803 phi-D: 0.0185577 0
Q_ABC: 1.15228 Q_D:1.11902
Free deltaE: 9.13555 Phi-star: 0.56721 phi-D: 0.018547 0
Q_ABC: 1.15327 Q_D:1.11902
Free deltaE: 9.14883 Phi-star: 0.567624 phi-D: 0.0185365 0
Q_ABC: 1.15428 Q_D:1.11902
Free deltaE: 9.16239 Phi-star: 0.568043 phi-D: 0.0185261 0
Q_ABC: 1.1553 Q_D:1.11902
Free deltaE: 9.17621 Phi-star: 0.568467 phi-D: 0.0185159 0
Q_ABC: 1.15633 Q_D:1.11902
Free deltaE: 9.19029 Phi-star: 0.568897 phi-D: 0.0185057 0
Q_ABC: 1.15737 Q_D:1.11903
Free deltaE: 9.20461 Phi-star: 0.569331 phi-D: 0.0184956 0
Q_ABC: 1.15843 Q_D:1.11903
Free deltaE: 9.21916 Phi-star: 0.569769 phi-D: 0.0184857 0
Q_ABC: 1.1595 Q_D:1.11903
Free deltaE: 9.23394 Phi-star: 0.570212 phi-D: 0.0184758 0
Q_ABC: 1.16058 Q_D:1.11903
Free deltaE: 9.24892 Phi-star: 0.570658 phi-D: 0.018466 0
Q_ABC: 1.16166 Q_D:1.11903
Free deltaE: 9.26411 Phi-star: 0.571107 phi-D: 0.0184563 0
Q_ABC: 1.16276 Q_D:1.11903
Free deltaE: 9.27948 Phi-star: 0.57156 phi-D: 0.0184467 0
Q_ABC: 1.16387 Q_D:1.11903
Free deltaE: 9.29503 Phi-star: 0.572015 phi-D: 0.0184371 0
Q_ABC: 1.16498 Q_D:1.11903
Free deltaE: 9.31073 Phi-star: 0.572472 phi-D: 0.0184276 0
Q_ABC: 1.1661 Q_D:1.11903
Free deltaE: 9.32658 Phi-star: 0.572931 phi-D: 0.0184181 0
Q_ABC: 1.16723 Q_D:1.11903
Free deltaE: 9.34256 Phi-star: 0.573391 phi-D: 0.0184087 0
Q_ABC: 1.16836 Q_D:1.11903
Free deltaE: 9.35865 Phi-star: 0.573853 phi-D: 0.0183993 0
Q_ABC: 1.1695 Q_D:1.11903
Free deltaE: 9.37483 Phi-star: 0.574315 phi-D: 0.01839 0
Q_ABC: 1.17065 Q_D:1.11903
Free deltaE: 9.39109 Phi-star: 0.574777 phi-D: 0.0183807 0
Q_ABC: 1.17179 Q_D:1.11903
Free deltaE: 9.40741 Phi-star: 0.57524 phi-D: 0.0183714 0
Q_ABC: 1.17294 Q_D:1.11903
Free deltaE: 9.42378 Phi-star: 0.575701 phi-D: 0.0183621 0
Q_ABC: 1.1741 Q_D:1.11903
Free deltaE: 9.44016 Phi-star: 0.576162 phi-D: 0.0183527 0
Q_ABC: 1.17525 Q_D:1.11903
Free deltaE: 9.45654 Phi-star: 0.576621 phi-D: 0.0183434 0
Q_ABC: 1.17641 Q_D:1.11903
Free deltaE: 9.4729 Phi-star: 0.577078 phi-D: 0.0183341 0
Q_ABC: 1.17756 Q_D:1.11902
Free deltaE: 9.48922 Phi-star: 0.577532 phi-D: 0.0183248 0
Q_ABC: 1.17872 Q_D:1.11902
Free deltaE: 9.50547 Phi-star: 0.577984 phi-D: 0.0183154 0
Q_ABC: 1.17987 Q_D:1.11902
Free deltaE: 9.52164 Phi-star: 0.578433 phi-D: 0.018306 0
Q_ABC: 1.18103 Q_D:1.11902
Free deltaE: 9.5377 Phi-star: 0.578879 phi-D: 0.0182966 0
Q_ABC: 1.18218 Q_D:1.11902
Free deltaE: 9.55362 Phi-star: 0.57932 phi-D: 0.0182871 0
Q_ABC: 1.18332 Q_D:1.11902
Free deltaE: 9.56939 Phi-star: 0.579757 phi-D: 0.0182776 0
Q_ABC: 1.18446 Q_D:1.11902
Free deltaE: 9.58498 Phi-star: 0.580189 phi-D: 0.018268 0
Q_ABC: 1.1856 Q_D:1.11901
Free deltaE: 9.60036 Phi-star: 0.580617 phi-D: 0.0182584 0
Q_ABC: 1.18673 Q_D:1.11901
Free deltaE: 9.61552 Phi-star: 0.581038 phi-D: 0.0182487 0
Q_ABC: 1.18786 Q_D:1.11901
Free deltaE: 9.63042 Phi-star: 0.581454 phi-D: 0.0182389 0
Q_ABC: 1.18898 Q_D:1.11901
Free deltaE: 9.64506 Phi-star: 0.581864 phi-D: 0.0182291 0
Q_ABC: 1.19009 Q_D:1.11901
Free deltaE: 9.65939 Phi-star: 0.582267 phi-D: 0.0182191 0
Q_ABC: 1.19119 Q_D:1.119
Free deltaE: 9.67341 Phi-star: 0.582663 phi-D: 0.0182091 0
Q_ABC: 1.19228 Q_D:1.119
Free deltaE: 9.68709 Phi-star: 0.583052 phi-D: 0.0181991 0
Q_ABC: 1.19337 Q_D:1.119
Free deltaE: 9.70042 Phi-star: 0.583434 phi-D: 0.0181889 0
Q_ABC: 1.19445 Q_D:1.11899
Free deltaE: 9.71336 Phi-star: 0.583808 phi-D: 0.0181786 0
Q_ABC: 1.19551 Q_D:1.11899
Free deltaE: 9.72591 Phi-star: 0.584174 phi-D: 0.0181683 0
Q_ABC: 1.19657 Q_D:1.11899
Free deltaE: 9.73804 Phi-star: 0.584532 phi-D: 0.0181578 0
Q_ABC: 1.19761 Q_D:1.11898
Free deltaE: 9.74975 Phi-star: 0.584882 phi-D: 0.0181472 0
Q_ABC: 1.19865 Q_D:1.11898
Free deltaE: 9.76101 Phi-star: 0.585224 phi-D: 0.0181366 0
Q_ABC: 1.19967 Q_D:1.11897
Free deltaE: 9.77182 Phi-star: 0.585557 phi-D: 0.0181258 0
Q_ABC: 1.20068 Q_D:1.11897
Free deltaE: 9.78217 Phi-star: 0.585881 phi-D: 0.018115 0
Q_ABC: 1.20168 Q_D:1.11897
Free deltaE: 9.79204 Phi-star: 0.586197 phi-D: 0.018104 0
Q_ABC: 1.20266 Q_D:1.11896
Free deltaE: 9.80144 Phi-star: 0.586503 phi-D: 0.018093 0
Q_ABC: 1.20364 Q_D:1.11896
Free deltaE: 9.81035 Phi-star: 0.586801 phi-D: 0.0180818 0
Q_ABC: 1.2046 Q_D:1.11895
Free deltaE: 9.81877 Phi-star: 0.58709 phi-D: 0.0180705 0
Q_ABC: 1.20555 Q_D:1.11895
Free deltaE: 9.82671 Phi-star: 0.58737 phi-D: 0.0180592 0
Q_ABC: 1.20648 Q_D:1.11894
Free deltaE: 9.83417 Phi-star: 0.587641 phi-D: 0.0180477 0
Q_ABC: 1.20741 Q_D:1.11893
Free deltaE: 9.84114 Phi-star: 0.587903 phi-D: 0.0180361 0
Q_ABC: 1.20831 Q_D:1.11893
Free deltaE: 9.84763 Phi-star: 0.588157 phi-D: 0.0180244 0
Q_ABC: 1.20921 Q_D:1.11892
Free deltaE: 9.85366 Phi-star: 0.588402 phi-D: 0.0180127 0
Q_ABC: 1.21009 Q_D:1.11891
Free deltaE: 9.85923 Phi-star: 0.588638 phi-D: 0.0180008 0
Q_ABC: 1.21097 Q_D:1.11891
Free deltaE: 9.86436 Phi-star: 0.588865 phi-D: 0.0179888 0
Q_ABC: 1.21182 Q_D:1.1189
Free deltaE: 9.86904 Phi-star: 0.589085 phi-D: 0.0179768 0
Q_ABC: 1.21267 Q_D:1.11889
Free deltaE: 9.87331 Phi-star: 0.589296 phi-D: 0.0179646 0
Q_ABC: 1.2135 Q_D:1.11889
Free deltaE: 9.87718 Phi-star: 0.589498 phi-D: 0.0179523 0
Q_ABC: 1.21432 Q_D:1.11888
Free deltaE: 9.88065 Phi-star: 0.589693 phi-D: 0.01794 0
Q_ABC: 1.21513 Q_D:1.11887
Free deltaE: 9.88376 Phi-star: 0.58988 phi-D: 0.0179275 0
Q_ABC: 1.21592 Q_D:1.11886
Free deltaE: 9.88652 Phi-star: 0.59006 phi-D: 0.017915 0
Q_ABC: 1.2167 Q_D:1.11885
Free deltaE: 9.88895 Phi-star: 0.590231 phi-D: 0.0179024 0
Q_ABC: 1.21748 Q_D:1.11884
Free deltaE: 9.89107 Phi-star: 0.590396 phi-D: 0.0178897 0
Q_ABC: 1.21823 Q_D:1.11884
Free deltaE: 9.8929 Phi-star: 0.590553 phi-D: 0.0178769 0
Q_ABC: 1.21898 Q_D:1.11883
Free deltaE: 9.89446 Phi-star: 0.590703 phi-D: 0.017864 0
Q_ABC: 1.21971 Q_D:1.11882
Free deltaE: 9.89578 Phi-star: 0.590846 phi-D: 0.0178511 0
Q_ABC: 1.22043 Q_D:1.11881
Free deltaE: 9.89686 Phi-star: 0.590982 phi-D: 0.017838 0
Q_ABC: 1.22114 Q_D:1.1188
Free deltaE: 9.89774 Phi-star: 0.591112 phi-D: 0.0178249 0
Q_ABC: 1.22184 Q_D:1.11879
Free deltaE: 9.89843 Phi-star: 0.591235 phi-D: 0.0178116 0
Q_ABC: 1.22253 Q_D:1.11878
Free deltaE: 9.89894 Phi-star: 0.591351 phi-D: 0.0177983 0
Q_ABC: 1.2232 Q_D:1.11877
Free deltaE: 9.8993 Phi-star: 0.591461 phi-D: 0.0177849 0
Q_ABC: 1.22386 Q_D:1.11876
Free deltaE: 9.89951 Phi-star: 0.591565 phi-D: 0.0177715 0
Q_ABC: 1.22451 Q_D:1.11875
Free deltaE: 9.8996 Phi-star: 0.591662 phi-D: 0.0177579 0
Q_ABC: 1.22515 Q_D:1.11873
Free deltaE: 9.89957 Phi-star: 0.591753 phi-D: 0.0177442 0
Q_ABC: 1.22578 Q_D:1.11872
Free deltaE: 9.89943 Phi-star: 0.591838 phi-D: 0.0177305 0
Q_ABC: 1.22639 Q_D:1.11871
Free deltaE: 9.8992 Phi-star: 0.591916 phi-D: 0.0177167 0
Q_ABC: 1.22699 Q_D:1.1187
Free deltaE: 9.89887 Phi-star: 0.591988 phi-D: 0.0177028 0
Q_ABC: 1.22758 Q_D:1.11869
Free deltaE: 9.89846 Phi-star: 0.592054 phi-D: 0.0176887 0
Q_ABC: 1.22815 Q_D:1.11868
Free deltaE: 9.89795 Phi-star: 0.592113 phi-D: 0.0176746 0
Q_ABC: 1.22871 Q_D:1.11866
Free deltaE: 9.89736 Phi-star: 0.592166 phi-D: 0.0176604 0
Q_ABC: 1.22926 Q_D:1.11865
Free deltaE: 9.89668 Phi-star: 0.592213 phi-D: 0.0176461 0
Q_ABC: 1.22979 Q_D:1.11864
Free deltaE: 9.8959 Phi-star: 0.592253 phi-D: 0.0176317 0
Q_ABC: 1.23031 Q_D:1.11862
Free deltaE: 9.89501 Phi-star: 0.592286 phi-D: 0.0176173 0
Q_ABC: 1.23081 Q_D:1.11861
Free deltaE: 9.89401 Phi-star: 0.592312 phi-D: 0.0176027 0
Q_ABC: 1.2313 Q_D:1.1186
Free deltaE: 9.89289 Phi-star: 0.592331 phi-D: 0.017588 0
Q_ABC: 1.23178 Q_D:1.11858
Free deltaE: 9.89163 Phi-star: 0.592343 phi-D: 0.0175732 0
Q_ABC: 1.23223 Q_D:1.11857
Free deltaE: 9.89022 Phi-star: 0.592348 phi-D: 0.0175583 0
Q_ABC: 1.23268 Q_D:1.11855
Free deltaE: 9.88864 Phi-star: 0.592346 phi-D: 0.0175433 0
Q_ABC: 1.2331 Q_D:1.11854
Free deltaE: 9.88688 Phi-star: 0.592336 phi-D: 0.0175281 0
Q_ABC: 1.23351 Q_D:1.11852
Free deltaE: 9.88491 Phi-star: 0.592318 phi-D: 0.0175129 0
Q_ABC: 1.23391 Q_D:1.11851
Free deltaE: 9.88272 Phi-star: 0.592293 phi-D: 0.0174976 0
Q_ABC: 1.23428 Q_D:1.11849
Free deltaE: 9.88029 Phi-star: 0.59226 phi-D: 0.0174821 0
Q_ABC: 1.23464 Q_D:1.11848
Free deltaE: 9.8776 Phi-star: 0.592219 phi-D: 0.0174666 0
Q_ABC: 1.23498 Q_D:1.11846
Free deltaE: 9.87463 Phi-star: 0.59217 phi-D: 0.0174509 0
Q_ABC: 1.23531 Q_D:1.11845
Free deltaE: 9.87136 Phi-star: 0.592113 phi-D: 0.0174352 0
Q_ABC: 1.23561 Q_D:1.11843
Free deltaE: 9.86777 Phi-star: 0.592047 phi-D: 0.0174193 0
Q_ABC: 1.2359 Q_D:1.11841
Free deltaE: 9.86385 Phi-star: 0.591973 phi-D: 0.0174033 0
Q_ABC: 1.23617 Q_D:1.1184
Free deltaE: 9.85958 Phi-star: 0.591891 phi-D: 0.0173872 0
Q_ABC: 1.23641 Q_D:1.11838
Free deltaE: 9.85495 Phi-star: 0.5918 phi-D: 0.017371 0
Q_ABC: 1.23665 Q_D:1.11836
Free deltaE: 9.84993 Phi-star: 0.591701 phi-D: 0.0173547 0
Q_ABC: 1.23686 Q_D:1.11835
Free deltaE: 9.84452 Phi-star: 0.591593 phi-D: 0.0173382 0
Q_ABC: 1.23705 Q_D:1.11833
Free deltaE: 9.83871 Phi-star: 0.591477 phi-D: 0.0173217 0
Q_ABC: 1.23723 Q_D:1.11831
Free deltaE: 9.83249 Phi-star: 0.591353 phi-D: 0.0173051 0
Q_ABC: 1.23738 Q_D:1.1183
Free deltaE: 9.82585 Phi-star: 0.591221 phi-D: 0.0172884 0
Q_ABC: 1.23752 Q_D:1.11828
Free deltaE: 9.81879 Phi-star: 0.59108 phi-D: 0.0172716 0
Q_ABC: 1.23764 Q_D:1.11826
Free deltaE: 9.81131 Phi-star: 0.590931 phi-D: 0.0172547 0
Q_ABC: 1.23774 Q_D:1.11824
Free deltaE: 9.80341 Phi-star: 0.590775 phi-D: 0.0172377 0
Q_ABC: 1.23783 Q_D:1.11822
Free deltaE: 9.79508 Phi-star: 0.59061 phi-D: 0.0172207 0
Q_ABC: 1.23789 Q_D:1.1182
Free deltaE: 9.78634 Phi-star: 0.590438 phi-D: 0.0172035 0
Q_ABC: 1.23794 Q_D:1.11819
Free deltaE: 9.7772 Phi-star: 0.590258 phi-D: 0.0171863 0
Q_ABC: 1.23798 Q_D:1.11817
Free deltaE: 9.76765 Phi-star: 0.590072 phi-D: 0.017169 0
Q_ABC: 1.23799 Q_D:1.11815
Free deltaE: 9.75771 Phi-star: 0.589878 phi-D: 0.0171517 0
Q_ABC: 1.23799 Q_D:1.11813
Free deltaE: 9.74739 Phi-star: 0.589677 phi-D: 0.0171342 0
Q_ABC: 1.23797 Q_D:1.11811
Free deltaE: 9.73671 Phi-star: 0.58947 phi-D: 0.0171168 0
Q_ABC: 1.23794 Q_D:1.11809
Free deltaE: 9.72568 Phi-star: 0.589257 phi-D: 0.0170992 0
Q_ABC: 1.23789 Q_D:1.11807
Free deltaE: 9.71431 Phi-star: 0.589037 phi-D: 0.0170816 0
Q_ABC: 1.23783 Q_D:1.11805
Free deltaE: 9.70263 Phi-star: 0.588812 phi-D: 0.017064 0
Q_ABC: 1.23776 Q_D:1.11803
Free deltaE: 9.69066 Phi-star: 0.588582 phi-D: 0.0170463 0
Q_ABC: 1.23767 Q_D:1.11801
Free deltaE: 9.6784 Phi-star: 0.588346 phi-D: 0.0170286 0
Q_ABC: 1.23757 Q_D:1.11799
Free deltaE: 9.66589 Phi-star: 0.588106 phi-D: 0.0170109 0
Q_ABC: 1.23745 Q_D:1.11797
Free deltaE: 9.65314 Phi-star: 0.587861 phi-D: 0.0169932 0
Q_ABC: 1.23733 Q_D:1.11795
Free deltaE: 9.64017 Phi-star: 0.587611 phi-D: 0.0169754 0
Q_ABC: 1.23719 Q_D:1.11793
Free deltaE: 9.62701 Phi-star: 0.587358 phi-D: 0.0169576 0
Q_ABC: 1.23704 Q_D:1.11791
Free deltaE: 9.61367 Phi-star: 0.587101 phi-D: 0.0169398 0
Q_ABC: 1.23688 Q_D:1.11789
Free deltaE: 9.60018 Phi-star: 0.586841 phi-D: 0.016922 0
Q_ABC: 1.23671 Q_D:1.11787
Free deltaE: 9.58655 Phi-star: 0.586578 phi-D: 0.0169042 0
Q_ABC: 1.23653 Q_D:1.11785
Free deltaE: 9.57281 Phi-star: 0.586312 phi-D: 0.0168863 0
Q_ABC: 1.23635 Q_D:1.11783
Free deltaE: 9.55898 Phi-star: 0.586044 phi-D: 0.0168685 0
Q_ABC: 1.23615 Q_D:1.11781
Free deltaE: 9.54507 Phi-star: 0.585773 phi-D: 0.0168507 0
Q_ABC: 1.23595 Q_D:1.11779
Free deltaE: 9.53111 Phi-star: 0.585501 phi-D: 0.016833 0
Q_ABC: 1.23574 Q_D:1.11777
Free deltaE: 9.5171 Phi-star: 0.585227 phi-D: 0.0168152 0
Q_ABC: 1.23553 Q_D:1.11775
Free deltaE: 9.50308 Phi-star: 0.584953 phi-D: 0.0167975 0
Q_ABC: 1.23531 Q_D:1.11773
Free deltaE: 9.48906 Phi-star: 0.584677 phi-D: 0.0167797 0
Q_ABC: 1.23508 Q_D:1.11771
Free deltaE: 9.47504 Phi-star: 0.5844 phi-D: 0.0167621 0
Q_ABC: 1.23485 Q_D:1.11769
Free deltaE: 9.46106 Phi-star: 0.584123 phi-D: 0.0167444 0
Q_ABC: 1.23461 Q_D:1.11767
Free deltaE: 9.44711 Phi-star: 0.583846 phi-D: 0.0167268 0
Q_ABC: 1.23437 Q_D:1.11765
Free deltaE: 9.43322 Phi-star: 0.583568 phi-D: 0.0167092 0
Q_ABC: 1.23413 Q_D:1.11763
Free deltaE: 9.4194 Phi-star: 0.583291 phi-D: 0.0166917 0
Q_ABC: 1.23389 Q_D:1.11761
Free deltaE: 9.40566 Phi-star: 0.583015 phi-D: 0.0166742 0
Q_ABC: 1.23364 Q_D:1.11759
Free deltaE: 9.392 Phi-star: 0.582739 phi-D: 0.0166568 0
Q_ABC: 1.23339 Q_D:1.11757
Free deltaE: 9.37845 Phi-star: 0.582464 phi-D: 0.0166394 0
Q_ABC: 1.23313 Q_D:1.11755
Free deltaE: 9.36501 Phi-star: 0.58219 phi-D: 0.0166221 0
Q_ABC: 1.23288 Q_D:1.11753
Free deltaE: 9.35169 Phi-star: 0.581918 phi-D: 0.0166048 0
Q_ABC: 1.23262 Q_D:1.1175
Free deltaE: 9.33849 Phi-star: 0.581647 phi-D: 0.0165876 0
Q_ABC: 1.23237 Q_D:1.11748
Free deltaE: 9.32543 Phi-star: 0.581378 phi-D: 0.0165704 0
Q_ABC: 1.23211 Q_D:1.11746
Free deltaE: 9.31251 Phi-star: 0.581111 phi-D: 0.0165534 0
Q_ABC: 1.23186 Q_D:1.11744
Free deltaE: 9.29974 Phi-star: 0.580845 phi-D: 0.0165363 0
Q_ABC: 1.2316 Q_D:1.11742
Free deltaE: 9.28712 Phi-star: 0.580582 phi-D: 0.0165194 0
Q_ABC: 1.23135 Q_D:1.1174
Free deltaE: 9.27466 Phi-star: 0.580321 phi-D: 0.0165025 0
Q_ABC: 1.23109 Q_D:1.11738
Free deltaE: 9.26237 Phi-star: 0.580063 phi-D: 0.0164857 0
Q_ABC: 1.23084 Q_D:1.11736
Free deltaE: 9.25024 Phi-star: 0.579807 phi-D: 0.016469 0
Q_ABC: 1.23059 Q_D:1.11734
Free deltaE: 9.23828 Phi-star: 0.579554 phi-D: 0.0164523 0
Q_ABC: 1.23035 Q_D:1.11732
Free deltaE: 9.2265 Phi-star: 0.579304 phi-D: 0.0164358 0
Q_ABC: 1.2301 Q_D:1.1173
Free deltaE: 9.2149 Phi-star: 0.579056 phi-D: 0.0164193 0
Q_ABC: 1.22986 Q_D:1.11728
Free deltaE: 9.20348 Phi-star: 0.578812 phi-D: 0.0164029 0
Q_ABC: 1.22962 Q_D:1.11726
Free deltaE: 9.19224 Phi-star: 0.578571 phi-D: 0.0163865 0
Q_ABC: 1.22938 Q_D:1.11724
Free deltaE: 9.18119 Phi-star: 0.578333 phi-D: 0.0163703 0
Q_ABC: 1.22915 Q_D:1.11722
Free deltaE: 9.17032 Phi-star: 0.578098 phi-D: 0.0163541 0
Q_ABC: 1.22892 Q_D:1.1172
Free deltaE: 9.15965 Phi-star: 0.577867 phi-D: 0.016338 0
Q_ABC: 1.22869 Q_D:1.11718
Free deltaE: 9.14916 Phi-star: 0.577639 phi-D: 0.016322 0
Q_ABC: 1.22847 Q_D:1.11716
Free deltaE: 9.13887 Phi-star: 0.577415 phi-D: 0.0163061 0
Q_ABC: 1.22825 Q_D:1.11714
Free deltaE: 9.12876 Phi-star: 0.577195 phi-D: 0.0162903 0
Q_ABC: 1.22803 Q_D:1.11712
Free deltaE: 9.11885 Phi-star: 0.576978 phi-D: 0.0162745 0
Q_ABC: 1.22782 Q_D:1.1171
Free deltaE: 9.10913 Phi-star: 0.576764 phi-D: 0.0162589 0
Q_ABC: 1.22762 Q_D:1.11708
Free deltaE: 9.09961 Phi-star: 0.576555 phi-D: 0.0162433 0
Q_ABC: 1.22742 Q_D:1.11706
Free deltaE: 9.09028 Phi-star: 0.576349 phi-D: 0.0162278 0
Q_ABC: 1.22722 Q_D:1.11704
Free deltaE: 9.08114 Phi-star: 0.576147 phi-D: 0.0162124 0
Q_ABC: 1.22703 Q_D:1.11702
Free deltaE: 9.07219 Phi-star: 0.575949 phi-D: 0.0161971 0
Q_ABC: 1.22684 Q_D:1.117
Free deltaE: 9.06344 Phi-star: 0.575754 phi-D: 0.0161819 0
Q_ABC: 1.22666 Q_D:1.11699
Free deltaE: 9.05488 Phi-star: 0.575564 phi-D: 0.0161668 0
Q_ABC: 1.22649 Q_D:1.11697
Free deltaE: 9.04651 Phi-star: 0.575377 phi-D: 0.0161517 0
Q_ABC: 1.22632 Q_D:1.11695
Free deltaE: 9.03833 Phi-star: 0.575194 phi-D: 0.0161368 0
Q_ABC: 1.22615 Q_D:1.11693
Free deltaE: 9.03033 Phi-star: 0.575016 phi-D: 0.0161219 0
Q_ABC: 1.22599 Q_D:1.11691
Free deltaE: 9.02253 Phi-star: 0.574841 phi-D: 0.0161071 0
Q_ABC: 1.22584 Q_D:1.11689
Free deltaE: 9.01491 Phi-star: 0.57467 phi-D: 0.0160924 0
Q_ABC: 1.22569 Q_D:1.11687
Free deltaE: 9.00748 Phi-star: 0.574502 phi-D: 0.0160778 0
Q_ABC: 1.22555 Q_D:1.11685
Free deltaE: 9.00023 Phi-star: 0.574339 phi-D: 0.0160633 0
Q_ABC: 1.22541 Q_D:1.11684
Free deltaE: 8.99317 Phi-star: 0.57418 phi-D: 0.0160488 0
Q_ABC: 1.22528 Q_D:1.11682
Free deltaE: 8.98628 Phi-star: 0.574024 phi-D: 0.0160345 0
Q_ABC: 1.22515 Q_D:1.1168
Free deltaE: 8.97957 Phi-star: 0.573872 phi-D: 0.0160202 0
Q_ABC: 1.22503 Q_D:1.11678
Free deltaE: 8.97304 Phi-star: 0.573724 phi-D: 0.016006 0
Q_ABC: 1.22492 Q_D:1.11676
Free deltaE: 8.96668 Phi-star: 0.57358 phi-D: 0.0159919 0
Q_ABC: 1.22481 Q_D:1.11675
Free deltaE: 8.96049 Phi-star: 0.57344 phi-D: 0.0159779 0
Q_ABC: 1.2247 Q_D:1.11673
Free deltaE: 8.95447 Phi-star: 0.573303 phi-D: 0.0159639 0
Q_ABC: 1.22461 Q_D:1.11671
Free deltaE: 8.94862 Phi-star: 0.57317 phi-D: 0.01595 0
Q_ABC: 1.22451 Q_D:1.11669
Free deltaE: 8.94293 Phi-star: 0.57304 phi-D: 0.0159363 0
Q_ABC: 1.22443 Q_D:1.11668
Free deltaE: 8.9374 Phi-star: 0.572914 phi-D: 0.0159225 0
Q_ABC: 1.22435 Q_D:1.11666
Free deltaE: 8.93203 Phi-star: 0.572791 phi-D: 0.0159089 0
Q_ABC: 1.22427 Q_D:1.11664
Free deltaE: 8.92682 Phi-star: 0.572672 phi-D: 0.0158953 0
Q_ABC: 1.2242 Q_D:1.11662
Free deltaE: 8.92176 Phi-star: 0.572557 phi-D: 0.0158818 0
Q_ABC: 1.22414 Q_D:1.11661
Free deltaE: 8.91685 Phi-star: 0.572444 phi-D: 0.0158684 0
Q_ABC: 1.22408 Q_D:1.11659
Free deltaE: 8.91208 Phi-star: 0.572335 phi-D: 0.0158551 0
Q_ABC: 1.22403 Q_D:1.11657
Free deltaE: 8.90746 Phi-star: 0.57223 phi-D: 0.0158418 0
Q_ABC: 1.22398 Q_D:1.11656
Free deltaE: 8.90297 Phi-star: 0.572127 phi-D: 0.0158286 0
Q_ABC: 1.22393 Q_D:1.11654
Free deltaE: 8.89863 Phi-star: 0.572027 phi-D: 0.0158155 0
Q_ABC: 1.2239 Q_D:1.11652
Free deltaE: 8.89441 Phi-star: 0.571931 phi-D: 0.0158024 0
Q_ABC: 1.22386 Q_D:1.11651
Free deltaE: 8.89033 Phi-star: 0.571837 phi-D: 0.0157894 0
Q_ABC: 1.22384 Q_D:1.11649
Free deltaE: 8.88638 Phi-star: 0.571747 phi-D: 0.0157764 0
Q_ABC: 1.22381 Q_D:1.11647
Free deltaE: 8.88254 Phi-star: 0.571659 phi-D: 0.0157636 0
Q_ABC: 1.22379 Q_D:1.11646
Free deltaE: 8.87883 Phi-star: 0.571574 phi-D: 0.0157508 0
Q_ABC: 1.22378 Q_D:1.11644
Free deltaE: 8.87523 Phi-star: 0.571492 phi-D: 0.015738 0
Q_ABC: 1.22377 Q_D:1.11643
Free deltaE: 8.87175 Phi-star: 0.571412 phi-D: 0.0157253 0
Q_ABC: 1.22377 Q_D:1.11641
Free deltaE: 8.86837 Phi-star: 0.571335 phi-D: 0.0157127 0
Q_ABC: 1.22377 Q_D:1.1164
Free deltaE: 8.86511 Phi-star: 0.571261 phi-D: 0.0157001 0
Q_ABC: 1.22377 Q_D:1.11638
Free deltaE: 8.86194 Phi-star: 0.571189 phi-D: 0.0156876 0
Q_ABC: 1.22378 Q_D:1.11636
Free deltaE: 8.85887 Phi-star: 0.571119 phi-D: 0.0156751 0
Q_ABC: 1.22379 Q_D:1.11635
Free deltaE: 8.8559 Phi-star: 0.571052 phi-D: 0.0156627 0
Q_ABC: 1.22381 Q_D:1.11633
Free deltaE: 8.85302 Phi-star: 0.570987 phi-D: 0.0156504 0
Q_ABC: 1.22383 Q_D:1.11632
Free deltaE: 8.85023 Phi-star: 0.570923 phi-D: 0.015638 0
Q_ABC: 1.22385 Q_D:1.1163
Free deltaE: 8.84752 Phi-star: 0.570862 phi-D: 0.0156258 0
Q_ABC: 1.22388 Q_D:1.11629
Free deltaE: 8.8449 Phi-star: 0.570803 phi-D: 0.0156136 0
Q_ABC: 1.22391 Q_D:1.11627
Free deltaE: 8.84235 Phi-star: 0.570746 phi-D: 0.0156014 0
Q_ABC: 1.22395 Q_D:1.11626
Free deltaE: 8.83988 Phi-star: 0.570691 phi-D: 0.0155893 0
Q_ABC: 1.22398 Q_D:1.11625
Free deltaE: 8.83749 Phi-star: 0.570637 phi-D: 0.0155772 0
Q_ABC: 1.22403 Q_D:1.11623
Free deltaE: 8.83516 Phi-star: 0.570586 phi-D: 0.0155652 0
Q_ABC: 1.22407 Q_D:1.11622
Free deltaE: 8.83289 Phi-star: 0.570536 phi-D: 0.0155532 0
Q_ABC: 1.22412 Q_D:1.1162
Free deltaE: 8.83069 Phi-star: 0.570487 phi-D: 0.0155413 0
Q_ABC: 1.22417 Q_D:1.11619
Free deltaE: 8.82855 Phi-star: 0.57044 phi-D: 0.0155294 0
Q_ABC: 1.22422 Q_D:1.11618
Free deltaE: 8.82646 Phi-star: 0.570394 phi-D: 0.0155176 0
Q_ABC: 1.22428 Q_D:1.11616
Free deltaE: 8.82442 Phi-star: 0.57035 phi-D: 0.0155057 0
Q_ABC: 1.22434 Q_D:1.11615
Free deltaE: 8.82244 Phi-star: 0.570307 phi-D: 0.015494 0
Q_ABC: 1.2244 Q_D:1.11613
Free deltaE: 8.8205 Phi-star: 0.570265 phi-D: 0.0154822 0
Q_ABC: 1.22446 Q_D:1.11612
Free deltaE: 8.81861 Phi-star: 0.570224 phi-D: 0.0154705 0
Q_ABC: 1.22453 Q_D:1.11611
Free deltaE: 8.81675 Phi-star: 0.570185 phi-D: 0.0154588 0
Q_ABC: 1.22459 Q_D:1.1161
Free deltaE: 8.81494 Phi-star: 0.570146 phi-D: 0.0154472 0
Q_ABC: 1.22466 Q_D:1.11608
Free deltaE: 8.81316 Phi-star: 0.570108 phi-D: 0.0154356 0
Q_ABC: 1.22473 Q_D:1.11607
Free deltaE: 8.81141 Phi-star: 0.570072 phi-D: 0.015424 0
Q_ABC: 1.22481 Q_D:1.11606
Free deltaE: 8.80969 Phi-star: 0.570036 phi-D: 0.0154125 0
Q_ABC: 1.22488 Q_D:1.11604
Free deltaE: 8.808 Phi-star: 0.570001 phi-D: 0.015401 0
Q_ABC: 1.22496 Q_D:1.11603
Free deltaE: 8.80634 Phi-star: 0.569967 phi-D: 0.0153895 0
Q_ABC: 1.22504 Q_D:1.11602
Free deltaE: 8.80469 Phi-star: 0.569933 phi-D: 0.0153781 0
Q_ABC: 1.22512 Q_D:1.11601
Free deltaE: 8.80307 Phi-star: 0.5699 phi-D: 0.0153666 0
Q_ABC: 1.2252 Q_D:1.11599
Free deltaE: 8.80146 Phi-star: 0.569867 phi-D: 0.0153552 0
Q_ABC: 1.22528 Q_D:1.11598
Free deltaE: 8.79987 Phi-star: 0.569836 phi-D: 0.0153439 0
Q_ABC: 1.22536 Q_D:1.11597
Free deltaE: 8.79829 Phi-star: 0.569804 phi-D: 0.0153325 0
Q_ABC: 1.22545 Q_D:1.11596
Free deltaE: 8.79672 Phi-star: 0.569773 phi-D: 0.0153212 0
Q_ABC: 1.22553 Q_D:1.11595
Free deltaE: 8.79516 Phi-star: 0.569742 phi-D: 0.0153099 0
Q_ABC: 1.22562 Q_D:1.11594
Free deltaE: 8.79361 Phi-star: 0.569712 phi-D: 0.0152986 0
Q_ABC: 1.22571 Q_D:1.11592
Free deltaE: 8.79206 Phi-star: 0.569682 phi-D: 0.0152874 0
Q_ABC: 1.2258 Q_D:1.11591
Free deltaE: 8.79051 Phi-star: 0.569652 phi-D: 0.0152762 0
Q_ABC: 1.22589 Q_D:1.1159
Free deltaE: 8.78897 Phi-star: 0.569623 phi-D: 0.015265 0
Q_ABC: 1.22597 Q_D:1.11589
Free deltaE: 8.78742 Phi-star: 0.569593 phi-D: 0.0152538 0
Q_ABC: 1.22607 Q_D:1.11588
Free deltaE: 8.78587 Phi-star: 0.569564 phi-D: 0.0152426 0
Q_ABC: 1.22616 Q_D:1.11587
Free deltaE: 8.78432 Phi-star: 0.569535 phi-D: 0.0152315 0
Q_ABC: 1.22625 Q_D:1.11586
Free deltaE: 8.78276 Phi-star: 0.569506 phi-D: 0.0152204 0
Q_ABC: 1.22634 Q_D:1.11585
Free deltaE: 8.7812 Phi-star: 0.569477 phi-D: 0.0152093 0
Q_ABC: 1.22643 Q_D:1.11584
Free deltaE: 8.77962 Phi-star: 0.569449 phi-D: 0.0151982 0
Q_ABC: 1.22652 Q_D:1.11583
Free deltaE: 8.77804 Phi-star: 0.56942 phi-D: 0.0151872 0
Q_ABC: 1.22662 Q_D:1.11582
Free deltaE: 8.77644 Phi-star: 0.569391 phi-D: 0.0151761 0
Q_ABC: 1.22671 Q_D:1.11581
Free deltaE: 8.77484 Phi-star: 0.569362 phi-D: 0.0151651 0
Q_ABC: 1.2268 Q_D:1.1158
Free deltaE: 8.77322 Phi-star: 0.569333 phi-D: 0.0151541 0
Q_ABC: 1.22689 Q_D:1.11579
Free deltaE: 8.77159 Phi-star: 0.569305 phi-D: 0.0151432 0
Q_ABC: 1.22699 Q_D:1.11578
Free deltaE: 8.76995 Phi-star: 0.569276 phi-D: 0.0151322 0
Q_ABC: 1.22708 Q_D:1.11577
Free deltaE: 8.76829 Phi-star: 0.569247 phi-D: 0.0151213 0
Q_ABC: 1.22718 Q_D:1.11576
Free deltaE: 8.76661 Phi-star: 0.569218 phi-D: 0.0151104 0
Q_ABC: 1.22727 Q_D:1.11575
Free deltaE: 8.76492 Phi-star: 0.569189 phi-D: 0.0150995 0
Q_ABC: 1.22736 Q_D:1.11574
Free deltaE: 8.76322 Phi-star: 0.56916 phi-D: 0.0150886 0
Q_ABC: 1.22746 Q_D:1.11573
Free deltaE: 8.7615 Phi-star: 0.56913 phi-D: 0.0150777 0
Q_ABC: 1.22755 Q_D:1.11572
Free deltaE: 8.75976 Phi-star: 0.569101 phi-D: 0.0150669 0
Q_ABC: 1.22765 Q_D:1.11571
Free deltaE: 8.75801 Phi-star: 0.569072 phi-D: 0.0150561 0
Q_ABC: 1.22774 Q_D:1.1157
Free deltaE: 8.75624 Phi-star: 0.569043 phi-D: 0.0150453 0
Q_ABC: 1.22784 Q_D:1.11569
Free deltaE: 8.75446 Phi-star: 0.569013 phi-D: 0.0150345 0
Q_ABC: 1.22793 Q_D:1.11568
Free deltaE: 8.75266 Phi-star: 0.568984 phi-D: 0.0150237 0
Q_ABC: 1.22803 Q_D:1.11568
Free deltaE: 8.75084 Phi-star: 0.568955 phi-D: 0.015013 0
Q_ABC: 1.22812 Q_D:1.11567
Free deltaE: 8.74901 Phi-star: 0.568926 phi-D: 0.0150023 0
Q_ABC: 1.22822 Q_D:1.11566
Free deltaE: 8.74717 Phi-star: 0.568896 phi-D: 0.0149916 0
Q_ABC: 1.22832 Q_D:1.11565
Free deltaE: 8.74531 Phi-star: 0.568867 phi-D: 0.0149809 0
Q_ABC: 1.22841 Q_D:1.11564
Free deltaE: 8.74344 Phi-star: 0.568838 phi-D: 0.0149703 0
Q_ABC: 1.22851 Q_D:1.11563
Free deltaE: 8.74156 Phi-star: 0.568809 phi-D: 0.0149597 0
Q_ABC: 1.22861 Q_D:1.11563
Free deltaE: 8.73966 Phi-star: 0.56878 phi-D: 0.014949 0
Q_ABC: 1.22871 Q_D:1.11562
Free deltaE: 8.73776 Phi-star: 0.568752 phi-D: 0.0149385 0
Q_ABC: 1.2288 Q_D:1.11561
Free deltaE: 8.73584 Phi-star: 0.568723 phi-D: 0.0149279 0
Q_ABC: 1.2289 Q_D:1.1156
Free deltaE: 8.73392 Phi-star: 0.568695 phi-D: 0.0149174 0
Q_ABC: 1.229 Q_D:1.1156
Free deltaE: 8.73199 Phi-star: 0.568667 phi-D: 0.0149069 0
Q_ABC: 1.2291 Q_D:1.11559
Free deltaE: 8.73006 Phi-star: 0.568639 phi-D: 0.0148964 0
Q_ABC: 1.22921 Q_D:1.11558
Free deltaE: 8.72812 Phi-star: 0.568612 phi-D: 0.0148859 0
Q_ABC: 1.22931 Q_D:1.11558
Free deltaE: 8.72618 Phi-star: 0.568585 phi-D: 0.0148755 0
Q_ABC: 1.22941 Q_D:1.11557
Free deltaE: 8.72423 Phi-star: 0.568558 phi-D: 0.0148651 0
Q_ABC: 1.22951 Q_D:1.11556
Free deltaE: 8.72229 Phi-star: 0.568532 phi-D: 0.0148547 0
Q_ABC: 1.22962 Q_D:1.11556
Free deltaE: 8.72034 Phi-star: 0.568506 phi-D: 0.0148444 0
Q_ABC: 1.22973 Q_D:1.11555
Free deltaE: 8.7184 Phi-star: 0.568481 phi-D: 0.014834 0
Q_ABC: 1.22983 Q_D:1.11554
Free deltaE: 8.71646 Phi-star: 0.568457 phi-D: 0.0148238 0
Q_ABC: 1.22994 Q_D:1.11554
Free deltaE: 8.71453 Phi-star: 0.568433 phi-D: 0.0148135 0
Q_ABC: 1.23005 Q_D:1.11553
Free deltaE: 8.7126 Phi-star: 0.56841 phi-D: 0.0148033 0
Q_ABC: 1.23016 Q_D:1.11553
Free deltaE: 8.71068 Phi-star: 0.568387 phi-D: 0.0147931 0
Q_ABC: 1.23028 Q_D:1.11552
Free deltaE: 8.70878 Phi-star: 0.568366 phi-D: 0.0147829 0
Q_ABC: 1.23039 Q_D:1.11551
Free deltaE: 8.70688 Phi-star: 0.568345 phi-D: 0.0147728 0
Q_ABC: 1.23051 Q_D:1.11551
Free deltaE: 8.705 Phi-star: 0.568325 phi-D: 0.0147627 0
Q_ABC: 1.23063 Q_D:1.1155
Free deltaE: 8.70313 Phi-star: 0.568306 phi-D: 0.0147526 0
Q_ABC: 1.23075 Q_D:1.1155
Free deltaE: 8.70128 Phi-star: 0.568288 phi-D: 0.0147426 0
Q_ABC: 1.23087 Q_D:1.11549
Free deltaE: 8.69945 Phi-star: 0.568271 phi-D: 0.0147326 0
Q_ABC: 1.231 Q_D:1.11549
Free deltaE: 8.69764 Phi-star: 0.568255 phi-D: 0.0147226 0
Q_ABC: 1.23113 Q_D:1.11548
Free deltaE: 8.69586 Phi-star: 0.56824 phi-D: 0.0147127 0
Q_ABC: 1.23125 Q_D:1.11548
Free deltaE: 8.6941 Phi-star: 0.568227 phi-D: 0.0147028 0
Q_ABC: 1.23139 Q_D:1.11547
Free deltaE: 8.69236 Phi-star: 0.568215 phi-D: 0.014693 0
Q_ABC: 1.23152 Q_D:1.11547
Free deltaE: 8.69066 Phi-star: 0.568204 phi-D: 0.0146832 0
Q_ABC: 1.23166 Q_D:1.11547
Free deltaE: 8.68898 Phi-star: 0.568194 phi-D: 0.0146734 0
Q_ABC: 1.2318 Q_D:1.11546
Free deltaE: 8.68734 Phi-star: 0.568186 phi-D: 0.0146637 0
Q_ABC: 1.23195 Q_D:1.11546
Free deltaE: 8.68574 Phi-star: 0.56818 phi-D: 0.014654 0
Q_ABC: 1.23209 Q_D:1.11545
Free deltaE: 8.68416 Phi-star: 0.568175 phi-D: 0.0146444 0
Q_ABC: 1.23224 Q_D:1.11545
Free deltaE: 8.68263 Phi-star: 0.568172 phi-D: 0.0146348 0
Q_ABC: 1.2324 Q_D:1.11545
Free deltaE: 8.68114 Phi-star: 0.56817 phi-D: 0.0146252 0
Q_ABC: 1.23255 Q_D:1.11544
Free deltaE: 8.6797 Phi-star: 0.56817 phi-D: 0.0146157 0
Q_ABC: 1.23271 Q_D:1.11544
Free deltaE: 8.67829 Phi-star: 0.568172 phi-D: 0.0146063 0
Q_ABC: 1.23288 Q_D:1.11544
Free deltaE: 8.67694 Phi-star: 0.568176 phi-D: 0.0145969 0
Q_ABC: 1.23305 Q_D:1.11543
Free deltaE: 8.67563 Phi-star: 0.568182 phi-D: 0.0145875 0
Q_ABC: 1.23322 Q_D:1.11543
Free deltaE: 8.67438 Phi-star: 0.56819 phi-D: 0.0145782 0
Q_ABC: 1.2334 Q_D:1.11543
Free deltaE: 8.67318 Phi-star: 0.5682 phi-D: 0.0145689 0
Q_ABC: 1.23358 Q_D:1.11542
Free deltaE: 8.67204 Phi-star: 0.568212 phi-D: 0.0145597 0
Q_ABC: 1.23376 Q_D:1.11542
Free deltaE: 8.67095 Phi-star: 0.568227 phi-D: 0.0145506 0
Q_ABC: 1.23395 Q_D:1.11542
Free deltaE: 8.66993 Phi-star: 0.568243 phi-D: 0.0145414 0
Q_ABC: 1.23415 Q_D:1.11542
Free deltaE: 8.66897 Phi-star: 0.568262 phi-D: 0.0145324 0
Q_ABC: 1.23435 Q_D:1.11541
Free deltaE: 8.66807 Phi-star: 0.568284 phi-D: 0.0145234 0
Q_ABC: 1.23455 Q_D:1.11541
Free deltaE: 8.66724 Phi-star: 0.568307 phi-D: 0.0145144 0
Q_ABC: 1.23476 Q_D:1.11541
Free deltaE: 8.66648 Phi-star: 0.568334 phi-D: 0.0145055 0
Q_ABC: 1.23497 Q_D:1.11541
Free deltaE: 8.6658 Phi-star: 0.568363 phi-D: 0.0144967 0
Q_ABC: 1.23519 Q_D:1.11541
Free deltaE: 8.66519 Phi-star: 0.568394 phi-D: 0.0144879 0
Q_ABC: 1.23542 Q_D:1.1154
Free deltaE: 8.66465 Phi-star: 0.568429 phi-D: 0.0144792 0
Q_ABC: 1.23565 Q_D:1.1154
Free deltaE: 8.6642 Phi-star: 0.568466 phi-D: 0.0144705 0
Q_ABC: 1.23589 Q_D:1.1154
Free deltaE: 8.66382 Phi-star: 0.568506 phi-D: 0.0144619 0
Q_ABC: 1.23613 Q_D:1.1154
Free deltaE: 8.66354 Phi-star: 0.568549 phi-D: 0.0144533 0
Q_ABC: 1.23638 Q_D:1.1154
Free deltaE: 8.66333 Phi-star: 0.568595 phi-D: 0.0144448 0
Q_ABC: 1.23663 Q_D:1.1154
Free deltaE: 8.66322 Phi-star: 0.568644 phi-D: 0.0144364 0
Q_ABC: 1.23689 Q_D:1.1154
Free deltaE: 8.6632 Phi-star: 0.568696 phi-D: 0.014428 0
Q_ABC: 1.23716 Q_D:1.11539
Free deltaE: 8.66328 Phi-star: 0.568751 phi-D: 0.0144197 0
Q_ABC: 1.23744 Q_D:1.11539
Free deltaE: 8.66345 Phi-star: 0.56881 phi-D: 0.0144114 0
Q_ABC: 1.23772 Q_D:1.11539
Free deltaE: 8.66371 Phi-star: 0.568871 phi-D: 0.0144032 0
Q_ABC: 1.238 Q_D:1.11539
Free deltaE: 8.66408 Phi-star: 0.568936 phi-D: 0.0143951 0
Q_ABC: 1.2383 Q_D:1.11539
Free deltaE: 8.66456 Phi-star: 0.569005 phi-D: 0.014387 0
Q_ABC: 1.2386 Q_D:1.11539
Free deltaE: 8.66514 Phi-star: 0.569076 phi-D: 0.014379 0
Q_ABC: 1.23891 Q_D:1.11539
Free deltaE: 8.66583 Phi-star: 0.569152 phi-D: 0.0143711 0
Q_ABC: 1.23922 Q_D:1.11539
Free deltaE: 8.66663 Phi-star: 0.56923 phi-D: 0.0143632 0
Q_ABC: 1.23954 Q_D:1.11539
Free deltaE: 8.66754 Phi-star: 0.569313 phi-D: 0.0143554 0
Q_ABC: 1.23987 Q_D:1.11539
Free deltaE: 8.66857 Phi-star: 0.569399 phi-D: 0.0143476 0
Q_ABC: 1.24021 Q_D:1.11539
Free deltaE: 8.66971 Phi-star: 0.569489 phi-D: 0.0143399 0
Q_ABC: 1.24056 Q_D:1.11539
Free deltaE: 8.67098 Phi-star: 0.569582 phi-D: 0.0143323 0
Q_ABC: 1.24091 Q_D:1.11539
Free deltaE: 8.67237 Phi-star: 0.569679 phi-D: 0.0143247 0
Q_ABC: 1.24127 Q_D:1.11539
Free deltaE: 8.67388 Phi-star: 0.56978 phi-D: 0.0143172 0
Q_ABC: 1.24164 Q_D:1.11539
Free deltaE: 8.67552 Phi-star: 0.569885 phi-D: 0.0143098 0
Q_ABC: 1.24201 Q_D:1.11539
Free deltaE: 8.67728 Phi-star: 0.569993 phi-D: 0.0143024 0
Q_ABC: 1.2424 Q_D:1.11539
Free deltaE: 8.67918 Phi-star: 0.570105 phi-D: 0.0142951 0
Q_ABC: 1.24279 Q_D:1.11539
Free deltaE: 8.68121 Phi-star: 0.570222 phi-D: 0.0142879 0
Q_ABC: 1.24319 Q_D:1.11539
Free deltaE: 8.68337 Phi-star: 0.570342 phi-D: 0.0142807 0
Q_ABC: 1.24359 Q_D:1.11539
Free deltaE: 8.68567 Phi-star: 0.570466 phi-D: 0.0142736 0
Q_ABC: 1.24401 Q_D:1.11539
Free deltaE: 8.68811 Phi-star: 0.570594 phi-D: 0.0142666 0
Q_ABC: 1.24443 Q_D:1.1154
Free deltaE: 8.69068 Phi-star: 0.570726 phi-D: 0.0142596 0
Q_ABC: 1.24487 Q_D:1.1154
Free deltaE: 8.6934 Phi-star: 0.570862 phi-D: 0.0142527 0
Q_ABC: 1.24531 Q_D:1.1154
Free deltaE: 8.69626 Phi-star: 0.571003 phi-D: 0.0142458 0
Q_ABC: 1.24576 Q_D:1.1154
Free deltaE: 8.69926 Phi-star: 0.571147 phi-D: 0.014239 0
Q_ABC: 1.24621 Q_D:1.1154
Free deltaE: 8.70241 Phi-star: 0.571295 phi-D: 0.0142323 0
Q_ABC: 1.24668 Q_D:1.1154
Free deltaE: 8.70571 Phi-star: 0.571447 phi-D: 0.0142256 0
Q_ABC: 1.24715 Q_D:1.1154
Free deltaE: 8.70915 Phi-star: 0.571603 phi-D: 0.014219 0
Q_ABC: 1.24763 Q_D:1.1154
Free deltaE: 8.71274 Phi-star: 0.571763 phi-D: 0.0142125 0
Q_ABC: 1.24813 Q_D:1.11541
Free deltaE: 8.71648 Phi-star: 0.571927 phi-D: 0.014206 0
Q_ABC: 1.24862 Q_D:1.11541
Free deltaE: 8.72036 Phi-star: 0.572095 phi-D: 0.0141996 0
Q_ABC: 1.24913 Q_D:1.11541
Free deltaE: 8.7244 Phi-star: 0.572267 phi-D: 0.0141932 0
Q_ABC: 1.24965 Q_D:1.11541
Free deltaE: 8.72859 Phi-star: 0.572443 phi-D: 0.0141869 0
Q_ABC: 1.25017 Q_D:1.11541
Free deltaE: 8.73293 Phi-star: 0.572623 phi-D: 0.0141807 0
Q_ABC: 1.2507 Q_D:1.11541
Free deltaE: 8.73742 Phi-star: 0.572806 phi-D: 0.0141745 0
Q_ABC: 1.25124 Q_D:1.11541
Free deltaE: 8.74207 Phi-star: 0.572994 phi-D: 0.0141683 0
Q_ABC: 1.25179 Q_D:1.11542
Free deltaE: 8.74686 Phi-star: 0.573185 phi-D: 0.0141622 0
Q_ABC: 1.25234 Q_D:1.11542
Free deltaE: 8.75181 Phi-star: 0.573379 phi-D: 0.0141562 0
Q_ABC: 1.2529 Q_D:1.11542
Free deltaE: 8.7569 Phi-star: 0.573578 phi-D: 0.0141502 0
Q_ABC: 1.25347 Q_D:1.11542
Free deltaE: 8.76214 Phi-star: 0.57378 phi-D: 0.0141443 0
Q_ABC: 1.25405 Q_D:1.11542
Free deltaE: 8.76754 Phi-star: 0.573985 phi-D: 0.0141384 0
Q_ABC: 1.25464 Q_D:1.11542
Free deltaE: 8.77308 Phi-star: 0.574194 phi-D: 0.0141326 0
Q_ABC: 1.25523 Q_D:1.11543
Free deltaE: 8.77876 Phi-star: 0.574407 phi-D: 0.0141268 0
Q_ABC: 1.25583 Q_D:1.11543
Free deltaE: 8.7846 Phi-star: 0.574623 phi-D: 0.014121 0
Q_ABC: 1.25643 Q_D:1.11543
Free deltaE: 8.79057 Phi-star: 0.574842 phi-D: 0.0141153 0
Q_ABC: 1.25705 Q_D:1.11543
Free deltaE: 8.79669 Phi-star: 0.575064 phi-D: 0.0141097 0
Q_ABC: 1.25767 Q_D:1.11543
Free deltaE: 8.80294 Phi-star: 0.575289 phi-D: 0.014104 0
Q_ABC: 1.25829 Q_D:1.11543
Free deltaE: 8.80933 Phi-star: 0.575517 phi-D: 0.0140984 0
Q_ABC: 1.25892 Q_D:1.11544
Free deltaE: 8.81586 Phi-star: 0.575748 phi-D: 0.0140929 0
Q_ABC: 1.25956 Q_D:1.11544
Free deltaE: 8.82252 Phi-star: 0.575981 phi-D: 0.0140874 0
Q_ABC: 1.26021 Q_D:1.11544
Free deltaE: 8.82931 Phi-star: 0.576217 phi-D: 0.0140819 0
Q_ABC: 1.26086 Q_D:1.11544
Free deltaE: 8.83622 Phi-star: 0.576456 phi-D: 0.0140764 0
Q_ABC: 1.26151 Q_D:1.11544
Free deltaE: 8.84326 Phi-star: 0.576697 phi-D: 0.014071 0
Q_ABC: 1.26217 Q_D:1.11544
Free deltaE: 8.85041 Phi-star: 0.57694 phi-D: 0.0140656 0
Q_ABC: 1.26284 Q_D:1.11544
Free deltaE: 8.85768 Phi-star: 0.577186 phi-D: 0.0140602 0
Q_ABC: 1.2635 Q_D:1.11545
Free deltaE: 8.86507 Phi-star: 0.577433 phi-D: 0.0140548 0
Q_ABC: 1.26418 Q_D:1.11545
Free deltaE: 8.87255 Phi-star: 0.577682 phi-D: 0.0140495 0
Q_ABC: 1.26486 Q_D:1.11545
Free deltaE: 8.88014 Phi-star: 0.577933 phi-D: 0.0140442 0
Q_ABC: 1.26554 Q_D:1.11545
Free deltaE: 8.88783 Phi-star: 0.578186 phi-D: 0.0140389 0
Q_ABC: 1.26622 Q_D:1.11545
Free deltaE: 8.89561 Phi-star: 0.57844 phi-D: 0.0140336 0
Q_ABC: 1.26691 Q_D:1.11545
Free deltaE: 8.90347 Phi-star: 0.578694 phi-D: 0.0140283 0
Q_ABC: 1.2676 Q_D:1.11545
Free deltaE: 8.91142 Phi-star: 0.57895 phi-D: 0.014023 0
Q_ABC: 1.26829 Q_D:1.11545
Free deltaE: 8.91944 Phi-star: 0.579207 phi-D: 0.0140178 0
Q_ABC: 1.26899 Q_D:1.11546
Free deltaE: 8.92753 Phi-star: 0.579465 phi-D: 0.0140125 0
Q_ABC: 1.26969 Q_D:1.11546
Free deltaE: 8.93569 Phi-star: 0.579723 phi-D: 0.0140072 0
Q_ABC: 1.27038 Q_D:1.11546
Free deltaE: 8.9439 Phi-star: 0.579981 phi-D: 0.014002 0
Q_ABC: 1.27108 Q_D:1.11546
Free deltaE: 8.95216 Phi-star: 0.58024 phi-D: 0.0139967 0
Q_ABC: 1.27178 Q_D:1.11546
Free deltaE: 8.96046 Phi-star: 0.580499 phi-D: 0.0139914 0
Q_ABC: 1.27248 Q_D:1.11546
Free deltaE: 8.9688 Phi-star: 0.580757 phi-D: 0.0139861 0
Q_ABC: 1.27318 Q_D:1.11546
Free deltaE: 8.97717 Phi-star: 0.581015 phi-D: 0.0139808 0
Q_ABC: 1.27388 Q_D:1.11546
Free deltaE: 8.98556 Phi-star: 0.581272 phi-D: 0.0139755 0
Q_ABC: 1.27458 Q_D:1.11546
Free deltaE: 8.99396 Phi-star: 0.581529 phi-D: 0.0139702 0
Q_ABC: 1.27528 Q_D:1.11546
Free deltaE: 9.00237 Phi-star: 0.581784 phi-D: 0.0139648 0
Q_ABC: 1.27598 Q_D:1.11546
Free deltaE: 9.01077 Phi-star: 0.582038 phi-D: 0.0139595 0
Q_ABC: 1.27667 Q_D:1.11546
Free deltaE: 9.01917 Phi-star: 0.582291 phi-D: 0.0139541 0
Q_ABC: 1.27736 Q_D:1.11546
Free deltaE: 9.02754 Phi-star: 0.582543 phi-D: 0.0139487 0
Q_ABC: 1.27805 Q_D:1.11546
Free deltaE: 9.03589 Phi-star: 0.582792 phi-D: 0.0139432 0
Q_ABC: 1.27874 Q_D:1.11546
Free deltaE: 9.0442 Phi-star: 0.58304 phi-D: 0.0139378 0
Q_ABC: 1.27942 Q_D:1.11546
Free deltaE: 9.05246 Phi-star: 0.583285 phi-D: 0.0139322 0
Q_ABC: 1.2801 Q_D:1.11546
Free deltaE: 9.06067 Phi-star: 0.583529 phi-D: 0.0139267 0
Q_ABC: 1.28077 Q_D:1.11546
Free deltaE: 9.06882 Phi-star: 0.583769 phi-D: 0.0139211 0
Q_ABC: 1.28144 Q_D:1.11546
Free deltaE: 9.07689 Phi-star: 0.584007 phi-D: 0.0139155 0
Q_ABC: 1.28211 Q_D:1.11546
Free deltaE: 9.08488 Phi-star: 0.584241 phi-D: 0.0139099 0
Q_ABC: 1.28277 Q_D:1.11546
Free deltaE: 9.09279 Phi-star: 0.584473 phi-D: 0.0139042 0
Q_ABC: 1.28342 Q_D:1.11546
Free deltaE: 9.10059 Phi-star: 0.584701 phi-D: 0.0138984 0
Q_ABC: 1.28407 Q_D:1.11545
Free deltaE: 9.10829 Phi-star: 0.584926 phi-D: 0.0138926 0
Q_ABC: 1.28471 Q_D:1.11545
Free deltaE: 9.11587 Phi-star: 0.585147 phi-D: 0.0138868 0
Q_ABC: 1.28534 Q_D:1.11545
Free deltaE: 9.12332 Phi-star: 0.585364 phi-D: 0.0138809 0
Q_ABC: 1.28597 Q_D:1.11545
Free deltaE: 9.13065 Phi-star: 0.585577 phi-D: 0.013875 0
Q_ABC: 1.28659 Q_D:1.11545
Free deltaE: 9.13782 Phi-star: 0.585786 phi-D: 0.013869 0
Q_ABC: 1.2872 Q_D:1.11545
Free deltaE: 9.14485 Phi-star: 0.585991 phi-D: 0.0138629 0
Q_ABC: 1.2878 Q_D:1.11544
Free deltaE: 9.15172 Phi-star: 0.586191 phi-D: 0.0138568 0
Q_ABC: 1.28839 Q_D:1.11544
Free deltaE: 9.15842 Phi-star: 0.586386 phi-D: 0.0138507 0
Q_ABC: 1.28898 Q_D:1.11544
Free deltaE: 9.16495 Phi-star: 0.586576 phi-D: 0.0138445 0
Q_ABC: 1.28955 Q_D:1.11544
Free deltaE: 9.1713 Phi-star: 0.586762 phi-D: 0.0138382 0
Q_ABC: 1.29012 Q_D:1.11543
Free deltaE: 9.17745 Phi-star: 0.586942 phi-D: 0.0138318 0
Q_ABC: 1.29068 Q_D:1.11543
Free deltaE: 9.18341 Phi-star: 0.587117 phi-D: 0.0138254 0
Q_ABC: 1.29122 Q_D:1.11543
Free deltaE: 9.18917 Phi-star: 0.587287 phi-D: 0.013819 0
Q_ABC: 1.29176 Q_D:1.11543
Free deltaE: 9.19472 Phi-star: 0.587452 phi-D: 0.0138125 0
Q_ABC: 1.29229 Q_D:1.11542
Free deltaE: 9.20005 Phi-star: 0.58761 phi-D: 0.0138059 0
Q_ABC: 1.2928 Q_D:1.11542
Free deltaE: 9.20517 Phi-star: 0.587763 phi-D: 0.0137992 0
Q_ABC: 1.29331 Q_D:1.11541
Free deltaE: 9.21006 Phi-star: 0.587911 phi-D: 0.0137925 0
Q_ABC: 1.2938 Q_D:1.11541
Free deltaE: 9.21472 Phi-star: 0.588052 phi-D: 0.0137857 0
Q_ABC: 1.29428 Q_D:1.11541
Free deltaE: 9.21914 Phi-star: 0.588188 phi-D: 0.0137789 0
Q_ABC: 1.29475 Q_D:1.1154
Free deltaE: 9.22333 Phi-star: 0.588317 phi-D: 0.013772 0
Q_ABC: 1.29521 Q_D:1.1154
Free deltaE: 9.22728 Phi-star: 0.588441 phi-D: 0.013765 0
Q_ABC: 1.29566 Q_D:1.11539
Free deltaE: 9.23099 Phi-star: 0.588558 phi-D: 0.013758 0
Q_ABC: 1.2961 Q_D:1.11539
Free deltaE: 9.23445 Phi-star: 0.588669 phi-D: 0.0137509 0
Q_ABC: 1.29652 Q_D:1.11539
Free deltaE: 9.23766 Phi-star: 0.588774 phi-D: 0.0137437 0
Q_ABC: 1.29693 Q_D:1.11538
Free deltaE: 9.24062 Phi-star: 0.588873 phi-D: 0.0137364 0
Q_ABC: 1.29733 Q_D:1.11538
Free deltaE: 9.24334 Phi-star: 0.588966 phi-D: 0.0137291 0
Q_ABC: 1.29772 Q_D:1.11537
Free deltaE: 9.2458 Phi-star: 0.589052 phi-D: 0.0137218 0
Q_ABC: 1.2981 Q_D:1.11537
Free deltaE: 9.24801 Phi-star: 0.589132 phi-D: 0.0137144 0
Q_ABC: 1.29846 Q_D:1.11536
Free deltaE: 9.24998 Phi-star: 0.589206 phi-D: 0.0137069 0
Q_ABC: 1.29881 Q_D:1.11535
Free deltaE: 9.25169 Phi-star: 0.589273 phi-D: 0.0136993 0
Q_ABC: 1.29915 Q_D:1.11535
Free deltaE: 9.25316 Phi-star: 0.589335 phi-D: 0.0136917 0
Q_ABC: 1.29948 Q_D:1.11534
Free deltaE: 9.25437 Phi-star: 0.58939 phi-D: 0.013684 0
Q_ABC: 1.29979 Q_D:1.11534
Free deltaE: 9.25535 Phi-star: 0.589439 phi-D: 0.0136763 0
Q_ABC: 1.30009 Q_D:1.11533
Free deltaE: 9.25608 Phi-star: 0.589481 phi-D: 0.0136685 0
Q_ABC: 1.30038 Q_D:1.11533
Free deltaE: 9.25657 Phi-star: 0.589518 phi-D: 0.0136606 0
Q_ABC: 1.30066 Q_D:1.11532
Free deltaE: 9.25682 Phi-star: 0.589548 phi-D: 0.0136527 0
Q_ABC: 1.30093 Q_D:1.11531
Free deltaE: 9.25683 Phi-star: 0.589572 phi-D: 0.0136447 0
Q_ABC: 1.30118 Q_D:1.11531
Free deltaE: 9.25662 Phi-star: 0.58959 phi-D: 0.0136367 0
Q_ABC: 1.30143 Q_D:1.1153
Free deltaE: 9.25617 Phi-star: 0.589603 phi-D: 0.0136286 0
Q_ABC: 1.30166 Q_D:1.11529
Free deltaE: 9.2555 Phi-star: 0.589609 phi-D: 0.0136205 0
Q_ABC: 1.30187 Q_D:1.11528
Free deltaE: 9.25461 Phi-star: 0.589609 phi-D: 0.0136123 0
Q_ABC: 1.30208 Q_D:1.11528
Free deltaE: 9.2535 Phi-star: 0.589604 phi-D: 0.013604 0
Q_ABC: 1.30228 Q_D:1.11527
Free deltaE: 9.25217 Phi-star: 0.589592 phi-D: 0.0135958 0
Q_ABC: 1.30246 Q_D:1.11526
Free deltaE: 9.25064 Phi-star: 0.589575 phi-D: 0.0135874 0
Q_ABC: 1.30263 Q_D:1.11526
Free deltaE: 9.24889 Phi-star: 0.589553 phi-D: 0.013579 0
Q_ABC: 1.30279 Q_D:1.11525
Free deltaE: 9.24694 Phi-star: 0.589524 phi-D: 0.0135706 0
Q_ABC: 1.30294 Q_D:1.11524
Free deltaE: 9.24479 Phi-star: 0.58949 phi-D: 0.0135621 0
Q_ABC: 1.30308 Q_D:1.11523
Free deltaE: 9.24244 Phi-star: 0.589451 phi-D: 0.0135536 0
Q_ABC: 1.30321 Q_D:1.11522
Free deltaE: 9.2399 Phi-star: 0.589407 phi-D: 0.013545 0
Q_ABC: 1.30332 Q_D:1.11522
Free deltaE: 9.23717 Phi-star: 0.589357 phi-D: 0.0135364 0
Q_ABC: 1.30343 Q_D:1.11521
Free deltaE: 9.23425 Phi-star: 0.589301 phi-D: 0.0135278 0
Q_ABC: 1.30352 Q_D:1.1152
Free deltaE: 9.23115 Phi-star: 0.589241 phi-D: 0.0135191 0
Q_ABC: 1.30361 Q_D:1.11519
Free deltaE: 9.22786 Phi-star: 0.589175 phi-D: 0.0135103 0
Q_ABC: 1.30368 Q_D:1.11518
Free deltaE: 9.22439 Phi-star: 0.589105 phi-D: 0.0135016 0
Q_ABC: 1.30374 Q_D:1.11517
Free deltaE: 9.22075 Phi-star: 0.58903 phi-D: 0.0134928 0
Q_ABC: 1.3038 Q_D:1.11516
Free deltaE: 9.21693 Phi-star: 0.588949 phi-D: 0.013484 0
Q_ABC: 1.30384 Q_D:1.11515
Free deltaE: 9.21294 Phi-star: 0.588864 phi-D: 0.0134751 0
Q_ABC: 1.30387 Q_D:1.11515
Free deltaE: 9.20878 Phi-star: 0.588775 phi-D: 0.0134662 0
Q_ABC: 1.3039 Q_D:1.11514
Free deltaE: 9.20445 Phi-star: 0.58868 phi-D: 0.0134573 0
Q_ABC: 1.30391 Q_D:1.11513
Free deltaE: 9.19995 Phi-star: 0.588581 phi-D: 0.0134483 0
Q_ABC: 1.30392 Q_D:1.11512
Free deltaE: 9.19529 Phi-star: 0.588478 phi-D: 0.0134394 0
Q_ABC: 1.30392 Q_D:1.11511
Free deltaE: 9.19047 Phi-star: 0.58837 phi-D: 0.0134304 0
Q_ABC: 1.3039 Q_D:1.1151
Free deltaE: 9.18549 Phi-star: 0.588259 phi-D: 0.0134214 0
Q_ABC: 1.30388 Q_D:1.11509
Free deltaE: 9.18034 Phi-star: 0.588143 phi-D: 0.0134123 0
Q_ABC: 1.30385 Q_D:1.11508
Free deltaE: 9.17505 Phi-star: 0.588023 phi-D: 0.0134033 0
Q_ABC: 1.30381 Q_D:1.11507
Free deltaE: 9.16959 Phi-star: 0.587899 phi-D: 0.0133942 0
Q_ABC: 1.30377 Q_D:1.11506
Free deltaE: 9.16398 Phi-star: 0.587771 phi-D: 0.0133851 0
Q_ABC: 1.30371 Q_D:1.11505
Free deltaE: 9.15823 Phi-star: 0.587639 phi-D: 0.013376 0
Q_ABC: 1.30365 Q_D:1.11504
Free deltaE: 9.15232 Phi-star: 0.587504 phi-D: 0.0133669 0
Q_ABC: 1.30358 Q_D:1.11503
Free deltaE: 9.14627 Phi-star: 0.587366 phi-D: 0.0133578 0
Q_ABC: 1.3035 Q_D:1.11502
Free deltaE: 9.14007 Phi-star: 0.587224 phi-D: 0.0133487 0
Q_ABC: 1.30342 Q_D:1.11501
Free deltaE: 9.13373 Phi-star: 0.587078 phi-D: 0.0133395 0
Q_ABC: 1.30333 Q_D:1.115
Free deltaE: 9.12725 Phi-star: 0.58693 phi-D: 0.0133304 0
Q_ABC: 1.30323 Q_D:1.11499
Free deltaE: 9.12064 Phi-star: 0.586779 phi-D: 0.0133213 0
Q_ABC: 1.30313 Q_D:1.11498
Free deltaE: 9.1139 Phi-star: 0.586624 phi-D: 0.0133121 0
Q_ABC: 1.30302 Q_D:1.11497
Free deltaE: 9.10703 Phi-star: 0.586467 phi-D: 0.013303 0
Q_ABC: 1.3029 Q_D:1.11496
Free deltaE: 9.10004 Phi-star: 0.586308 phi-D: 0.0132939 0
Q_ABC: 1.30278 Q_D:1.11495
Free deltaE: 9.09293 Phi-star: 0.586146 phi-D: 0.0132848 0
Q_ABC: 1.30265 Q_D:1.11494
Free deltaE: 9.0857 Phi-star: 0.585982 phi-D: 0.0132756 0
Q_ABC: 1.30252 Q_D:1.11493
Free deltaE: 9.07837 Phi-star: 0.585815 phi-D: 0.0132665 0
Q_ABC: 1.30238 Q_D:1.11492
Free deltaE: 9.07093 Phi-star: 0.585647 phi-D: 0.0132574 0
Q_ABC: 1.30224 Q_D:1.11491
Free deltaE: 9.06339 Phi-star: 0.585476 phi-D: 0.0132484 0
Q_ABC: 1.3021 Q_D:1.11489
Free deltaE: 9.05576 Phi-star: 0.585304 phi-D: 0.0132393 0
Q_ABC: 1.30195 Q_D:1.11488
Free deltaE: 9.04804 Phi-star: 0.585131 phi-D: 0.0132303 0
Q_ABC: 1.3018 Q_D:1.11487
Free deltaE: 9.04024 Phi-star: 0.584956 phi-D: 0.0132212 0
Q_ABC: 1.30164 Q_D:1.11486
Free deltaE: 9.03236 Phi-star: 0.58478 phi-D: 0.0132122 0
Q_ABC: 1.30148 Q_D:1.11485
Free deltaE: 9.02442 Phi-star: 0.584603 phi-D: 0.0132033 0
Q_ABC: 1.30132 Q_D:1.11484
Free deltaE: 9.01641 Phi-star: 0.584425 phi-D: 0.0131943 0
Q_ABC: 1.30116 Q_D:1.11483
Free deltaE: 9.00836 Phi-star: 0.584246 phi-D: 0.0131854 0
Q_ABC: 1.30099 Q_D:1.11482
Free deltaE: 9.00025 Phi-star: 0.584066 phi-D: 0.0131765 0
Q_ABC: 1.30083 Q_D:1.11481
Free deltaE: 8.99211 Phi-star: 0.583887 phi-D: 0.0131677 0
Q_ABC: 1.30066 Q_D:1.1148
Free deltaE: 8.98393 Phi-star: 0.583707 phi-D: 0.0131588 0
Q_ABC: 1.30049 Q_D:1.11479
Free deltaE: 8.97573 Phi-star: 0.583526 phi-D: 0.0131501 0
Q_ABC: 1.30032 Q_D:1.11478
Free deltaE: 8.96751 Phi-star: 0.583346 phi-D: 0.0131413 0
Q_ABC: 1.30015 Q_D:1.11477
Free deltaE: 8.95928 Phi-star: 0.583167 phi-D: 0.0131326 0
Q_ABC: 1.29998 Q_D:1.11475
Free deltaE: 8.95105 Phi-star: 0.582987 phi-D: 0.0131239 0
Q_ABC: 1.29981 Q_D:1.11474
Free deltaE: 8.94282 Phi-star: 0.582808 phi-D: 0.0131153 0
Q_ABC: 1.29964 Q_D:1.11473
Free deltaE: 8.93461 Phi-star: 0.58263 phi-D: 0.0131068 0
Q_ABC: 1.29947 Q_D:1.11472
Free deltaE: 8.92641 Phi-star: 0.582453 phi-D: 0.0130982 0
Q_ABC: 1.2993 Q_D:1.11471
Free deltaE: 8.91825 Phi-star: 0.582277 phi-D: 0.0130898 0
Q_ABC: 1.29913 Q_D:1.1147
Free deltaE: 8.91011 Phi-star: 0.582102 phi-D: 0.0130813 0
Q_ABC: 1.29897 Q_D:1.11469
Free deltaE: 8.90202 Phi-star: 0.581928 phi-D: 0.0130729 0
Q_ABC: 1.2988 Q_D:1.11468
Free deltaE: 8.89397 Phi-star: 0.581755 phi-D: 0.0130646 0
Q_ABC: 1.29864 Q_D:1.11467
Free deltaE: 8.88598 Phi-star: 0.581585 phi-D: 0.0130564 0
Q_ABC: 1.29848 Q_D:1.11466
Free deltaE: 8.87805 Phi-star: 0.581416 phi-D: 0.0130481 0
Q_ABC: 1.29833 Q_D:1.11465
Free deltaE: 8.87018 Phi-star: 0.581248 phi-D: 0.01304 0
Q_ABC: 1.29817 Q_D:1.11464
Free deltaE: 8.86239 Phi-star: 0.581083 phi-D: 0.0130319 0
Q_ABC: 1.29802 Q_D:1.11463
Free deltaE: 8.85468 Phi-star: 0.58092 phi-D: 0.0130238 0
Q_ABC: 1.29788 Q_D:1.11462
Free deltaE: 8.84705 Phi-star: 0.580759 phi-D: 0.0130159 0
Q_ABC: 1.29773 Q_D:1.11461
Free deltaE: 8.83951 Phi-star: 0.5806 phi-D: 0.013008 0
Q_ABC: 1.29759 Q_D:1.1146
Free deltaE: 8.83206 Phi-star: 0.580444 phi-D: 0.0130001 0
Q_ABC: 1.29746 Q_D:1.11458
Free deltaE: 8.82471 Phi-star: 0.580291 phi-D: 0.0129923 0
Q_ABC: 1.29733 Q_D:1.11457
Free deltaE: 8.81746 Phi-star: 0.58014 phi-D: 0.0129846 0
Q_ABC: 1.2972 Q_D:1.11456
Free deltaE: 8.81032 Phi-star: 0.579991 phi-D: 0.0129769 0
Q_ABC: 1.29708 Q_D:1.11455
Free deltaE: 8.8033 Phi-star: 0.579846 phi-D: 0.0129693 0
Q_ABC: 1.29696 Q_D:1.11454
Free deltaE: 8.79638 Phi-star: 0.579703 phi-D: 0.0129618 0
Q_ABC: 1.29685 Q_D:1.11453
Free deltaE: 8.78959 Phi-star: 0.579564 phi-D: 0.0129544 0
Q_ABC: 1.29674 Q_D:1.11452
Free deltaE: 8.78292 Phi-star: 0.579428 phi-D: 0.012947 0
Q_ABC: 1.29664 Q_D:1.11451
Free deltaE: 8.77637 Phi-star: 0.579294 phi-D: 0.0129396 0
Q_ABC: 1.29654 Q_D:1.1145
Free deltaE: 8.76995 Phi-star: 0.579164 phi-D: 0.0129324 0
Q_ABC: 1.29645 Q_D:1.11449
Free deltaE: 8.76366 Phi-star: 0.579037 phi-D: 0.0129252 0
Q_ABC: 1.29636 Q_D:1.11448
Free deltaE: 8.7575 Phi-star: 0.578914 phi-D: 0.0129181 0
Q_ABC: 1.29628 Q_D:1.11447
Free deltaE: 8.75147 Phi-star: 0.578794 phi-D: 0.012911 0
Q_ABC: 1.29621 Q_D:1.11446
Free deltaE: 8.74558 Phi-star: 0.578677 phi-D: 0.0129041 0
Q_ABC: 1.29614 Q_D:1.11445
Free deltaE: 8.73983 Phi-star: 0.578564 phi-D: 0.0128972 0
Q_ABC: 1.29608 Q_D:1.11444
Free deltaE: 8.73422 Phi-star: 0.578455 phi-D: 0.0128903 0
Q_ABC: 1.29602 Q_D:1.11443
Free deltaE: 8.72875 Phi-star: 0.578349 phi-D: 0.0128836 0
Q_ABC: 1.29597 Q_D:1.11442
Free deltaE: 8.72341 Phi-star: 0.578247 phi-D: 0.0128769 0
Q_ABC: 1.29593 Q_D:1.11441
Free deltaE: 8.71822 Phi-star: 0.578148 phi-D: 0.0128703 0
Q_ABC: 1.29589 Q_D:1.1144
Free deltaE: 8.71318 Phi-star: 0.578053 phi-D: 0.0128637 0
Q_ABC: 1.29586 Q_D:1.1144
Free deltaE: 8.70827 Phi-star: 0.577962 phi-D: 0.0128573 0
Q_ABC: 1.29583 Q_D:1.11439
Free deltaE: 8.70351 Phi-star: 0.577874 phi-D: 0.0128508 0
Q_ABC: 1.29581 Q_D:1.11438
Free deltaE: 8.69889 Phi-star: 0.57779 phi-D: 0.0128445 0
Q_ABC: 1.2958 Q_D:1.11437
Free deltaE: 8.69442 Phi-star: 0.57771 phi-D: 0.0128382 0
Q_ABC: 1.2958 Q_D:1.11436
Free deltaE: 8.69009 Phi-star: 0.577634 phi-D: 0.012832 0
Q_ABC: 1.2958 Q_D:1.11435
Free deltaE: 8.6859 Phi-star: 0.577561 phi-D: 0.0128259 0
Q_ABC: 1.2958 Q_D:1.11434
Free deltaE: 8.68186 Phi-star: 0.577492 phi-D: 0.0128199 0
Q_ABC: 1.29582 Q_D:1.11433
Free deltaE: 8.67796 Phi-star: 0.577427 phi-D: 0.0128139 0
Q_ABC: 1.29584 Q_D:1.11432
Free deltaE: 8.6742 Phi-star: 0.577366 phi-D: 0.012808 0
Q_ABC: 1.29586 Q_D:1.11431
Free deltaE: 8.67059 Phi-star: 0.577308 phi-D: 0.0128021 0
Q_ABC: 1.2959 Q_D:1.1143
Free deltaE: 8.66711 Phi-star: 0.577254 phi-D: 0.0127963 0
Q_ABC: 1.29594 Q_D:1.11429
Free deltaE: 8.66378 Phi-star: 0.577204 phi-D: 0.0127906 0
Q_ABC: 1.29598 Q_D:1.11429
Free deltaE: 8.66058 Phi-star: 0.577157 phi-D: 0.0127849 0
Q_ABC: 1.29604 Q_D:1.11428
Free deltaE: 8.65752 Phi-star: 0.577115 phi-D: 0.0127793 0
Q_ABC: 1.2961 Q_D:1.11427
Free deltaE: 8.6546 Phi-star: 0.577075 phi-D: 0.0127738 0
Q_ABC: 1.29616 Q_D:1.11426
Free deltaE: 8.65182 Phi-star: 0.57704 phi-D: 0.0127684 0
Q_ABC: 1.29623 Q_D:1.11425
Free deltaE: 8.64917 Phi-star: 0.577008 phi-D: 0.012763 0
Q_ABC: 1.29631 Q_D:1.11424
Free deltaE: 8.64665 Phi-star: 0.576979 phi-D: 0.0127576 0
Q_ABC: 1.29639 Q_D:1.11423
Free deltaE: 8.64426 Phi-star: 0.576954 phi-D: 0.0127524 0
Q_ABC: 1.29648 Q_D:1.11422
Free deltaE: 8.64201 Phi-star: 0.576933 phi-D: 0.0127471 0
Q_ABC: 1.29658 Q_D:1.11422
Free deltaE: 8.63989 Phi-star: 0.576915 phi-D: 0.012742 0
Q_ABC: 1.29668 Q_D:1.11421
Free deltaE: 8.63789 Phi-star: 0.576901 phi-D: 0.0127369 0
Q_ABC: 1.29679 Q_D:1.1142
Free deltaE: 8.63602 Phi-star: 0.576889 phi-D: 0.0127318 0
Q_ABC: 1.2969 Q_D:1.11419
Free deltaE: 8.63427 Phi-star: 0.576882 phi-D: 0.0127269 0
Q_ABC: 1.29702 Q_D:1.11418
Free deltaE: 8.63264 Phi-star: 0.576877 phi-D: 0.0127219 0
Q_ABC: 1.29715 Q_D:1.11417
Free deltaE: 8.63114 Phi-star: 0.576876 phi-D: 0.012717 0
Q_ABC: 1.29728 Q_D:1.11417
Free deltaE: 8.62975 Phi-star: 0.576877 phi-D: 0.0127122 0
Q_ABC: 1.29741 Q_D:1.11416
Free deltaE: 8.62848 Phi-star: 0.576882 phi-D: 0.0127074 0
Q_ABC: 1.29755 Q_D:1.11415
Free deltaE: 8.62733 Phi-star: 0.57689 phi-D: 0.0127027 0
Q_ABC: 1.2977 Q_D:1.11414
Free deltaE: 8.62628 Phi-star: 0.576901 phi-D: 0.0126981 0
Q_ABC: 1.29785 Q_D:1.11413
Free deltaE: 8.62535 Phi-star: 0.576915 phi-D: 0.0126934 0
Q_ABC: 1.29801 Q_D:1.11413
Free deltaE: 8.62453 Phi-star: 0.576932 phi-D: 0.0126889 0
Q_ABC: 1.29817 Q_D:1.11412
Free deltaE: 8.62381 Phi-star: 0.576951 phi-D: 0.0126843 0
Q_ABC: 1.29834 Q_D:1.11411
Free deltaE: 8.62319 Phi-star: 0.576973 phi-D: 0.0126798 0
Q_ABC: 1.29851 Q_D:1.1141
Free deltaE: 8.62268 Phi-star: 0.576998 phi-D: 0.0126754 0
Q_ABC: 1.29868 Q_D:1.1141
Free deltaE: 8.62226 Phi-star: 0.577026 phi-D: 0.012671 0
Q_ABC: 1.29886 Q_D:1.11409
Free deltaE: 8.62195 Phi-star: 0.577056 phi-D: 0.0126666 0
Q_ABC: 1.29905 Q_D:1.11408
Free deltaE: 8.62172 Phi-star: 0.577088 phi-D: 0.0126623 0
Q_ABC: 1.29923 Q_D:1.11407
Free deltaE: 8.62159 Phi-star: 0.577123 phi-D: 0.012658 0
Q_ABC: 1.29943 Q_D:1.11406
Free deltaE: 8.62155 Phi-star: 0.57716 phi-D: 0.0126538 0
Q_ABC: 1.29962 Q_D:1.11406
Free deltaE: 8.62159 Phi-star: 0.5772 phi-D: 0.0126495 0
Q_ABC: 1.29982 Q_D:1.11405
Free deltaE: 8.62172 Phi-star: 0.577241 phi-D: 0.0126454 0
Q_ABC: 1.30002 Q_D:1.11404
Free deltaE: 8.62193 Phi-star: 0.577285 phi-D: 0.0126412 0
Q_ABC: 1.30023 Q_D:1.11403
Free deltaE: 8.62222 Phi-star: 0.57733 phi-D: 0.0126371 0
Q_ABC: 1.30044 Q_D:1.11403
Free deltaE: 8.62258 Phi-star: 0.577378 phi-D: 0.012633 0
Q_ABC: 1.30065 Q_D:1.11402
Free deltaE: 8.62302 Phi-star: 0.577427 phi-D: 0.0126289 0
Q_ABC: 1.30087 Q_D:1.11401
Free deltaE: 8.62353 Phi-star: 0.577478 phi-D: 0.0126249 0
Q_ABC: 1.30109 Q_D:1.11401
Free deltaE: 8.6241 Phi-star: 0.577531 phi-D: 0.0126209 0
Q_ABC: 1.30131 Q_D:1.114
Free deltaE: 8.62474 Phi-star: 0.577586 phi-D: 0.0126169 0
Q_ABC: 1.30153 Q_D:1.11399
Free deltaE: 8.62545 Phi-star: 0.577641 phi-D: 0.0126129 0
Q_ABC: 1.30176 Q_D:1.11398
Free deltaE: 8.62621 Phi-star: 0.577699 phi-D: 0.012609 0
Q_ABC: 1.30199 Q_D:1.11398
Free deltaE: 8.62703 Phi-star: 0.577757 phi-D: 0.012605 0
Q_ABC: 1.30222 Q_D:1.11397
Free deltaE: 8.6279 Phi-star: 0.577817 phi-D: 0.0126011 0
Q_ABC: 1.30245 Q_D:1.11396
Free deltaE: 8.62883 Phi-star: 0.577878 phi-D: 0.0125972 0
Q_ABC: 1.30269 Q_D:1.11395
Free deltaE: 8.6298 Phi-star: 0.57794 phi-D: 0.0125934 0
Q_ABC: 1.30292 Q_D:1.11395
Free deltaE: 8.63081 Phi-star: 0.578003 phi-D: 0.0125895 0
Q_ABC: 1.30316 Q_D:1.11394
Free deltaE: 8.63187 Phi-star: 0.578067 phi-D: 0.0125856 0
Q_ABC: 1.3034 Q_D:1.11393
Free deltaE: 8.63297 Phi-star: 0.578132 phi-D: 0.0125818 0
Q_ABC: 1.30364 Q_D:1.11393
Free deltaE: 8.63411 Phi-star: 0.578198 phi-D: 0.0125779 0
Q_ABC: 1.30388 Q_D:1.11392
Free deltaE: 8.63528 Phi-star: 0.578264 phi-D: 0.0125741 0
Q_ABC: 1.30412 Q_D:1.11391
Free deltaE: 8.63648 Phi-star: 0.578331 phi-D: 0.0125703 0
Q_ABC: 1.30436 Q_D:1.1139
Free deltaE: 8.63771 Phi-star: 0.578398 phi-D: 0.0125665 0
Q_ABC: 1.3046 Q_D:1.1139
Free deltaE: 8.63896 Phi-star: 0.578466 phi-D: 0.0125626 0
Q_ABC: 1.30485 Q_D:1.11389
Free deltaE: 8.64024 Phi-star: 0.578534 phi-D: 0.0125588 0
Q_ABC: 1.30509 Q_D:1.11388
Free deltaE: 8.64153 Phi-star: 0.578602 phi-D: 0.012555 0
Q_ABC: 1.30533 Q_D:1.11388
Free deltaE: 8.64285 Phi-star: 0.57867 phi-D: 0.0125512 0
Q_ABC: 1.30557 Q_D:1.11387
Free deltaE: 8.64417 Phi-star: 0.578739 phi-D: 0.0125473 0
Q_ABC: 1.30582 Q_D:1.11386
Free deltaE: 8.64551 Phi-star: 0.578807 phi-D: 0.0125435 0
Q_ABC: 1.30606 Q_D:1.11385
Free deltaE: 8.64686 Phi-star: 0.578876 phi-D: 0.0125397 0
Q_ABC: 1.3063 Q_D:1.11385
Free deltaE: 8.64821 Phi-star: 0.578944 phi-D: 0.0125358 0
Q_ABC: 1.30654 Q_D:1.11384
Free deltaE: 8.64957 Phi-star: 0.579012 phi-D: 0.012532 0
Q_ABC: 1.30678 Q_D:1.11383
Free deltaE: 8.65092 Phi-star: 0.579079 phi-D: 0.0125281 0
Q_ABC: 1.30702 Q_D:1.11383
Free deltaE: 8.65228 Phi-star: 0.579146 phi-D: 0.0125243 0
Q_ABC: 1.30726 Q_D:1.11382
Free deltaE: 8.65363 Phi-star: 0.579213 phi-D: 0.0125204 0
Q_ABC: 1.30749 Q_D:1.11381
Free deltaE: 8.65497 Phi-star: 0.579279 phi-D: 0.0125165 0
Q_ABC: 1.30773 Q_D:1.11381
Free deltaE: 8.6563 Phi-star: 0.579344 phi-D: 0.0125126 0
Q_ABC: 1.30796 Q_D:1.1138
Free deltaE: 8.65763 Phi-star: 0.579408 phi-D: 0.0125086 0
Q_ABC: 1.30819 Q_D:1.11379
Free deltaE: 8.65893 Phi-star: 0.579472 phi-D: 0.0125047 0
Q_ABC: 1.30842 Q_D:1.11378
Free deltaE: 8.66022 Phi-star: 0.579535 phi-D: 0.0125007 0
Q_ABC: 1.30865 Q_D:1.11378
Free deltaE: 8.66149 Phi-star: 0.579597 phi-D: 0.0124967 0
Q_ABC: 1.30888 Q_D:1.11377
Free deltaE: 8.66274 Phi-star: 0.579658 phi-D: 0.0124927 0
Q_ABC: 1.3091 Q_D:1.11376
Free deltaE: 8.66396 Phi-star: 0.579717 phi-D: 0.0124887 0
Q_ABC: 1.30932 Q_D:1.11376
Free deltaE: 8.66515 Phi-star: 0.579776 phi-D: 0.0124846 0
Q_ABC: 1.30954 Q_D:1.11375
Free deltaE: 8.66632 Phi-star: 0.579833 phi-D: 0.0124805 0
Q_ABC: 1.30975 Q_D:1.11374
Free deltaE: 8.66746 Phi-star: 0.579889 phi-D: 0.0124764 0
Q_ABC: 1.30997 Q_D:1.11374
Free deltaE: 8.66856 Phi-star: 0.579944 phi-D: 0.0124723 0
Q_ABC: 1.31018 Q_D:1.11373
Free deltaE: 8.66962 Phi-star: 0.579997 phi-D: 0.0124681 0
Q_ABC: 1.31038 Q_D:1.11372
Free deltaE: 8.67065 Phi-star: 0.580048 phi-D: 0.0124639 0
Q_ABC: 1.31059 Q_D:1.11371
Free deltaE: 8.67164 Phi-star: 0.580098 phi-D: 0.0124597 0
Q_ABC: 1.31079 Q_D:1.11371
Free deltaE: 8.67258 Phi-star: 0.580147 phi-D: 0.0124554 0
Q_ABC: 1.31098 Q_D:1.1137
Free deltaE: 8.67348 Phi-star: 0.580193 phi-D: 0.0124512 0
Q_ABC: 1.31118 Q_D:1.11369
Free deltaE: 8.67433 Phi-star: 0.580238 phi-D: 0.0124468 0
Q_ABC: 1.31137 Q_D:1.11369
Free deltaE: 8.67514 Phi-star: 0.580281 phi-D: 0.0124425 0
Q_ABC: 1.31155 Q_D:1.11368
Free deltaE: 8.67589 Phi-star: 0.580322 phi-D: 0.0124381 0
Q_ABC: 1.31174 Q_D:1.11367
Free deltaE: 8.67659 Phi-star: 0.580362 phi-D: 0.0124337 0
Q_ABC: 1.31191 Q_D:1.11366
Free deltaE: 8.67724 Phi-star: 0.580399 phi-D: 0.0124292 0
Q_ABC: 1.31209 Q_D:1.11366
Free deltaE: 8.67783 Phi-star: 0.580434 phi-D: 0.0124247 0
Q_ABC: 1.31226 Q_D:1.11365
Free deltaE: 8.67836 Phi-star: 0.580467 phi-D: 0.0124202 0
Q_ABC: 1.31243 Q_D:1.11364
Free deltaE: 8.67883 Phi-star: 0.580498 phi-D: 0.0124156 0
Q_ABC: 1.31259 Q_D:1.11364
Free deltaE: 8.67924 Phi-star: 0.580527 phi-D: 0.012411 0
Q_ABC: 1.31275 Q_D:1.11363
Free deltaE: 8.67959 Phi-star: 0.580553 phi-D: 0.0124063 0
Q_ABC: 1.3129 Q_D:1.11362
Free deltaE: 8.67987 Phi-star: 0.580578 phi-D: 0.0124016 0
Q_ABC: 1.31305 Q_D:1.11361
Free deltaE: 8.68008 Phi-star: 0.580599 phi-D: 0.0123969 0
Q_ABC: 1.31319 Q_D:1.11361
Free deltaE: 8.68022 Phi-star: 0.580619 phi-D: 0.0123921 0
Q_ABC: 1.31333 Q_D:1.1136
Free deltaE: 8.6803 Phi-star: 0.580636 phi-D: 0.0123873 0
Q_ABC: 1.31347 Q_D:1.11359
Free deltaE: 8.6803 Phi-star: 0.580651 phi-D: 0.0123824 0
Q_ABC: 1.3136 Q_D:1.11359
Free deltaE: 8.68022 Phi-star: 0.580663 phi-D: 0.0123775 0
Q_ABC: 1.31372 Q_D:1.11358
Free deltaE: 8.68008 Phi-star: 0.580673 phi-D: 0.0123725 0
Q_ABC: 1.31384 Q_D:1.11357
Free deltaE: 8.67985 Phi-star: 0.58068 phi-D: 0.0123675 0
Q_ABC: 1.31396 Q_D:1.11356
Free deltaE: 8.67955 Phi-star: 0.580685 phi-D: 0.0123625 0
Q_ABC: 1.31407 Q_D:1.11356
Free deltaE: 8.67917 Phi-star: 0.580687 phi-D: 0.0123574 0
Q_ABC: 1.31418 Q_D:1.11355
Free deltaE: 8.67871 Phi-star: 0.580686 phi-D: 0.0123523 0
Q_ABC: 1.31428 Q_D:1.11354
Free deltaE: 8.67817 Phi-star: 0.580683 phi-D: 0.0123471 0
Q_ABC: 1.31437 Q_D:1.11354
Free deltaE: 8.67755 Phi-star: 0.580677 phi-D: 0.0123419 0
Q_ABC: 1.31447 Q_D:1.11353
Free deltaE: 8.67684 Phi-star: 0.580669 phi-D: 0.0123366 0
Q_ABC: 1.31455 Q_D:1.11352
Free deltaE: 8.67605 Phi-star: 0.580658 phi-D: 0.0123313 0
Q_ABC: 1.31463 Q_D:1.11351
Free deltaE: 8.67517 Phi-star: 0.580644 phi-D: 0.012326 0
Q_ABC: 1.31471 Q_D:1.11351
Free deltaE: 8.67421 Phi-star: 0.580628 phi-D: 0.0123206 0
Q_ABC: 1.31478 Q_D:1.1135
Free deltaE: 8.67316 Phi-star: 0.580609 phi-D: 0.0123151 0
Q_ABC: 1.31485 Q_D:1.11349
Free deltaE: 8.67202 Phi-star: 0.580587 phi-D: 0.0123096 0
Q_ABC: 1.31491 Q_D:1.11349
Free deltaE: 8.6708 Phi-star: 0.580562 phi-D: 0.0123041 0
Q_ABC: 1.31496 Q_D:1.11348
Free deltaE: 8.66949 Phi-star: 0.580535 phi-D: 0.0122985 0
Q_ABC: 1.31501 Q_D:1.11347
Free deltaE: 8.66809 Phi-star: 0.580505 phi-D: 0.0122929 0
Q_ABC: 1.31506 Q_D:1.11346
Free deltaE: 8.6666 Phi-star: 0.580473 phi-D: 0.0122872 0
Q_ABC: 1.3151 Q_D:1.11346
Free deltaE: 8.66502 Phi-star: 0.580438 phi-D: 0.0122815 0
Q_ABC: 1.31514 Q_D:1.11345
Free deltaE: 8.66336 Phi-star: 0.5804 phi-D: 0.0122758 0
Q_ABC: 1.31517 Q_D:1.11344
Free deltaE: 8.6616 Phi-star: 0.58036 phi-D: 0.01227 0
Q_ABC: 1.3152 Q_D:1.11344
Free deltaE: 8.65976 Phi-star: 0.580317 phi-D: 0.0122641 0
Q_ABC: 1.31522 Q_D:1.11343
Free deltaE: 8.65783 Phi-star: 0.580272 phi-D: 0.0122583 0
Q_ABC: 1.31524 Q_D:1.11342
Free deltaE: 8.65581 Phi-star: 0.580224 phi-D: 0.0122523 0
Q_ABC: 1.31525 Q_D:1.11341
Free deltaE: 8.6537 Phi-star: 0.580173 phi-D: 0.0122464 0
Q_ABC: 1.31526 Q_D:1.11341
Free deltaE: 8.65151 Phi-star: 0.58012 phi-D: 0.0122404 0
Q_ABC: 1.31526 Q_D:1.1134
Free deltaE: 8.64924 Phi-star: 0.580065 phi-D: 0.0122343 0
Q_ABC: 1.31526 Q_D:1.11339
Free deltaE: 8.64687 Phi-star: 0.580007 phi-D: 0.0122283 0
Q_ABC: 1.31526 Q_D:1.11339
Free deltaE: 8.64443 Phi-star: 0.579947 phi-D: 0.0122222 0
Q_ABC: 1.31525 Q_D:1.11338
Free deltaE: 8.6419 Phi-star: 0.579885 phi-D: 0.012216 0
Q_ABC: 1.31523 Q_D:1.11337
Free deltaE: 8.63929 Phi-star: 0.57982 phi-D: 0.0122098 0
Q_ABC: 1.31521 Q_D:1.11336
Free deltaE: 8.6366 Phi-star: 0.579753 phi-D: 0.0122036 0
Q_ABC: 1.31519 Q_D:1.11336
Free deltaE: 8.63383 Phi-star: 0.579684 phi-D: 0.0121974 0
Q_ABC: 1.31517 Q_D:1.11335
Free deltaE: 8.63098 Phi-star: 0.579613 phi-D: 0.0121911 0
Q_ABC: 1.31514 Q_D:1.11334
Free deltaE: 8.62805 Phi-star: 0.57954 phi-D: 0.0121848 0
Q_ABC: 1.31511 Q_D:1.11334
Free deltaE: 8.62506 Phi-star: 0.579464 phi-D: 0.0121784 0
Q_ABC: 1.31507 Q_D:1.11333
Free deltaE: 8.62199 Phi-star: 0.579387 phi-D: 0.0121721 0
Q_ABC: 1.31503 Q_D:1.11332
Free deltaE: 8.61885 Phi-star: 0.579308 phi-D: 0.0121657 0
Q_ABC: 1.31499 Q_D:1.11332
Free deltaE: 8.61564 Phi-star: 0.579227 phi-D: 0.0121592 0
Q_ABC: 1.31494 Q_D:1.11331
Free deltaE: 8.61237 Phi-star: 0.579145 phi-D: 0.0121528 0
Q_ABC: 1.31489 Q_D:1.1133
Free deltaE: 8.60903 Phi-star: 0.579061 phi-D: 0.0121463 0
Q_ABC: 1.31484 Q_D:1.1133
Free deltaE: 8.60563 Phi-star: 0.578975 phi-D: 0.0121398 0
Q_ABC: 1.31479 Q_D:1.11329
Free deltaE: 8.60217 Phi-star: 0.578888 phi-D: 0.0121333 0
Q_ABC: 1.31473 Q_D:1.11328
Free deltaE: 8.59865 Phi-star: 0.578799 phi-D: 0.0121268 0
Q_ABC: 1.31467 Q_D:1.11328
Free deltaE: 8.59508 Phi-star: 0.578709 phi-D: 0.0121202 0
Q_ABC: 1.31461 Q_D:1.11327
Free deltaE: 8.59146 Phi-star: 0.578617 phi-D: 0.0121136 0
Q_ABC: 1.31454 Q_D:1.11326
Free deltaE: 8.58779 Phi-star: 0.578524 phi-D: 0.012107 0
Q_ABC: 1.31448 Q_D:1.11326
Free deltaE: 8.58407 Phi-star: 0.578431 phi-D: 0.0121004 0
Q_ABC: 1.31441 Q_D:1.11325
Free deltaE: 8.58031 Phi-star: 0.578336 phi-D: 0.0120938 0
Q_ABC: 1.31434 Q_D:1.11325
Free deltaE: 8.5765 Phi-star: 0.57824 phi-D: 0.0120872 0
Q_ABC: 1.31427 Q_D:1.11324
Free deltaE: 8.57266 Phi-star: 0.578143 phi-D: 0.0120805 0
Q_ABC: 1.3142 Q_D:1.11323
Free deltaE: 8.56878 Phi-star: 0.578045 phi-D: 0.0120738 0
Q_ABC: 1.31413 Q_D:1.11323
Free deltaE: 8.56487 Phi-star: 0.577947 phi-D: 0.0120672 0
Q_ABC: 1.31405 Q_D:1.11322
Free deltaE: 8.56094 Phi-star: 0.577848 phi-D: 0.0120605 0
Q_ABC: 1.31398 Q_D:1.11321
Free deltaE: 8.55697 Phi-star: 0.577749 phi-D: 0.0120538 0
Q_ABC: 1.3139 Q_D:1.11321
Free deltaE: 8.55298 Phi-star: 0.577649 phi-D: 0.0120471 0
Q_ABC: 1.31382 Q_D:1.1132
Free deltaE: 8.54897 Phi-star: 0.577548 phi-D: 0.0120404 0
Q_ABC: 1.31375 Q_D:1.1132
Free deltaE: 8.54494 Phi-star: 0.577447 phi-D: 0.0120338 0
Q_ABC: 1.31367 Q_D:1.11319
Free deltaE: 8.5409 Phi-star: 0.577347 phi-D: 0.0120271 0
Q_ABC: 1.31359 Q_D:1.11319
Free deltaE: 8.53685 Phi-star: 0.577245 phi-D: 0.0120204 0
Q_ABC: 1.31352 Q_D:1.11318
Free deltaE: 8.53278 Phi-star: 0.577144 phi-D: 0.0120137 0
Q_ABC: 1.31344 Q_D:1.11317
Free deltaE: 8.52872 Phi-star: 0.577043 phi-D: 0.012007 0
Q_ABC: 1.31336 Q_D:1.11317
Free deltaE: 8.52465 Phi-star: 0.576942 phi-D: 0.0120003 0
Q_ABC: 1.31329 Q_D:1.11316
Free deltaE: 8.52058 Phi-star: 0.576842 phi-D: 0.0119937 0
Q_ABC: 1.31321 Q_D:1.11316
Free deltaE: 8.51651 Phi-star: 0.576741 phi-D: 0.011987 0
Q_ABC: 1.31314 Q_D:1.11315
Free deltaE: 8.51245 Phi-star: 0.576641 phi-D: 0.0119803 0
Q_ABC: 1.31307 Q_D:1.11315
Free deltaE: 8.5084 Phi-star: 0.576542 phi-D: 0.0119737 0
Q_ABC: 1.31299 Q_D:1.11314
Free deltaE: 8.50436 Phi-star: 0.576443 phi-D: 0.0119671 0
Q_ABC: 1.31292 Q_D:1.11314
Free deltaE: 8.50034 Phi-star: 0.576344 phi-D: 0.0119605 0
Q_ABC: 1.31286 Q_D:1.11313
Free deltaE: 8.49634 Phi-star: 0.576247 phi-D: 0.0119539 0
Q_ABC: 1.31279 Q_D:1.11313
Free deltaE: 8.49235 Phi-star: 0.57615 phi-D: 0.0119473 0
Q_ABC: 1.31272 Q_D:1.11312
Free deltaE: 8.48839 Phi-star: 0.576054 phi-D: 0.0119407 0
Q_ABC: 1.31266 Q_D:1.11312
Free deltaE: 8.48446 Phi-star: 0.575959 phi-D: 0.0119342 0
Q_ABC: 1.3126 Q_D:1.11311
Free deltaE: 8.48056 Phi-star: 0.575865 phi-D: 0.0119276 0
Q_ABC: 1.31254 Q_D:1.11311
Free deltaE: 8.47669 Phi-star: 0.575772 phi-D: 0.0119211 0
Q_ABC: 1.31249 Q_D:1.1131
Free deltaE: 8.47285 Phi-star: 0.575681 phi-D: 0.0119146 0
Q_ABC: 1.31244 Q_D:1.1131
Free deltaE: 8.46905 Phi-star: 0.57559 phi-D: 0.0119082 0
Q_ABC: 1.31239 Q_D:1.11309
Free deltaE: 8.46529 Phi-star: 0.575502 phi-D: 0.0119018 0
Q_ABC: 1.31234 Q_D:1.11309
Free deltaE: 8.46158 Phi-star: 0.575414 phi-D: 0.0118953 0
Q_ABC: 1.3123 Q_D:1.11309
Free deltaE: 8.45791 Phi-star: 0.575328 phi-D: 0.011889 0
Q_ABC: 1.31225 Q_D:1.11308
Free deltaE: 8.45428 Phi-star: 0.575244 phi-D: 0.0118826 0
Q_ABC: 1.31222 Q_D:1.11308
Free deltaE: 8.45071 Phi-star: 0.575161 phi-D: 0.0118763 0
Q_ABC: 1.31218 Q_D:1.11307
Free deltaE: 8.44719 Phi-star: 0.57508 phi-D: 0.01187 0
Q_ABC: 1.31215 Q_D:1.11307
Free deltaE: 8.44372 Phi-star: 0.575001 phi-D: 0.0118638 0
Q_ABC: 1.31213 Q_D:1.11307
Free deltaE: 8.44032 Phi-star: 0.574924 phi-D: 0.0118575 0
Q_ABC: 1.31211 Q_D:1.11306
Free deltaE: 8.43697 Phi-star: 0.574848 phi-D: 0.0118514 0
Q_ABC: 1.31209 Q_D:1.11306
Free deltaE: 8.43368 Phi-star: 0.574775 phi-D: 0.0118452 0
Q_ABC: 1.31208 Q_D:1.11306
Free deltaE: 8.43046 Phi-star: 0.574704 phi-D: 0.0118391 0
Q_ABC: 1.31207 Q_D:1.11305
Free deltaE: 8.4273 Phi-star: 0.574635 phi-D: 0.011833 0
Q_ABC: 1.31206 Q_D:1.11305
Free deltaE: 8.42421 Phi-star: 0.574568 phi-D: 0.011827 0
Q_ABC: 1.31206 Q_D:1.11305
Free deltaE: 8.4212 Phi-star: 0.574503 phi-D: 0.011821 0
Q_ABC: 1.31206 Q_D:1.11304
Free deltaE: 8.41825 Phi-star: 0.574441 phi-D: 0.011815 0
Q_ABC: 1.31207 Q_D:1.11304
Free deltaE: 8.41538 Phi-star: 0.574381 phi-D: 0.0118091 0
Q_ABC: 1.31209 Q_D:1.11304
Free deltaE: 8.41259 Phi-star: 0.574323 phi-D: 0.0118032 0
Q_ABC: 1.31211 Q_D:1.11303
Free deltaE: 8.40987 Phi-star: 0.574268 phi-D: 0.0117974 0
Q_ABC: 1.31213 Q_D:1.11303
Free deltaE: 8.40723 Phi-star: 0.574216 phi-D: 0.0117916 0
Q_ABC: 1.31216 Q_D:1.11303
Free deltaE: 8.40468 Phi-star: 0.574166 phi-D: 0.0117859 0
Q_ABC: 1.3122 Q_D:1.11302
Free deltaE: 8.40221 Phi-star: 0.574119 phi-D: 0.0117802 0
Q_ABC: 1.31224 Q_D:1.11302
Free deltaE: 8.39982 Phi-star: 0.574074 phi-D: 0.0117746 0
Q_ABC: 1.31228 Q_D:1.11302
Free deltaE: 8.39752 Phi-star: 0.574033 phi-D: 0.011769 0
Q_ABC: 1.31233 Q_D:1.11302
Free deltaE: 8.39531 Phi-star: 0.573994 phi-D: 0.0117634 0
Q_ABC: 1.31239 Q_D:1.11302
Free deltaE: 8.39319 Phi-star: 0.573958 phi-D: 0.0117579 0
Q_ABC: 1.31245 Q_D:1.11301
Free deltaE: 8.39116 Phi-star: 0.573924 phi-D: 0.0117525 0
Q_ABC: 1.31252 Q_D:1.11301
Free deltaE: 8.38923 Phi-star: 0.573894 phi-D: 0.0117471 0
Q_ABC: 1.3126 Q_D:1.11301
Free deltaE: 8.38739 Phi-star: 0.573867 phi-D: 0.0117417 0
Q_ABC: 1.31268 Q_D:1.11301
Free deltaE: 8.38565 Phi-star: 0.573842 phi-D: 0.0117364 0
Q_ABC: 1.31276 Q_D:1.11301
Free deltaE: 8.384 Phi-star: 0.573821 phi-D: 0.0117312 0
Q_ABC: 1.31286 Q_D:1.113
Free deltaE: 8.38245 Phi-star: 0.573803 phi-D: 0.011726 0
Q_ABC: 1.31295 Q_D:1.113
Free deltaE: 8.381 Phi-star: 0.573788 phi-D: 0.0117208 0
Q_ABC: 1.31306 Q_D:1.113
Free deltaE: 8.37966 Phi-star: 0.573776 phi-D: 0.0117158 0
Q_ABC: 1.31317 Q_D:1.113
Free deltaE: 8.37842 Phi-star: 0.573767 phi-D: 0.0117107 0
Q_ABC: 1.31329 Q_D:1.113
Free deltaE: 8.37728 Phi-star: 0.573761 phi-D: 0.0117058 0
Q_ABC: 1.31341 Q_D:1.113
Free deltaE: 8.37624 Phi-star: 0.573759 phi-D: 0.0117008 0
Q_ABC: 1.31354 Q_D:1.113
Free deltaE: 8.37532 Phi-star: 0.57376 phi-D: 0.011696 0
Q_ABC: 1.31368 Q_D:1.11299
Free deltaE: 8.3745 Phi-star: 0.573764 phi-D: 0.0116912 0
Q_ABC: 1.31383 Q_D:1.11299
Free deltaE: 8.37378 Phi-star: 0.573771 phi-D: 0.0116864 0
Q_ABC: 1.31398 Q_D:1.11299
Free deltaE: 8.37318 Phi-star: 0.573782 phi-D: 0.0116817 0
Q_ABC: 1.31413 Q_D:1.11299
Free deltaE: 8.37268 Phi-star: 0.573796 phi-D: 0.0116771 0
Q_ABC: 1.3143 Q_D:1.11299
Free deltaE: 8.3723 Phi-star: 0.573813 phi-D: 0.0116725 0
Q_ABC: 1.31447 Q_D:1.11299
Free deltaE: 8.37203 Phi-star: 0.573833 phi-D: 0.011668 0
Q_ABC: 1.31464 Q_D:1.11299
Free deltaE: 8.37187 Phi-star: 0.573857 phi-D: 0.0116635 0
Q_ABC: 1.31483 Q_D:1.11299
Free deltaE: 8.37182 Phi-star: 0.573885 phi-D: 0.0116591 0
Q_ABC: 1.31502 Q_D:1.11299
Free deltaE: 8.37189 Phi-star: 0.573915 phi-D: 0.0116548 0
Q_ABC: 1.31522 Q_D:1.11299
Free deltaE: 8.37206 Phi-star: 0.57395 phi-D: 0.0116505 0
Q_ABC: 1.31542 Q_D:1.11299
Free deltaE: 8.37236 Phi-star: 0.573987 phi-D: 0.0116462 0
Q_ABC: 1.31563 Q_D:1.11299
Free deltaE: 8.37277 Phi-star: 0.574028 phi-D: 0.0116421 0
Q_ABC: 1.31585 Q_D:1.11299
Free deltaE: 8.37329 Phi-star: 0.574072 phi-D: 0.0116379 0
Q_ABC: 1.31607 Q_D:1.11299
Free deltaE: 8.37393 Phi-star: 0.574119 phi-D: 0.0116339 0
Q_ABC: 1.3163 Q_D:1.11299
Free deltaE: 8.37468 Phi-star: 0.57417 phi-D: 0.0116299 0
Q_ABC: 1.31654 Q_D:1.11299
Free deltaE: 8.37555 Phi-star: 0.574224 phi-D: 0.0116259 0
Q_ABC: 1.31679 Q_D:1.11299
Free deltaE: 8.37654 Phi-star: 0.574282 phi-D: 0.011622 0
Q_ABC: 1.31704 Q_D:1.11299
Free deltaE: 8.37764 Phi-star: 0.574343 phi-D: 0.0116182 0
Q_ABC: 1.31729 Q_D:1.11299
Free deltaE: 8.37885 Phi-star: 0.574407 phi-D: 0.0116144 0
Q_ABC: 1.31756 Q_D:1.11299
Free deltaE: 8.38019 Phi-star: 0.574474 phi-D: 0.0116107 0
Q_ABC: 1.31783 Q_D:1.11299
Free deltaE: 8.38163 Phi-star: 0.574545 phi-D: 0.011607 0
Q_ABC: 1.3181 Q_D:1.11299
Free deltaE: 8.3832 Phi-star: 0.574619 phi-D: 0.0116034 0
Q_ABC: 1.31839 Q_D:1.11299
Free deltaE: 8.38488 Phi-star: 0.574696 phi-D: 0.0115999 0
Q_ABC: 1.31868 Q_D:1.11299
Free deltaE: 8.38667 Phi-star: 0.574776 phi-D: 0.0115964 0
Q_ABC: 1.31897 Q_D:1.11299
Free deltaE: 8.38857 Phi-star: 0.574859 phi-D: 0.0115929 0
Q_ABC: 1.31928 Q_D:1.11299
Free deltaE: 8.39059 Phi-star: 0.574946 phi-D: 0.0115896 0
Q_ABC: 1.31958 Q_D:1.11299
Free deltaE: 8.39272 Phi-star: 0.575035 phi-D: 0.0115862 0
Q_ABC: 1.3199 Q_D:1.11299
Free deltaE: 8.39497 Phi-star: 0.575128 phi-D: 0.0115829 0
Q_ABC: 1.32022 Q_D:1.11299
Free deltaE: 8.39732 Phi-star: 0.575223 phi-D: 0.0115797 0
Q_ABC: 1.32054 Q_D:1.113
Free deltaE: 8.39979 Phi-star: 0.575322 phi-D: 0.0115765 0
Q_ABC: 1.32088 Q_D:1.113
Free deltaE: 8.40236 Phi-star: 0.575423 phi-D: 0.0115734 0
Q_ABC: 1.32121 Q_D:1.113
Free deltaE: 8.40504 Phi-star: 0.575528 phi-D: 0.0115703 0
Q_ABC: 1.32156 Q_D:1.113
Free deltaE: 8.40783 Phi-star: 0.575635 phi-D: 0.0115673 0
Q_ABC: 1.32191 Q_D:1.113
Free deltaE: 8.41073 Phi-star: 0.575745 phi-D: 0.0115643 0
Q_ABC: 1.32226 Q_D:1.113
Free deltaE: 8.41373 Phi-star: 0.575858 phi-D: 0.0115614 0
Q_ABC: 1.32262 Q_D:1.113
Free deltaE: 8.41683 Phi-star: 0.575973 phi-D: 0.0115585 0
Q_ABC: 1.32299 Q_D:1.113
Free deltaE: 8.42004 Phi-star: 0.576091 phi-D: 0.0115557 0
Q_ABC: 1.32336 Q_D:1.113
Free deltaE: 8.42334 Phi-star: 0.576211 phi-D: 0.0115529 0
Q_ABC: 1.32373 Q_D:1.11301
Free deltaE: 8.42674 Phi-star: 0.576334 phi-D: 0.0115502 0
Q_ABC: 1.32411 Q_D:1.11301
Free deltaE: 8.43024 Phi-star: 0.57646 phi-D: 0.0115475 0
Q_ABC: 1.3245 Q_D:1.11301
Free deltaE: 8.43384 Phi-star: 0.576588 phi-D: 0.0115449 0
Q_ABC: 1.32489 Q_D:1.11301
Free deltaE: 8.43753 Phi-star: 0.576718 phi-D: 0.0115423 0
Q_ABC: 1.32528 Q_D:1.11301
Free deltaE: 8.44131 Phi-star: 0.57685 phi-D: 0.0115397 0
Q_ABC: 1.32568 Q_D:1.11301
Free deltaE: 8.44517 Phi-star: 0.576984 phi-D: 0.0115372 0
Q_ABC: 1.32608 Q_D:1.11301
Free deltaE: 8.44913 Phi-star: 0.577121 phi-D: 0.0115347 0
Q_ABC: 1.32649 Q_D:1.11301
Free deltaE: 8.45317 Phi-star: 0.577259 phi-D: 0.0115323 0
Q_ABC: 1.3269 Q_D:1.11302
Free deltaE: 8.45729 Phi-star: 0.5774 phi-D: 0.0115299 0
Q_ABC: 1.32731 Q_D:1.11302
Free deltaE: 8.46149 Phi-star: 0.577542 phi-D: 0.0115275 0
Q_ABC: 1.32773 Q_D:1.11302
Free deltaE: 8.46577 Phi-star: 0.577686 phi-D: 0.0115252 0
Q_ABC: 1.32815 Q_D:1.11302
Free deltaE: 8.47013 Phi-star: 0.577831 phi-D: 0.0115229 0
Q_ABC: 1.32857 Q_D:1.11302
Free deltaE: 8.47455 Phi-star: 0.577979 phi-D: 0.0115207 0
Q_ABC: 1.329 Q_D:1.11302
Free deltaE: 8.47905 Phi-star: 0.578128 phi-D: 0.0115185 0
Q_ABC: 1.32943 Q_D:1.11302
Free deltaE: 8.48361 Phi-star: 0.578278 phi-D: 0.0115163 0
Q_ABC: 1.32986 Q_D:1.11303
Free deltaE: 8.48823 Phi-star: 0.578429 phi-D: 0.0115141 0
Q_ABC: 1.3303 Q_D:1.11303
Free deltaE: 8.49292 Phi-star: 0.578582 phi-D: 0.011512 0
Q_ABC: 1.33073 Q_D:1.11303
Free deltaE: 8.49766 Phi-star: 0.578736 phi-D: 0.0115099 0
Q_ABC: 1.33117 Q_D:1.11303
Free deltaE: 8.50246 Phi-star: 0.578891 phi-D: 0.0115079 0
Q_ABC: 1.33161 Q_D:1.11303
Free deltaE: 8.50731 Phi-star: 0.579047 phi-D: 0.0115058 0
Q_ABC: 1.33206 Q_D:1.11303
Free deltaE: 8.51221 Phi-star: 0.579204 phi-D: 0.0115038 0
Q_ABC: 1.3325 Q_D:1.11303
Free deltaE: 8.51715 Phi-star: 0.579362 phi-D: 0.0115018 0
Q_ABC: 1.33295 Q_D:1.11304
Free deltaE: 8.52214 Phi-star: 0.57952 phi-D: 0.0114999 0
Q_ABC: 1.3334 Q_D:1.11304
Free deltaE: 8.52716 Phi-star: 0.579679 phi-D: 0.0114979 0
Q_ABC: 1.33384 Q_D:1.11304
Free deltaE: 8.53221 Phi-star: 0.579838 phi-D: 0.011496 0
Q_ABC: 1.33429 Q_D:1.11304
Free deltaE: 8.5373 Phi-star: 0.579998 phi-D: 0.0114941 0
Q_ABC: 1.33474 Q_D:1.11304
Free deltaE: 8.54241 Phi-star: 0.580158 phi-D: 0.0114923 0
Q_ABC: 1.33519 Q_D:1.11304
Free deltaE: 8.54755 Phi-star: 0.580318 phi-D: 0.0114904 0
Q_ABC: 1.33564 Q_D:1.11304
Free deltaE: 8.55271 Phi-star: 0.580479 phi-D: 0.0114886 0
Q_ABC: 1.33609 Q_D:1.11304
Free deltaE: 8.55788 Phi-star: 0.580639 phi-D: 0.0114867 0
Q_ABC: 1.33654 Q_D:1.11305
Free deltaE: 8.56306 Phi-star: 0.5808 phi-D: 0.0114849 0
Q_ABC: 1.33699 Q_D:1.11305
Free deltaE: 8.56826 Phi-star: 0.58096 phi-D: 0.0114831 0
Q_ABC: 1.33744 Q_D:1.11305
Free deltaE: 8.57345 Phi-star: 0.58112 phi-D: 0.0114814 0
Q_ABC: 1.33789 Q_D:1.11305
Free deltaE: 8.57865 Phi-star: 0.581279 phi-D: 0.0114796 0
Q_ABC: 1.33834 Q_D:1.11305
Free deltaE: 8.58384 Phi-star: 0.581438 phi-D: 0.0114778 0
Q_ABC: 1.33878 Q_D:1.11305
Free deltaE: 8.58903 Phi-star: 0.581596 phi-D: 0.0114761 0
Q_ABC: 1.33923 Q_D:1.11305
Free deltaE: 8.59421 Phi-star: 0.581754 phi-D: 0.0114743 0
Q_ABC: 1.33967 Q_D:1.11305
Free deltaE: 8.59937 Phi-star: 0.581911 phi-D: 0.0114726 0
Q_ABC: 1.34011 Q_D:1.11305
Free deltaE: 8.60451 Phi-star: 0.582067 phi-D: 0.0114709 0
Q_ABC: 1.34055 Q_D:1.11305
Free deltaE: 8.60963 Phi-star: 0.582222 phi-D: 0.0114692 0
Q_ABC: 1.34099 Q_D:1.11306
Free deltaE: 8.61472 Phi-star: 0.582376 phi-D: 0.0114674 0
Q_ABC: 1.34142 Q_D:1.11306
Free deltaE: 8.61978 Phi-star: 0.582529 phi-D: 0.0114657 0
Q_ABC: 1.34185 Q_D:1.11306
Free deltaE: 8.6248 Phi-star: 0.58268 phi-D: 0.011464 0
Q_ABC: 1.34228 Q_D:1.11306
Free deltaE: 8.62979 Phi-star: 0.58283 phi-D: 0.0114623 0
Q_ABC: 1.34271 Q_D:1.11306
Free deltaE: 8.63474 Phi-star: 0.582979 phi-D: 0.0114606 0
Q_ABC: 1.34313 Q_D:1.11306
Free deltaE: 8.63963 Phi-star: 0.583127 phi-D: 0.0114589 0
Q_ABC: 1.34355 Q_D:1.11306
Free deltaE: 8.64448 Phi-star: 0.583272 phi-D: 0.0114571 0
Q_ABC: 1.34397 Q_D:1.11306
Free deltaE: 8.64928 Phi-star: 0.583417 phi-D: 0.0114554 0
Q_ABC: 1.34438 Q_D:1.11306
Free deltaE: 8.65402 Phi-star: 0.583559 phi-D: 0.0114537 0
Q_ABC: 1.34479 Q_D:1.11306
Free deltaE: 8.6587 Phi-star: 0.5837 phi-D: 0.011452 0
Q_ABC: 1.34519 Q_D:1.11306
Free deltaE: 8.66332 Phi-star: 0.583838 phi-D: 0.0114502 0
Q_ABC: 1.3456 Q_D:1.11306
Free deltaE: 8.66787 Phi-star: 0.583975 phi-D: 0.0114485 0
Q_ABC: 1.34599 Q_D:1.11306
Free deltaE: 8.67235 Phi-star: 0.58411 phi-D: 0.0114467 0
Q_ABC: 1.34639 Q_D:1.11306
Free deltaE: 8.67675 Phi-star: 0.584242 phi-D: 0.011445 0
Q_ABC: 1.34678 Q_D:1.11306
Free deltaE: 8.68108 Phi-star: 0.584373 phi-D: 0.0114432 0
Q_ABC: 1.34716 Q_D:1.11306
Free deltaE: 8.68534 Phi-star: 0.584501 phi-D: 0.0114414 0
Q_ABC: 1.34754 Q_D:1.11306
Free deltaE: 8.68951 Phi-star: 0.584627 phi-D: 0.0114396 0
Q_ABC: 1.34791 Q_D:1.11306
Free deltaE: 8.6936 Phi-star: 0.584751 phi-D: 0.0114378 0
Q_ABC: 1.34828 Q_D:1.11306
Free deltaE: 8.6976 Phi-star: 0.584872 phi-D: 0.011436 0
Q_ABC: 1.34865 Q_D:1.11306
Free deltaE: 8.70151 Phi-star: 0.584991 phi-D: 0.0114342 0
Q_ABC: 1.34901 Q_D:1.11306
Free deltaE: 8.70533 Phi-star: 0.585107 phi-D: 0.0114323 0
Q_ABC: 1.34936 Q_D:1.11306
Free deltaE: 8.70906 Phi-star: 0.585221 phi-D: 0.0114305 0
Q_ABC: 1.34971 Q_D:1.11306
Free deltaE: 8.7127 Phi-star: 0.585333 phi-D: 0.0114286 0
Q_ABC: 1.35005 Q_D:1.11306
Free deltaE: 8.71624 Phi-star: 0.585441 phi-D: 0.0114267 0
Q_ABC: 1.35039 Q_D:1.11305
Free deltaE: 8.71968 Phi-star: 0.585547 phi-D: 0.0114248 0
Q_ABC: 1.35073 Q_D:1.11305
Free deltaE: 8.72303 Phi-star: 0.585651 phi-D: 0.0114228 0
Q_ABC: 1.35105 Q_D:1.11305
Free deltaE: 8.72627 Phi-star: 0.585752 phi-D: 0.0114209 0
Q_ABC: 1.35137 Q_D:1.11305
Free deltaE: 8.72942 Phi-star: 0.58585 phi-D: 0.0114189 0
Q_ABC: 1.35169 Q_D:1.11305
Free deltaE: 8.73246 Phi-star: 0.585945 phi-D: 0.011417 0
Q_ABC: 1.352 Q_D:1.11305
Free deltaE: 8.7354 Phi-star: 0.586038 phi-D: 0.0114149 0
Q_ABC: 1.35231 Q_D:1.11305
Free deltaE: 8.73824 Phi-star: 0.586128 phi-D: 0.0114129 0
Q_ABC: 1.3526 Q_D:1.11305
Free deltaE: 8.74098 Phi-star: 0.586215 phi-D: 0.0114109 0
Q_ABC: 1.3529 Q_D:1.11304
Free deltaE: 8.74361 Phi-star: 0.586299 phi-D: 0.0114088 0
Q_ABC: 1.35319 Q_D:1.11304
Free deltaE: 8.74614 Phi-star: 0.58638 phi-D: 0.0114067 0
Q_ABC: 1.35347 Q_D:1.11304
Free deltaE: 8.74857 Phi-star: 0.586459 phi-D: 0.0114046 0
Q_ABC: 1.35374 Q_D:1.11304
Free deltaE: 8.75089 Phi-star: 0.586535 phi-D: 0.0114025 0
Q_ABC: 1.35401 Q_D:1.11304
Free deltaE: 8.75311 Phi-star: 0.586608 phi-D: 0.0114003 0
Q_ABC: 1.35428 Q_D:1.11304
Free deltaE: 8.75523 Phi-star: 0.586678 phi-D: 0.0113981 0
Q_ABC: 1.35453 Q_D:1.11303
Free deltaE: 8.75725 Phi-star: 0.586746 phi-D: 0.0113959 0
Q_ABC: 1.35479 Q_D:1.11303
Free deltaE: 8.75917 Phi-star: 0.58681 phi-D: 0.0113937 0
Q_ABC: 1.35503 Q_D:1.11303
Free deltaE: 8.76098 Phi-star: 0.586872 phi-D: 0.0113914 0
Q_ABC: 1.35527 Q_D:1.11303
Free deltaE: 8.7627 Phi-star: 0.586931 phi-D: 0.0113891 0
Q_ABC: 1.35551 Q_D:1.11302
Free deltaE: 8.76432 Phi-star: 0.586987 phi-D: 0.0113868 0
Q_ABC: 1.35574 Q_D:1.11302
Free deltaE: 8.76584 Phi-star: 0.587041 phi-D: 0.0113845 0
Q_ABC: 1.35596 Q_D:1.11302
Free deltaE: 8.76726 Phi-star: 0.587091 phi-D: 0.0113821 0
Q_ABC: 1.35618 Q_D:1.11302
Free deltaE: 8.76859 Phi-star: 0.587139 phi-D: 0.0113798 0
Q_ABC: 1.35639 Q_D:1.11301
Free deltaE: 8.76982 Phi-star: 0.587184 phi-D: 0.0113773 0
Q_ABC: 1.3566 Q_D:1.11301
Free deltaE: 8.77096 Phi-star: 0.587226 phi-D: 0.0113749 0
Q_ABC: 1.3568 Q_D:1.11301
Free deltaE: 8.77201 Phi-star: 0.587266 phi-D: 0.0113724 0
Q_ABC: 1.35699 Q_D:1.11301
Free deltaE: 8.77296 Phi-star: 0.587303 phi-D: 0.0113699 0
Q_ABC: 1.35718 Q_D:1.113
Free deltaE: 8.77382 Phi-star: 0.587337 phi-D: 0.0113674 0
Q_ABC: 1.35736 Q_D:1.113
Free deltaE: 8.7746 Phi-star: 0.587368 phi-D: 0.0113648 0
Q_ABC: 1.35754 Q_D:1.113
Free deltaE: 8.77528 Phi-star: 0.587397 phi-D: 0.0113622 0
Q_ABC: 1.35772 Q_D:1.11299
Free deltaE: 8.77587 Phi-star: 0.587423 phi-D: 0.0113596 0
Q_ABC: 1.35788 Q_D:1.11299
Free deltaE: 8.77638 Phi-star: 0.587446 phi-D: 0.011357 0
Q_ABC: 1.35804 Q_D:1.11299
Free deltaE: 8.77679 Phi-star: 0.587467 phi-D: 0.0113543 0
Q_ABC: 1.3582 Q_D:1.11298
Free deltaE: 8.77712 Phi-star: 0.587485 phi-D: 0.0113516 0
Q_ABC: 1.35835 Q_D:1.11298
Free deltaE: 8.77737 Phi-star: 0.5875 phi-D: 0.0113488 0
Q_ABC: 1.35849 Q_D:1.11298
Free deltaE: 8.77752 Phi-star: 0.587513 phi-D: 0.0113461 0
Q_ABC: 1.35863 Q_D:1.11297
Free deltaE: 8.77759 Phi-star: 0.587523 phi-D: 0.0113433 0
Q_ABC: 1.35877 Q_D:1.11297
Free deltaE: 8.77758 Phi-star: 0.587531 phi-D: 0.0113404 0
Q_ABC: 1.3589 Q_D:1.11296
Free deltaE: 8.77748 Phi-star: 0.587536 phi-D: 0.0113375 0
Q_ABC: 1.35902 Q_D:1.11296
Free deltaE: 8.77729 Phi-star: 0.587538 phi-D: 0.0113346 0
Q_ABC: 1.35914 Q_D:1.11296
Free deltaE: 8.77701 Phi-star: 0.587538 phi-D: 0.0113317 0
Q_ABC: 1.35925 Q_D:1.11295
Free deltaE: 8.77665 Phi-star: 0.587535 phi-D: 0.0113287 0
Q_ABC: 1.35936 Q_D:1.11295
Free deltaE: 8.7762 Phi-star: 0.58753 phi-D: 0.0113257 0
Q_ABC: 1.35947 Q_D:1.11294
Free deltaE: 8.77566 Phi-star: 0.587522 phi-D: 0.0113227 0
Q_ABC: 1.35956 Q_D:1.11294
Free deltaE: 8.77503 Phi-star: 0.587512 phi-D: 0.0113196 0
Q_ABC: 1.35966 Q_D:1.11293
Free deltaE: 8.77432 Phi-star: 0.5875 phi-D: 0.0113165 0
Q_ABC: 1.35975 Q_D:1.11293
Free deltaE: 8.77351 Phi-star: 0.587485 phi-D: 0.0113134 0
Q_ABC: 1.35983 Q_D:1.11293
Free deltaE: 8.77262 Phi-star: 0.587467 phi-D: 0.0113102 0
Q_ABC: 1.35991 Q_D:1.11292
Free deltaE: 8.77163 Phi-star: 0.587447 phi-D: 0.011307 0
Q_ABC: 1.35998 Q_D:1.11292
Free deltaE: 8.77056 Phi-star: 0.587425 phi-D: 0.0113038 0
Q_ABC: 1.36005 Q_D:1.11291
Free deltaE: 8.76939 Phi-star: 0.5874 phi-D: 0.0113005 0
Q_ABC: 1.36011 Q_D:1.11291
Free deltaE: 8.76812 Phi-star: 0.587373 phi-D: 0.0112972 0
Q_ABC: 1.36017 Q_D:1.1129
Free deltaE: 8.76677 Phi-star: 0.587344 phi-D: 0.0112938 0
Q_ABC: 1.36023 Q_D:1.1129
Free deltaE: 8.76532 Phi-star: 0.587313 phi-D: 0.0112904 0
Q_ABC: 1.36028 Q_D:1.11289
Free deltaE: 8.76378 Phi-star: 0.587279 phi-D: 0.011287 0
Q_ABC: 1.36033 Q_D:1.11289
Free deltaE: 8.76214 Phi-star: 0.587243 phi-D: 0.0112836 0
Q_ABC: 1.36037 Q_D:1.11288
Free deltaE: 8.7604 Phi-star: 0.587205 phi-D: 0.0112801 0
Q_ABC: 1.36041 Q_D:1.11288
Free deltaE: 8.75857 Phi-star: 0.587164 phi-D: 0.0112766 0
Q_ABC: 1.36044 Q_D:1.11287
Free deltaE: 8.75665 Phi-star: 0.587122 phi-D: 0.011273 0
Q_ABC: 1.36047 Q_D:1.11287
Free deltaE: 8.75463 Phi-star: 0.587077 phi-D: 0.0112694 0
Q_ABC: 1.3605 Q_D:1.11286
Free deltaE: 8.75252 Phi-star: 0.587031 phi-D: 0.0112658 0
Q_ABC: 1.36052 Q_D:1.11286
Free deltaE: 8.75031 Phi-star: 0.586983 phi-D: 0.0112622 0
Q_ABC: 1.36054 Q_D:1.11285
Free deltaE: 8.748 Phi-star: 0.586932 phi-D: 0.0112585 0
Q_ABC: 1.36055 Q_D:1.11284
Free deltaE: 8.74561 Phi-star: 0.58688 phi-D: 0.0112548 0
Q_ABC: 1.36056 Q_D:1.11284
Free deltaE: 8.74312 Phi-star: 0.586826 phi-D: 0.011251 0
Q_ABC: 1.36057 Q_D:1.11283
Free deltaE: 8.74054 Phi-star: 0.58677 phi-D: 0.0112472 0
Q_ABC: 1.36058 Q_D:1.11283
Free deltaE: 8.73788 Phi-star: 0.586713 phi-D: 0.0112434 0
Q_ABC: 1.36058 Q_D:1.11282
Free deltaE: 8.73512 Phi-star: 0.586654 phi-D: 0.0112396 0
Q_ABC: 1.36058 Q_D:1.11282
Free deltaE: 8.73228 Phi-star: 0.586593 phi-D: 0.0112357 0
Q_ABC: 1.36057 Q_D:1.11281
Free deltaE: 8.72936 Phi-star: 0.586531 phi-D: 0.0112318 0
Q_ABC: 1.36057 Q_D:1.1128
Free deltaE: 8.72636 Phi-star: 0.586467 phi-D: 0.0112278 0
Q_ABC: 1.36056 Q_D:1.1128
Free deltaE: 8.72327 Phi-star: 0.586402 phi-D: 0.0112239 0
Q_ABC: 1.36055 Q_D:1.11279
Free deltaE: 8.72011 Phi-star: 0.586336 phi-D: 0.0112199 0
Q_ABC: 1.36053 Q_D:1.11279
Free deltaE: 8.71688 Phi-star: 0.586268 phi-D: 0.0112158 0
Q_ABC: 1.36052 Q_D:1.11278
Free deltaE: 8.71358 Phi-star: 0.5862 phi-D: 0.0112118 0
Q_ABC: 1.3605 Q_D:1.11277
Free deltaE: 8.71021 Phi-star: 0.58613 phi-D: 0.0112077 0
Q_ABC: 1.36048 Q_D:1.11277
Free deltaE: 8.70677 Phi-star: 0.586059 phi-D: 0.0112036 0
Q_ABC: 1.36046 Q_D:1.11276
Free deltaE: 8.70328 Phi-star: 0.585987 phi-D: 0.0111994 0
Q_ABC: 1.36043 Q_D:1.11276
Free deltaE: 8.69973 Phi-star: 0.585915 phi-D: 0.0111953 0
Q_ABC: 1.36041 Q_D:1.11275
Free deltaE: 8.69612 Phi-star: 0.585842 phi-D: 0.0111911 0
Q_ABC: 1.36038 Q_D:1.11274
Free deltaE: 8.69247 Phi-star: 0.585768 phi-D: 0.0111868 0
Q_ABC: 1.36036 Q_D:1.11274
Free deltaE: 8.68878 Phi-star: 0.585693 phi-D: 0.0111826 0
Q_ABC: 1.36033 Q_D:1.11273
Free deltaE: 8.68504 Phi-star: 0.585618 phi-D: 0.0111783 0
Q_ABC: 1.3603 Q_D:1.11272
Free deltaE: 8.68127 Phi-star: 0.585542 phi-D: 0.0111741 0
Q_ABC: 1.36027 Q_D:1.11272
Free deltaE: 8.67746 Phi-star: 0.585466 phi-D: 0.0111697 0
Q_ABC: 1.36024 Q_D:1.11271
Free deltaE: 8.67362 Phi-star: 0.58539 phi-D: 0.0111654 0
Q_ABC: 1.36022 Q_D:1.11271
Free deltaE: 8.66976 Phi-star: 0.585313 phi-D: 0.0111611 0
Q_ABC: 1.36019 Q_D:1.1127
Free deltaE: 8.66588 Phi-star: 0.585237 phi-D: 0.0111567 0
Q_ABC: 1.36016 Q_D:1.11269
Free deltaE: 8.66199 Phi-star: 0.58516 phi-D: 0.0111523 0
Q_ABC: 1.36013 Q_D:1.11269
Free deltaE: 8.65808 Phi-star: 0.585083 phi-D: 0.0111479 0
Q_ABC: 1.3601 Q_D:1.11268
Free deltaE: 8.65416 Phi-star: 0.585006 phi-D: 0.0111435 0
Q_ABC: 1.36007 Q_D:1.11267
Free deltaE: 8.65024 Phi-star: 0.584929 phi-D: 0.011139 0
Q_ABC: 1.36004 Q_D:1.11267
Free deltaE: 8.64631 Phi-star: 0.584853 phi-D: 0.0111346 0
Q_ABC: 1.36001 Q_D:1.11266
Free deltaE: 8.64239 Phi-star: 0.584776 phi-D: 0.0111301 0
Q_ABC: 1.35999 Q_D:1.11265
Free deltaE: 8.63848 Phi-star: 0.5847 phi-D: 0.0111256 0
Q_ABC: 1.35996 Q_D:1.11265
Free deltaE: 8.63457 Phi-star: 0.584625 phi-D: 0.0111211 0
Q_ABC: 1.35993 Q_D:1.11264
Free deltaE: 8.63068 Phi-star: 0.58455 phi-D: 0.0111166 0
Q_ABC: 1.35991 Q_D:1.11263
Free deltaE: 8.62681 Phi-star: 0.584475 phi-D: 0.011112 0
Q_ABC: 1.35989 Q_D:1.11263
Free deltaE: 8.62295 Phi-star: 0.584401 phi-D: 0.0111075 0
Q_ABC: 1.35986 Q_D:1.11262
Free deltaE: 8.61912 Phi-star: 0.584327 phi-D: 0.0111029 0
Q_ABC: 1.35984 Q_D:1.11261
Free deltaE: 8.61531 Phi-star: 0.584254 phi-D: 0.0110983 0
Q_ABC: 1.35982 Q_D:1.11261
Free deltaE: 8.61152 Phi-star: 0.584181 phi-D: 0.0110938 0
Q_ABC: 1.35981 Q_D:1.1126
Free deltaE: 8.60777 Phi-star: 0.58411 phi-D: 0.0110892 0
Q_ABC: 1.35979 Q_D:1.11259
Free deltaE: 8.60405 Phi-star: 0.584039 phi-D: 0.0110846 0
Q_ABC: 1.35978 Q_D:1.11259
Free deltaE: 8.60036 Phi-star: 0.583968 phi-D: 0.01108 0
Q_ABC: 1.35976 Q_D:1.11258
Free deltaE: 8.5967 Phi-star: 0.583899 phi-D: 0.0110753 0
Q_ABC: 1.35975 Q_D:1.11257
Free deltaE: 8.59308 Phi-star: 0.58383 phi-D: 0.0110707 0
Q_ABC: 1.35974 Q_D:1.11257
Free deltaE: 8.5895 Phi-star: 0.583762 phi-D: 0.0110661 0
Q_ABC: 1.35973 Q_D:1.11256
Free deltaE: 8.58596 Phi-star: 0.583695 phi-D: 0.0110615 0
Q_ABC: 1.35972 Q_D:1.11255
Free deltaE: 8.58245 Phi-star: 0.583629 phi-D: 0.0110568 0
Q_ABC: 1.35972 Q_D:1.11255
Free deltaE: 8.57899 Phi-star: 0.583564 phi-D: 0.0110522 0
Q_ABC: 1.35972 Q_D:1.11254
Free deltaE: 8.57557 Phi-star: 0.5835 phi-D: 0.0110475 0
Q_ABC: 1.35971 Q_D:1.11253
Free deltaE: 8.57219 Phi-star: 0.583437 phi-D: 0.0110429 0
Q_ABC: 1.35972 Q_D:1.11253
Free deltaE: 8.56886 Phi-star: 0.583375 phi-D: 0.0110382 0
Q_ABC: 1.35972 Q_D:1.11252
Free deltaE: 8.56556 Phi-star: 0.583313 phi-D: 0.0110336 0
Q_ABC: 1.35972 Q_D:1.11251
Free deltaE: 8.56231 Phi-star: 0.583253 phi-D: 0.0110289 0
Q_ABC: 1.35973 Q_D:1.11251
Free deltaE: 8.5591 Phi-star: 0.583194 phi-D: 0.0110242 0
Q_ABC: 1.35973 Q_D:1.1125
Free deltaE: 8.55593 Phi-star: 0.583135 phi-D: 0.0110196 0
Q_ABC: 1.35974 Q_D:1.11249
Free deltaE: 8.55281 Phi-star: 0.583078 phi-D: 0.0110149 0
Q_ABC: 1.35975 Q_D:1.11249
Free deltaE: 8.54973 Phi-star: 0.583022 phi-D: 0.0110103 0
Q_ABC: 1.35977 Q_D:1.11248
Free deltaE: 8.54669 Phi-star: 0.582966 phi-D: 0.0110056 0
Q_ABC: 1.35978 Q_D:1.11247
Free deltaE: 8.54369 Phi-star: 0.582912 phi-D: 0.011001 0
Q_ABC: 1.35979 Q_D:1.11247
Free deltaE: 8.54073 Phi-star: 0.582859 phi-D: 0.0109963 0
Q_ABC: 1.35981 Q_D:1.11246
Free deltaE: 8.53781 Phi-star: 0.582806 phi-D: 0.0109917 0
Q_ABC: 1.35983 Q_D:1.11245
Free deltaE: 8.53493 Phi-star: 0.582755 phi-D: 0.010987 0
Q_ABC: 1.35985 Q_D:1.11245
Free deltaE: 8.53208 Phi-star: 0.582704 phi-D: 0.0109824 0
Q_ABC: 1.35987 Q_D:1.11244
Free deltaE: 8.52928 Phi-star: 0.582655 phi-D: 0.0109778 0
Q_ABC: 1.3599 Q_D:1.11243
Free deltaE: 8.52651 Phi-star: 0.582607 phi-D: 0.0109731 0
Q_ABC: 1.35992 Q_D:1.11243
Free deltaE: 8.52378 Phi-star: 0.582559 phi-D: 0.0109685 0
Q_ABC: 1.35995 Q_D:1.11242
Free deltaE: 8.52108 Phi-star: 0.582513 phi-D: 0.0109639 0
Q_ABC: 1.35997 Q_D:1.11241
Free deltaE: 8.51841 Phi-star: 0.582467 phi-D: 0.0109593 0
Q_ABC: 1.36 Q_D:1.11241
Free deltaE: 8.51578 Phi-star: 0.582422 phi-D: 0.0109548 0
Q_ABC: 1.36003 Q_D:1.1124
Free deltaE: 8.51319 Phi-star: 0.582379 phi-D: 0.0109502 0
Q_ABC: 1.36006 Q_D:1.11239
Free deltaE: 8.51062 Phi-star: 0.582336 phi-D: 0.0109456 0
Q_ABC: 1.3601 Q_D:1.11239
Free deltaE: 8.50808 Phi-star: 0.582294 phi-D: 0.0109411 0
Q_ABC: 1.36013 Q_D:1.11238
Free deltaE: 8.50558 Phi-star: 0.582253 phi-D: 0.0109365 0
Q_ABC: 1.36016 Q_D:1.11237
Free deltaE: 8.5031 Phi-star: 0.582213 phi-D: 0.010932 0
Q_ABC: 1.3602 Q_D:1.11237
Free deltaE: 8.50066 Phi-star: 0.582174 phi-D: 0.0109275 0
Q_ABC: 1.36024 Q_D:1.11236
Free deltaE: 8.49824 Phi-star: 0.582135 phi-D: 0.010923 0
Q_ABC: 1.36027 Q_D:1.11235
Free deltaE: 8.49585 Phi-star: 0.582098 phi-D: 0.0109185 0
Q_ABC: 1.36031 Q_D:1.11235
Free deltaE: 8.49349 Phi-star: 0.582061 phi-D: 0.010914 0
Q_ABC: 1.36035 Q_D:1.11234
Free deltaE: 8.49115 Phi-star: 0.582026 phi-D: 0.0109096 0
Q_ABC: 1.36039 Q_D:1.11234
Free deltaE: 8.48884 Phi-star: 0.581991 phi-D: 0.0109052 0
Q_ABC: 1.36043 Q_D:1.11233
Free deltaE: 8.48656 Phi-star: 0.581957 phi-D: 0.0109007 0
Q_ABC: 1.36048 Q_D:1.11232
Free deltaE: 8.4843 Phi-star: 0.581924 phi-D: 0.0108963 0
Q_ABC: 1.36052 Q_D:1.11232
Free deltaE: 8.48206 Phi-star: 0.581891 phi-D: 0.010892 0
Q_ABC: 1.36056 Q_D:1.11231
Free deltaE: 8.47986 Phi-star: 0.58186 phi-D: 0.0108876 0
Q_ABC: 1.36061 Q_D:1.1123
Free deltaE: 8.47767 Phi-star: 0.581829 phi-D: 0.0108833 0
Q_ABC: 1.36065 Q_D:1.1123
Free deltaE: 8.47552 Phi-star: 0.581799 phi-D: 0.0108789 0
Q_ABC: 1.3607 Q_D:1.11229
Free deltaE: 8.47339 Phi-star: 0.58177 phi-D: 0.0108746 0
Q_ABC: 1.36074 Q_D:1.11228
Free deltaE: 8.47128 Phi-star: 0.581742 phi-D: 0.0108704 0
Q_ABC: 1.36079 Q_D:1.11228
Free deltaE: 8.4692 Phi-star: 0.581714 phi-D: 0.0108661 0
Q_ABC: 1.36084 Q_D:1.11227
Free deltaE: 8.46714 Phi-star: 0.581688 phi-D: 0.0108619 0
Q_ABC: 1.36088 Q_D:1.11226
Free deltaE: 8.46511 Phi-star: 0.581662 phi-D: 0.0108577 0
Q_ABC: 1.36093 Q_D:1.11226
Free deltaE: 8.46311 Phi-star: 0.581637 phi-D: 0.0108535 0
Q_ABC: 1.36098 Q_D:1.11225
Free deltaE: 8.46113 Phi-star: 0.581612 phi-D: 0.0108494 0
Q_ABC: 1.36103 Q_D:1.11225
Free deltaE: 8.45918 Phi-star: 0.581589 phi-D: 0.0108452 0
Q_ABC: 1.36108 Q_D:1.11224
Free deltaE: 8.45725 Phi-star: 0.581566 phi-D: 0.0108411 0
Q_ABC: 1.36113 Q_D:1.11223
Free deltaE: 8.45535 Phi-star: 0.581544 phi-D: 0.0108371 0
Q_ABC: 1.36118 Q_D:1.11223
Free deltaE: 8.45348 Phi-star: 0.581523 phi-D: 0.010833 0
Q_ABC: 1.36123 Q_D:1.11222
Free deltaE: 8.45164 Phi-star: 0.581502 phi-D: 0.010829 0
Q_ABC: 1.36128 Q_D:1.11221
Free deltaE: 8.44982 Phi-star: 0.581483 phi-D: 0.010825 0
Q_ABC: 1.36133 Q_D:1.11221
Free deltaE: 8.44803 Phi-star: 0.581464 phi-D: 0.010821 0
Q_ABC: 1.36138 Q_D:1.1122
Free deltaE: 8.44627 Phi-star: 0.581445 phi-D: 0.0108171 0
Q_ABC: 1.36143 Q_D:1.1122
Free deltaE: 8.44454 Phi-star: 0.581428 phi-D: 0.0108132 0
Q_ABC: 1.36148 Q_D:1.11219
Free deltaE: 8.44284 Phi-star: 0.581411 phi-D: 0.0108093 0
Q_ABC: 1.36153 Q_D:1.11218
Free deltaE: 8.44117 Phi-star: 0.581395 phi-D: 0.0108055 0
Q_ABC: 1.36158 Q_D:1.11218
Free deltaE: 8.43953 Phi-star: 0.58138 phi-D: 0.0108017 0
Q_ABC: 1.36164 Q_D:1.11217
Free deltaE: 8.43792 Phi-star: 0.581365 phi-D: 0.0107979 0
Q_ABC: 1.36169 Q_D:1.11216
Free deltaE: 8.43635 Phi-star: 0.581351 phi-D: 0.0107941 0
Q_ABC: 1.36174 Q_D:1.11216
Free deltaE: 8.4348 Phi-star: 0.581338 phi-D: 0.0107904 0
Q_ABC: 1.36179 Q_D:1.11215
Free deltaE: 8.43328 Phi-star: 0.581325 phi-D: 0.0107867 0
Q_ABC: 1.36184 Q_D:1.11215
Free deltaE: 8.4318 Phi-star: 0.581313 phi-D: 0.0107831 0
Q_ABC: 1.36189 Q_D:1.11214
Free deltaE: 8.43035 Phi-star: 0.581302 phi-D: 0.0107795 0
Q_ABC: 1.36195 Q_D:1.11213
Free deltaE: 8.42893 Phi-star: 0.581292 phi-D: 0.0107759 0
Q_ABC: 1.362 Q_D:1.11213
Free deltaE: 8.42754 Phi-star: 0.581282 phi-D: 0.0107723 0
Q_ABC: 1.36205 Q_D:1.11212
Free deltaE: 8.42618 Phi-star: 0.581273 phi-D: 0.0107688 0
Q_ABC: 1.3621 Q_D:1.11212
Free deltaE: 8.42486 Phi-star: 0.581264 phi-D: 0.0107653 0
Q_ABC: 1.36215 Q_D:1.11211
Free deltaE: 8.42357 Phi-star: 0.581256 phi-D: 0.0107619 0
Q_ABC: 1.3622 Q_D:1.1121
Free deltaE: 8.42231 Phi-star: 0.581249 phi-D: 0.0107585 0
Q_ABC: 1.36225 Q_D:1.1121
Free deltaE: 8.42109 Phi-star: 0.581242 phi-D: 0.0107551 0
Q_ABC: 1.3623 Q_D:1.11209
Free deltaE: 8.4199 Phi-star: 0.581236 phi-D: 0.0107517 0
Q_ABC: 1.36235 Q_D:1.11209
Free deltaE: 8.41874 Phi-star: 0.58123 phi-D: 0.0107484 0
Q_ABC: 1.3624 Q_D:1.11208
Free deltaE: 8.41761 Phi-star: 0.581225 phi-D: 0.0107451 0
Q_ABC: 1.36245 Q_D:1.11207
Free deltaE: 8.41651 Phi-star: 0.581221 phi-D: 0.0107419 0
Q_ABC: 1.3625 Q_D:1.11207
Free deltaE: 8.41545 Phi-star: 0.581217 phi-D: 0.0107387 0
Q_ABC: 1.36255 Q_D:1.11206
Free deltaE: 8.41442 Phi-star: 0.581213 phi-D: 0.0107355 0
Q_ABC: 1.3626 Q_D:1.11206
Free deltaE: 8.41341 Phi-star: 0.58121 phi-D: 0.0107324 0
Q_ABC: 1.36264 Q_D:1.11205
Free deltaE: 8.41244 Phi-star: 0.581208 phi-D: 0.0107293 0
Q_ABC: 1.36269 Q_D:1.11204
Free deltaE: 8.4115 Phi-star: 0.581205 phi-D: 0.0107262 0
Q_ABC: 1.36274 Q_D:1.11204
Free deltaE: 8.41059 Phi-star: 0.581204 phi-D: 0.0107232 0
Q_ABC: 1.36278 Q_D:1.11203
Free deltaE: 8.40971 Phi-star: 0.581203 phi-D: 0.0107202 0
Q_ABC: 1.36283 Q_D:1.11203
Free deltaE: 8.40886 Phi-star: 0.581202 phi-D: 0.0107173 0
Q_ABC: 1.36287 Q_D:1.11202
Free deltaE: 8.40803 Phi-star: 0.581201 phi-D: 0.0107143 0
Q_ABC: 1.36292 Q_D:1.11202
Free deltaE: 8.40724 Phi-star: 0.581201 phi-D: 0.0107115 0
Q_ABC: 1.36296 Q_D:1.11201
Free deltaE: 8.40647 Phi-star: 0.581201 phi-D: 0.0107086 0
Q_ABC: 1.363 Q_D:1.112
Free deltaE: 8.40572 Phi-star: 0.581202 phi-D: 0.0107058 0
Q_ABC: 1.36304 Q_D:1.112
Free deltaE: 8.40501 Phi-star: 0.581202 phi-D: 0.010703 0
Q_ABC: 1.36308 Q_D:1.11199
Free deltaE: 8.40431 Phi-star: 0.581203 phi-D: 0.0107003 0
Q_ABC: 1.36312 Q_D:1.11199
Free deltaE: 8.40365 Phi-star: 0.581204 phi-D: 0.0106976 0
Q_ABC: 1.36316 Q_D:1.11198
Free deltaE: 8.403 Phi-star: 0.581206 phi-D: 0.0106949 0
Q_ABC: 1.3632 Q_D:1.11197
Free deltaE: 8.40238 Phi-star: 0.581207 phi-D: 0.0106923 0
Q_ABC: 1.36323 Q_D:1.11197
Free deltaE: 8.40178 Phi-star: 0.581209 phi-D: 0.0106897 0
Q_ABC: 1.36327 Q_D:1.11196
Free deltaE: 8.40119 Phi-star: 0.581211 phi-D: 0.0106871 0
Q_ABC: 1.3633 Q_D:1.11196
Free deltaE: 8.40063 Phi-star: 0.581213 phi-D: 0.0106846 0
Q_ABC: 1.36334 Q_D:1.11195
Free deltaE: 8.40009 Phi-star: 0.581215 phi-D: 0.0106821 0
Q_ABC: 1.36337 Q_D:1.11195
Free deltaE: 8.39957 Phi-star: 0.581217 phi-D: 0.0106796 0
Q_ABC: 1.3634 Q_D:1.11194
Free deltaE: 8.39906 Phi-star: 0.581219 phi-D: 0.0106772 0
Q_ABC: 1.36343 Q_D:1.11193
Free deltaE: 8.39857 Phi-star: 0.581221 phi-D: 0.0106748 0
Q_ABC: 1.36346 Q_D:1.11193
Free deltaE: 8.39809 Phi-star: 0.581224 phi-D: 0.0106725 0
Q_ABC: 1.36349 Q_D:1.11192
Free deltaE: 8.39763 Phi-star: 0.581226 phi-D: 0.0106701 0
Q_ABC: 1.36351 Q_D:1.11192
Free deltaE: 8.39718 Phi-star: 0.581228 phi-D: 0.0106678 0
Q_ABC: 1.36354 Q_D:1.11191
Free deltaE: 8.39674 Phi-star: 0.58123 phi-D: 0.0106656 0
Q_ABC: 1.36356 Q_D:1.11191
Free deltaE: 8.39631 Phi-star: 0.581231 phi-D: 0.0106634 0
Q_ABC: 1.36358 Q_D:1.1119
Free deltaE: 8.39589 Phi-star: 0.581233 phi-D: 0.0106612 0
Q_ABC: 1.3636 Q_D:1.1119
Free deltaE: 8.39548 Phi-star: 0.581234 phi-D: 0.010659 0
Q_ABC: 1.36362 Q_D:1.11189
Free deltaE: 8.39508 Phi-star: 0.581236 phi-D: 0.0106569 0
Q_ABC: 1.36364 Q_D:1.11188
Free deltaE: 8.39468 Phi-star: 0.581237 phi-D: 0.0106548 0
Q_ABC: 1.36365 Q_D:1.11188
Free deltaE: 8.39429 Phi-star: 0.581237 phi-D: 0.0106528 0
Q_ABC: 1.36366 Q_D:1.11187
Free deltaE: 8.3939 Phi-star: 0.581238 phi-D: 0.0106507 0
Q_ABC: 1.36368 Q_D:1.11187
Free deltaE: 8.39351 Phi-star: 0.581238 phi-D: 0.0106488 0
Q_ABC: 1.36369 Q_D:1.11186
Free deltaE: 8.39313 Phi-star: 0.581238 phi-D: 0.0106468 0
Q_ABC: 1.3637 Q_D:1.11186
Free deltaE: 8.39275 Phi-star: 0.581237 phi-D: 0.0106449 0
Q_ABC: 1.3637 Q_D:1.11185
Free deltaE: 8.39237 Phi-star: 0.581236 phi-D: 0.010643 0
Q_ABC: 1.36371 Q_D:1.11185
Free deltaE: 8.39198 Phi-star: 0.581235 phi-D: 0.0106411 0
Q_ABC: 1.36371 Q_D:1.11184
Free deltaE: 8.39159 Phi-star: 0.581234 phi-D: 0.0106393 0
Q_ABC: 1.36371 Q_D:1.11183
Free deltaE: 8.3912 Phi-star: 0.581231 phi-D: 0.0106375 0
Q_ABC: 1.36371 Q_D:1.11183
Free deltaE: 8.39081 Phi-star: 0.581229 phi-D: 0.0106357 0
Q_ABC: 1.36371 Q_D:1.11182
Free deltaE: 8.39041 Phi-star: 0.581226 phi-D: 0.010634 0
Q_ABC: 1.36371 Q_D:1.11182
Free deltaE: 8.39 Phi-star: 0.581222 phi-D: 0.0106322 0
Q_ABC: 1.3637 Q_D:1.11181
Free deltaE: 8.38958 Phi-star: 0.581218 phi-D: 0.0106306 0
Q_ABC: 1.36369 Q_D:1.11181
Free deltaE: 8.38916 Phi-star: 0.581214 phi-D: 0.0106289 0
Q_ABC: 1.36368 Q_D:1.1118
Free deltaE: 8.38872 Phi-star: 0.581208 phi-D: 0.0106273 0
Q_ABC: 1.36367 Q_D:1.1118
Free deltaE: 8.38828 Phi-star: 0.581203 phi-D: 0.0106257 0
Q_ABC: 1.36366 Q_D:1.11179
Free deltaE: 8.38782 Phi-star: 0.581196 phi-D: 0.0106241 0
Q_ABC: 1.36365 Q_D:1.11178
Free deltaE: 8.38735 Phi-star: 0.58119 phi-D: 0.0106226 0
Q_ABC: 1.36363 Q_D:1.11178
Free deltaE: 8.38687 Phi-star: 0.581182 phi-D: 0.0106211 0
Q_ABC: 1.36361 Q_D:1.11177
Free deltaE: 8.38638 Phi-star: 0.581174 phi-D: 0.0106196 0
Q_ABC: 1.36359 Q_D:1.11177
Free deltaE: 8.38587 Phi-star: 0.581165 phi-D: 0.0106182 0
Q_ABC: 1.36357 Q_D:1.11176
Free deltaE: 8.38534 Phi-star: 0.581156 phi-D: 0.0106167 0
Q_ABC: 1.36354 Q_D:1.11176
Free deltaE: 8.3848 Phi-star: 0.581146 phi-D: 0.0106153 0
Q_ABC: 1.36352 Q_D:1.11175
Free deltaE: 8.38424 Phi-star: 0.581135 phi-D: 0.010614 0
Q_ABC: 1.36349 Q_D:1.11175
Free deltaE: 8.38366 Phi-star: 0.581124 phi-D: 0.0106126 0
Q_ABC: 1.36346 Q_D:1.11174
Free deltaE: 8.38307 Phi-star: 0.581112 phi-D: 0.0106113 0
Q_ABC: 1.36343 Q_D:1.11174
Free deltaE: 8.38246 Phi-star: 0.5811 phi-D: 0.01061 0
Q_ABC: 1.3634 Q_D:1.11173
Free deltaE: 8.38182 Phi-star: 0.581086 phi-D: 0.0106088 0
Q_ABC: 1.36336 Q_D:1.11173
Free deltaE: 8.38117 Phi-star: 0.581072 phi-D: 0.0106076 0
Q_ABC: 1.36333 Q_D:1.11172
Free deltaE: 8.3805 Phi-star: 0.581058 phi-D: 0.0106063 0
Q_ABC: 1.36329 Q_D:1.11172
Free deltaE: 8.37981 Phi-star: 0.581043 phi-D: 0.0106052 0
Q_ABC: 1.36325 Q_D:1.11171
Free deltaE: 8.3791 Phi-star: 0.581027 phi-D: 0.010604 0
Q_ABC: 1.36321 Q_D:1.1117
Free deltaE: 8.37837 Phi-star: 0.58101 phi-D: 0.0106029 0
Q_ABC: 1.36317 Q_D:1.1117
Free deltaE: 8.37761 Phi-star: 0.580993 phi-D: 0.0106018 0
Q_ABC: 1.36312 Q_D:1.11169
Free deltaE: 8.37684 Phi-star: 0.580975 phi-D: 0.0106007 0
Q_ABC: 1.36308 Q_D:1.11169
Free deltaE: 8.37605 Phi-star: 0.580957 phi-D: 0.0105997 0
Q_ABC: 1.36303 Q_D:1.11168
Free deltaE: 8.37523 Phi-star: 0.580937 phi-D: 0.0105986 0
Q_ABC: 1.36298 Q_D:1.11168
Free deltaE: 8.37439 Phi-star: 0.580918 phi-D: 0.0105976 0
Q_ABC: 1.36294 Q_D:1.11167
Free deltaE: 8.37354 Phi-star: 0.580897 phi-D: 0.0105967 0
Q_ABC: 1.36288 Q_D:1.11167
Free deltaE: 8.37266 Phi-star: 0.580876 phi-D: 0.0105957 0
Q_ABC: 1.36283 Q_D:1.11166
Free deltaE: 8.37176 Phi-star: 0.580855 phi-D: 0.0105948 0
Q_ABC: 1.36278 Q_D:1.11166
Free deltaE: 8.37084 Phi-star: 0.580832 phi-D: 0.0105939 0
Q_ABC: 1.36273 Q_D:1.11165
Free deltaE: 8.3699 Phi-star: 0.58081 phi-D: 0.010593 0
Q_ABC: 1.36267 Q_D:1.11165
Free deltaE: 8.36894 Phi-star: 0.580786 phi-D: 0.0105921 0
Q_ABC: 1.36262 Q_D:1.11164
Free deltaE: 8.36796 Phi-star: 0.580763 phi-D: 0.0105913 0
Q_ABC: 1.36256 Q_D:1.11164
Free deltaE: 8.36696 Phi-star: 0.580738 phi-D: 0.0105905 0
Q_ABC: 1.3625 Q_D:1.11163
Free deltaE: 8.36594 Phi-star: 0.580714 phi-D: 0.0105897 0
Q_ABC: 1.36244 Q_D:1.11163
Free deltaE: 8.36491 Phi-star: 0.580688 phi-D: 0.0105889 0
Q_ABC: 1.36238 Q_D:1.11162
Free deltaE: 8.36385 Phi-star: 0.580663 phi-D: 0.0105882 0
Q_ABC: 1.36232 Q_D:1.11162
Free deltaE: 8.36278 Phi-star: 0.580636 phi-D: 0.0105875 0
Q_ABC: 1.36226 Q_D:1.11161
Free deltaE: 8.36169 Phi-star: 0.58061 phi-D: 0.0105868 0
Q_ABC: 1.3622 Q_D:1.11161
Free deltaE: 8.36059 Phi-star: 0.580583 phi-D: 0.0105861 0
Q_ABC: 1.36214 Q_D:1.1116
Free deltaE: 8.35947 Phi-star: 0.580556 phi-D: 0.0105854 0
Q_ABC: 1.36208 Q_D:1.1116
Free deltaE: 8.35834 Phi-star: 0.580528 phi-D: 0.0105848 0
Q_ABC: 1.36202 Q_D:1.11159
Free deltaE: 8.35719 Phi-star: 0.5805 phi-D: 0.0105842 0
Q_ABC: 1.36196 Q_D:1.11159
Free deltaE: 8.35603 Phi-star: 0.580472 phi-D: 0.0105836 0
Q_ABC: 1.3619 Q_D:1.11158
Free deltaE: 8.35486 Phi-star: 0.580443 phi-D: 0.010583 0
Q_ABC: 1.36183 Q_D:1.11158
Free deltaE: 8.35367 Phi-star: 0.580415 phi-D: 0.0105824 0
Q_ABC: 1.36177 Q_D:1.11158
Free deltaE: 8.35248 Phi-star: 0.580386 phi-D: 0.0105819 0
Q_ABC: 1.36171 Q_D:1.11157
Free deltaE: 8.35127 Phi-star: 0.580357 phi-D: 0.0105814 0
